<html>
<body>
<pre>
<h1>µVision Build Log</h1>
<h2>Tool Versions:</h2>
IDE-Version: µVision V5.29.0.0
Copyright (C) 2019 ARM Ltd and ARM Germany GmbH. All rights reserved.
License Information: Udo Schader, Hochschule Coburg, LIC=P6FS9-NYD2W-D77VZ-HVN3F-0CQLW-6EJ2J
 
Tool Versions:
Toolchain:       MDK-ARM Professional  Version: 5.29.0.0
Toolchain Path:  C:\Keil_v5\ARM\ARMCC\Bin
C Compiler:      Armcc.exe V5.06 update 6 (build 750)
Assembler:       Armasm.exe V5.06 update 6 (build 750)
Linker/Locator:  ArmLink.exe V5.06 update 6 (build 750)
Library Manager: ArmAr.exe V5.06 update 6 (build 750)
Hex Converter:   FromElf.exe V5.06 update 6 (build 750)
CPU DLL:         SARMCM3.DLL V5.29.0.0
Dialog DLL:      DARMP1.DLL V1.27.0.0
Target DLL:      UL2CM3.DLL V1.163.0.0
Dialog DLL:      TARMP1.DLL V1.26.0.0
 
<h2>Project:</h2>
C:\Users\and8244s\Desktop\AEiSy\lvl4\MC_robot.uvproj
Project File Date:  06/24/2021

<h2>Output:</h2>
*** Using Compiler 'V5.06 update 6 (build 750)', folder: 'C:\Keil_v5\ARM\ARMCC\Bin'
Rebuild target 'Target 1'
assembling startup_LPC177x_8x.s...
compiling core_cm3.c...
compiling output.c...
compiling LED_P1_10_toggle.c...
compiling system_LPC177x_8x.c...
compiling main.c...
main.c(164): warning:  #188-D: enumerated type mixed with another type
  				presentation_index = pfeil_index;
main.c: 1 warning, 0 errors
compiling Motor.c...
assembling delay.s...
compiling input.c...
compiling sensor.c...
compiling lcd_display.c...
compiling compass.c...
linking...
Program Size: Code=20100 RO-data=580 RW-data=57660 ZI-data=5500  
".\Objects\p1.axf" - 0 Error(s), 1 Warning(s).
Build Time Elapsed:  00:00:01
</pre>
</body>
</html>
