<html>
<body>
<pre>
<h1>µVision Build Log</h1>
<h2>Tool Versions:</h2>
IDE-Version: µVision V5.29.0.0
Copyright (C) 2019 ARM Ltd and ARM Germany GmbH. All rights reserved.
License Information: Christof Kern, HS Coburg, LIC=----
 
Tool Versions:
Toolchain:       MDK-Lite  Version: 5.29.0.0
Toolchain Path:  e:\Keil_v5\ARM\ARMCC\Bin
C Compiler:      Armcc.exe V5.06 update 6 (build 750)
Assembler:       Armasm.exe V5.06 update 6 (build 750)
Linker/Locator:  ArmLink.exe V5.06 update 6 (build 750)
Library Manager: ArmAr.exe V5.06 update 6 (build 750)
Hex Converter:   FromElf.exe V5.06 update 6 (build 750)
CPU DLL:         SARMCM3.DLL V5.29.0.0
Dialog DLL:      DARMP1.DLL V1.27.0.0
Target DLL:      UL2CM3.DLL V1.163.0.0
Dialog DLL:      TARMP1.DLL V1.26.0.0
 
<h2>Project:</h2>
E:\OneDrive - SKF\Hochschule\6. Semester\AEiSy\AEiSy\lvl3\MC_robot.uvproj
Project File Date:  05/26/2021

<h2>Output:</h2>
*** Using Compiler 'V5.06 update 6 (build 750)', folder: 'e:\Keil_v5\ARM\ARMCC\Bin'
Rebuild target 'Target 1'
assembling startup_LPC177x_8x.s...
assembling delay.s...
compiling core_cm3.c...
compiling output.c...
compiling input.c...
compiling LED_P1_10_toggle.c...
compiling lcd_display.c...
compiling system_LPC177x_8x.c...
compiling main.c...
main.c(25): warning:  #223-D: function "get_distance" declared implicitly
  		float sl = get_distance(-1);
main.c: 1 warning, 0 errors
compiling sensor.c...
input\sensor.c(61): warning:  #1182-D: a declaration cannot have a label
  				uint32_t new_GPIO = (LPC_GPIO1->PIN & (1<<current_sensor));
input\sensor.c(19): warning:  #546-D: transfer of control bypasses initialization of:
            variable "new_GPIO"  (declared at line 61)
  		switch (state){
  		^
input\sensor.c: 2 warnings, 0 errors
linking...
Program Size: Code=6852 RO-data=436 RW-data=20 ZI-data=1660  
".\Objects\p1.axf" - 0 Error(s), 3 Warning(s).
Build Time Elapsed:  00:00:02
</pre>
</body>
</html>
