Component: ARM Compiler 5.06 update 6 (build 750) Tool: armlink [4d35ed]

==============================================================================

Section Cross References

    startup_lpc177x_8x.o(STACK) refers (Special) to heapauxi.o(.text) for __use_two_region_memory
    startup_lpc177x_8x.o(HEAP) refers (Special) to heapauxi.o(.text) for __use_two_region_memory
    startup_lpc177x_8x.o(RESET) refers (Special) to heapauxi.o(.text) for __use_two_region_memory
    startup_lpc177x_8x.o(RESET) refers to startup_lpc177x_8x.o(STACK) for __initial_sp
    startup_lpc177x_8x.o(RESET) refers to startup_lpc177x_8x.o(.text) for Reset_Handler
    startup_lpc177x_8x.o(RESET) refers to led_p1_10_toggle.o(i.SysTick_Handler) for SysTick_Handler
    startup_lpc177x_8x.o(RESET) refers to motor.o(i.EINT1_IRQHandler) for EINT1_IRQHandler
    startup_lpc177x_8x.o(RESET) refers to motor.o(i.EINT2_IRQHandler) for EINT2_IRQHandler
    startup_lpc177x_8x.o(.ARM.__at_0x02FC) refers (Special) to heapauxi.o(.text) for __use_two_region_memory
    startup_lpc177x_8x.o(.text) refers (Special) to heapauxi.o(.text) for __use_two_region_memory
    startup_lpc177x_8x.o(.text) refers to system_lpc177x_8x.o(i.SystemInit) for SystemInit
    startup_lpc177x_8x.o(.text) refers to __main.o(!!!main) for __main
    startup_lpc177x_8x.o(.text) refers to startup_lpc177x_8x.o(HEAP) for Heap_Mem
    startup_lpc177x_8x.o(.text) refers to startup_lpc177x_8x.o(STACK) for Stack_Mem
    system_lpc177x_8x.o(i.SystemCoreClockUpdate) refers to system_lpc177x_8x.o(.data) for SystemCoreClock
    main.o(i.init) refers to input.o(i.input_init) for input_init
    main.o(i.init) refers to output.o(i.output_init) for output_init
    main.o(i.main) refers to main.o(i.init) for init
    main.o(i.main) refers to lcd_display.o(i.clear_display) for clear_display
    main.o(i.main) refers to main.o(i.presentation) for presentation
    main.o(i.presentation) refers to _printf_pad.o(.text) for _printf_pre_padding
    main.o(i.presentation) refers to _printf_percent.o(.ARM.Collect$$_printf_percent$$00000000) for _printf_percent
    main.o(i.presentation) refers to _printf_f.o(.ARM.Collect$$_printf_percent$$00000003) for _printf_f
    main.o(i.presentation) refers to printf1.o(x$fpl$printf1) for _printf_fp_dec
    main.o(i.presentation) refers to _printf_d.o(.ARM.Collect$$_printf_percent$$00000009) for _printf_d
    main.o(i.presentation) refers to _printf_dec.o(.text) for _printf_int_dec
    main.o(i.presentation) refers to lcd_display.o(i.write_text) for write_text
    main.o(i.presentation) refers to delay.o(DELAY) for delayms
    main.o(i.presentation) refers to led_p1_10_toggle.o(i.get_togglee) for get_togglee
    main.o(i.presentation) refers to lcd_display.o(i.clear_display) for clear_display
    main.o(i.presentation) refers to lcd_display.o(i.draw_hs_logo) for draw_hs_logo
    main.o(i.presentation) refers to lcd_display.o(i.play_animation) for play_animation
    main.o(i.presentation) refers to lcd_display.o(i.draw_pixel) for draw_pixel
    main.o(i.presentation) refers to lcd_display.o(i.clear_pixel) for clear_pixel
    main.o(i.presentation) refers to lcd_display.o(i.draw_rectangle) for draw_rectangle
    main.o(i.presentation) refers to lcd_display.o(i.fill_rectangle) for fill_rectangle
    main.o(i.presentation) refers to lcd_display.o(i.draw_circle) for draw_circle
    main.o(i.presentation) refers to lcd_display.o(i.draw_ellipse) for draw_ellipse
    main.o(i.presentation) refers to lcd_display.o(i.fill_circle) for fill_circle
    main.o(i.presentation) refers to lcd_display.o(i.fill_ellipse) for fill_ellipse
    main.o(i.presentation) refers to sensor.o(i.get_distance) for get_distance
    main.o(i.presentation) refers to f2d.o(x$fpl$f2d) for __aeabi_f2d
    main.o(i.presentation) refers to noretval__2sprintf.o(.text) for __2sprintf
    main.o(i.presentation) refers to fdiv.o(x$fpl$fdiv) for __aeabi_fdiv
    main.o(i.presentation) refers to ffix.o(x$fpl$ffix) for __aeabi_f2iz
    main.o(i.presentation) refers to lcd_display.o(i.plot_distance) for plot_distance
    main.o(i.presentation) refers to compass.o(i.get_orientation) for get_orientation
    main.o(i.presentation) refers to compass.o(i.get_heading) for get_heading
    main.o(i.presentation) refers to fflt_clz.o(x$fpl$fflt) for __aeabi_i2f
    main.o(i.presentation) refers to compass.o(i.get_pitch) for get_pitch
    main.o(i.presentation) refers to compass.o(i.get_roll) for get_roll
    main.o(i.presentation) refers to main.o(.data) for presentation_index
    main.o(i.presentation) refers to motor.o(i.drive) for drive
    main.o(i.presentation) refers to motor.o(i.turn_centered) for turn_centered
    main.o(i.presentation) refers to motor.o(i.turn_off_centered) for turn_off_centered
    main.o(i.presentation) refers to motor.o(i.stop_motors) for stop_motors
    main.o(i.presentation) refers to motor.o(i.drive_distance) for drive_distance
[...]
    ../fplib/dleqf.s                         0x00000000   Number         0  dleqf.o ABSOLUTE
    ../fplib/dmul.s                          0x00000000   Number         0  dmul.o ABSOLUTE
    ../fplib/dnaninf.s                       0x00000000   Number         0  dnaninf.o ABSOLUTE
    ../fplib/dretinf.s                       0x00000000   Number         0  dretinf.o ABSOLUTE
    ../fplib/drleqf.s                        0x00000000   Number         0  drleqf.o ABSOLUTE
    ../fplib/drnd.s                          0x00000000   Number         0  drnd.o ABSOLUTE
    ../fplib/dsqrt.s                         0x00000000   Number         0  dsqrt_noumaal.o ABSOLUTE
    ../fplib/f2d.s                           0x00000000   Number         0  f2d.o ABSOLUTE
    ../fplib/faddsub.s                       0x00000000   Number         0  faddsub_clz.o ABSOLUTE
    ../fplib/fcmpi.s                         0x00000000   Number         0  fcmpi.o ABSOLUTE
    ../fplib/fdiv.s                          0x00000000   Number         0  fdiv.o ABSOLUTE
    ../fplib/ffix.s                          0x00000000   Number         0  ffix.o ABSOLUTE
    ../fplib/fflt.s                          0x00000000   Number         0  fflt_clz.o ABSOLUTE
    ../fplib/fleqf.s                         0x00000000   Number         0  fleqf.o ABSOLUTE
    ../fplib/fmul.s                          0x00000000   Number         0  fmul.o ABSOLUTE
    ../fplib/fnaninf.s                       0x00000000   Number         0  fnaninf.o ABSOLUTE
    ../fplib/fpinit.s                        0x00000000   Number         0  fpinit.o ABSOLUTE
    ../fplib/fretinf.s                       0x00000000   Number         0  fretinf.o ABSOLUTE
    ../fplib/frleqf.s                        0x00000000   Number         0  frleqf.o ABSOLUTE
    ../fplib/istatus.s                       0x00000000   Number         0  istatus.o ABSOLUTE
    ../fplib/printf1.s                       0x00000000   Number         0  printf1.o ABSOLUTE
    ../fplib/retnan.s                        0x00000000   Number         0  retnan.o ABSOLUTE
    ../fplib/scalbn.s                        0x00000000   Number         0  scalbn.o ABSOLUTE
    ../fplib/trapv.s                         0x00000000   Number         0  trapv.o ABSOLUTE
    ../fplib/usenofp.s                       0x00000000   Number         0  usenofp.o ABSOLUTE
    ../mathlib/dunder.c                      0x00000000   Number         0  dunder.o ABSOLUTE
    ../mathlib/fpclassify.c                  0x00000000   Number         0  fpclassify.o ABSOLUTE
    ../mathlib/poly.c                        0x00000000   Number         0  poly.o ABSOLUTE
    ../mathlib/pow.c                         0x00000000   Number         0  pow_x.o ABSOLUTE
    ../mathlib/pow.c                         0x00000000   Number         0  pow.o ABSOLUTE
    ../mathlib/qnan.c                        0x00000000   Number         0  qnan.o ABSOLUTE
    ../mathlib/round.c                       0x00000000   Number         0  round.o ABSOLUTE
    ../mathlib/sqrt.c                        0x00000000   Number         0  sqrt.o ABSOLUTE
    ../mathlib/sqrt.c                        0x00000000   Number         0  sqrt_x.o ABSOLUTE
    Output\Motor.c                           0x00000000   Number         0  motor.o ABSOLUTE
    Output\\Motor.c                          0x00000000   Number         0  motor.o ABSOLUTE
    Output\\lcd_display.c                    0x00000000   Number         0  lcd_display.o ABSOLUTE
    Output\lcd_display.c                     0x00000000   Number         0  lcd_display.o ABSOLUTE
    Output\output.c                          0x00000000   Number         0  output.o ABSOLUTE
    Utilities\LED_P1_10_toggle.c             0x00000000   Number         0  led_p1_10_toggle.o ABSOLUTE
    Utilities\\LED_P1_10_toggle.c            0x00000000   Number         0  led_p1_10_toggle.o ABSOLUTE
    Utilities\delay.s                        0x00000000   Number         0  delay.o ABSOLUTE
    core_cm3.c                               0x00000000   Number         0  core_cm3.o ABSOLUTE
    dc.s                                     0x00000000   Number         0  dc.o ABSOLUTE
    input\\compass.c                         0x00000000   Number         0  compass.o ABSOLUTE
    input\\sensor.c                          0x00000000   Number         0  sensor.o ABSOLUTE
    input\compass.c                          0x00000000   Number         0  compass.o ABSOLUTE
    input\input.c                            0x00000000   Number         0  input.o ABSOLUTE
    input\sensor.c                           0x00000000   Number         0  sensor.o ABSOLUTE
    main.c                                   0x00000000   Number         0  main.o ABSOLUTE
    main.c                                   0x00000000   Number         0  main.o ABSOLUTE
    startup_LPC177x_8x.s                     0x00000000   Number         0  startup_lpc177x_8x.o ABSOLUTE
    system_LPC177x_8x.c                      0x00000000   Number         0  system_lpc177x_8x.o ABSOLUTE
    system_LPC177x_8x.c                      0x00000000   Number         0  system_lpc177x_8x.o ABSOLUTE
    !!!main                                  0x000000e4   Section        8  __main.o(!!!main)
    !!!scatter                               0x000000ec   Section       52  __scatter.o(!!!scatter)
    !!dczerorl2                              0x00000120   Section       90  __dczerorl2.o(!!dczerorl2)
    !!handler_zi                             0x0000017c   Section       28  __scatter_zi.o(!!handler_zi)
    .ARM.Collect$$_printf_percent$$00000000  0x00000198   Section        0  _printf_percent.o(.ARM.Collect$$_printf_percent$$00000000)
    .ARM.Collect$$_printf_percent$$00000003  0x00000198   Section        6  _printf_f.o(.ARM.Collect$$_printf_percent$$00000003)
    .ARM.Collect$$_printf_percent$$00000009  0x0000019e   Section        6  _printf_d.o(.ARM.Collect$$_printf_percent$$00000009)
    .ARM.Collect$$_printf_percent$$00000017  0x000001a4   Section        4  _printf_percent_end.o(.ARM.Collect$$_printf_percent$$00000017)
    .ARM.Collect$$libinit$$00000000          0x000001a8   Section        2  libinit.o(.ARM.Collect$$libinit$$00000000)
    .ARM.Collect$$libinit$$00000002          0x000001aa   Section        0  libinit2.o(.ARM.Collect$$libinit$$00000002)
    .ARM.Collect$$libinit$$00000004          0x000001aa   Section        0  libinit2.o(.ARM.Collect$$libinit$$00000004)
    .ARM.Collect$$libinit$$0000000A          0x000001aa   Section        0  libinit2.o(.ARM.Collect$$libinit$$0000000A)
    .ARM.Collect$$libinit$$0000000C          0x000001aa   Section        0  libinit2.o(.ARM.Collect$$libinit$$0000000C)
    .ARM.Collect$$libinit$$0000000E          0x000001aa   Section        0  libinit2.o(.ARM.Collect$$libinit$$0000000E)
    .ARM.Collect$$libinit$$0000000F          0x000001aa   Section        6  libinit2.o(.ARM.Collect$$libinit$$0000000F)
    .ARM.Collect$$libinit$$00000011          0x000001b0   Section        0  libinit2.o(.ARM.Collect$$libinit$$00000011)
    .ARM.Collect$$libinit$$00000013          0x000001b0   Section        0  libinit2.o(.ARM.Collect$$libinit$$00000013)
    .ARM.Collect$$libinit$$00000015          0x000001b0   Section        0  libinit2.o(.ARM.Collect$$libinit$$00000015)
    .ARM.Collect$$libinit$$00000016          0x000001b0   Section       10  libinit2.o(.ARM.Collect$$libinit$$00000016)
    .ARM.Collect$$libinit$$00000017          0x000001ba   Section        0  libinit2.o(.ARM.Collect$$libinit$$00000017)
    .ARM.Collect$$libinit$$00000019          0x000001ba   Section        0  libinit2.o(.ARM.Collect$$libinit$$00000019)
    .ARM.Collect$$libinit$$0000001B          0x000001ba   Section        0  libinit2.o(.ARM.Collect$$libinit$$0000001B)
    .ARM.Collect$$libinit$$0000001D          0x000001ba   Section        0  libinit2.o(.ARM.Collect$$libinit$$0000001D)
    .ARM.Collect$$libinit$$0000001F          0x000001ba   Section        0  libinit2.o(.ARM.Collect$$libinit$$0000001F)
    .ARM.Collect$$libinit$$00000021          0x000001ba   Section        0  libinit2.o(.ARM.Collect$$libinit$$00000021)
    .ARM.Collect$$libinit$$00000023          0x000001ba   Section        0  libinit2.o(.ARM.Collect$$libinit$$00000023)
    .ARM.Collect$$libinit$$00000025          0x000001ba   Section        0  libinit2.o(.ARM.Collect$$libinit$$00000025)
    .ARM.Collect$$libinit$$0000002C          0x000001ba   Section        0  libinit2.o(.ARM.Collect$$libinit$$0000002C)
    .ARM.Collect$$libinit$$0000002E          0x000001ba   Section        0  libinit2.o(.ARM.Collect$$libinit$$0000002E)
    .ARM.Collect$$libinit$$00000030          0x000001ba   Section        0  libinit2.o(.ARM.Collect$$libinit$$00000030)
    .ARM.Collect$$libinit$$00000032          0x000001ba   Section        0  libinit2.o(.ARM.Collect$$libinit$$00000032)
    .ARM.Collect$$libinit$$00000033          0x000001ba   Section        2  libinit2.o(.ARM.Collect$$libinit$$00000033)
    .ARM.Collect$$libshutdown$$00000000      0x000001bc   Section        2  libshutdown.o(.ARM.Collect$$libshutdown$$00000000)
    .ARM.Collect$$libshutdown$$00000002      0x000001be   Section        0  libshutdown2.o(.ARM.Collect$$libshutdown$$00000002)
    .ARM.Collect$$libshutdown$$00000004      0x000001be   Section        0  libshutdown2.o(.ARM.Collect$$libshutdown$$00000004)
    .ARM.Collect$$libshutdown$$00000007      0x000001be   Section        0  libshutdown2.o(.ARM.Collect$$libshutdown$$00000007)
    .ARM.Collect$$libshutdown$$0000000A      0x000001be   Section        0  libshutdown2.o(.ARM.Collect$$libshutdown$$0000000A)
    .ARM.Collect$$libshutdown$$0000000C      0x000001be   Section        0  libshutdown2.o(.ARM.Collect$$libshutdown$$0000000C)
    .ARM.Collect$$libshutdown$$0000000F      0x000001be   Section        0  libshutdown2.o(.ARM.Collect$$libshutdown$$0000000F)
    .ARM.Collect$$libshutdown$$00000010      0x000001be   Section        2  libshutdown2.o(.ARM.Collect$$libshutdown$$00000010)
    .ARM.Collect$$rtentry$$00000000          0x000001c0   Section        0  __rtentry.o(.ARM.Collect$$rtentry$$00000000)
    .ARM.Collect$$rtentry$$00000002          0x000001c0   Section        0  __rtentry2.o(.ARM.Collect$$rtentry$$00000002)
    .ARM.Collect$$rtentry$$00000004          0x000001c0   Section        6  __rtentry4.o(.ARM.Collect$$rtentry$$00000004)
    .ARM.Collect$$rtentry$$00000009          0x000001c6   Section        0  __rtentry2.o(.ARM.Collect$$rtentry$$00000009)
    .ARM.Collect$$rtentry$$0000000A          0x000001c6   Section        4  __rtentry2.o(.ARM.Collect$$rtentry$$0000000A)
    .ARM.Collect$$rtentry$$0000000C          0x000001ca   Section        0  __rtentry2.o(.ARM.Collect$$rtentry$$0000000C)
    .ARM.Collect$$rtentry$$0000000D          0x000001ca   Section        8  __rtentry2.o(.ARM.Collect$$rtentry$$0000000D)
    .ARM.Collect$$rtexit$$00000000           0x000001d2   Section        2  rtexit.o(.ARM.Collect$$rtexit$$00000000)
    .ARM.Collect$$rtexit$$00000002           0x000001d4   Section        0  rtexit2.o(.ARM.Collect$$rtexit$$00000002)
    .ARM.Collect$$rtexit$$00000003           0x000001d4   Section        4  rtexit2.o(.ARM.Collect$$rtexit$$00000003)
    .ARM.Collect$$rtexit$$00000004           0x000001d8   Section        6  rtexit2.o(.ARM.Collect$$rtexit$$00000004)
    .text                                    0x000001e0   Section       64  startup_lpc177x_8x.o(.text)
    .text                                    0x00000220   Section        0  noretval__2sprintf.o(.text)
    .text                                    0x00000248   Section        0  _printf_pad.o(.text)
    .text                                    0x00000296   Section        0  heapauxi.o(.text)
    .text                                    0x0000029c   Section        0  _rserrno.o(.text)
    .text                                    0x000002b4   Section        0  _printf_char_common.o(.text)
    _printf_input_char                       0x000002b5   Thumb Code    10  _printf_char_common.o(.text)
    .text                                    0x000002e4   Section        0  _sputc.o(.text)
    .text                                    0x000002f0   Section        8  rt_locale_intlibspace.o(.text)
    .text                                    0x000002f8   Section        2  use_no_semi.o(.text)
    .text                                    0x000002fa   Section        0  indicate_semi.o(.text)
    x$fpl$usenofp                            0x000002fa   Section        0  usenofp.o(x$fpl$usenofp)
    .ARM.__at_0x02FC                         0x000002fc   Section        4  startup_lpc177x_8x.o(.ARM.__at_0x02FC)
    .text                                    0x00000300   Section        0  _printf_dec.o(.text)
    .text                                    0x00000378   Section        0  __printf_wp.o(.text)
    .text                                    0x00000486   Section        0  _printf_intcommon.o(.text)
    .text                                    0x00000538   Section        0  _printf_fp_dec.o(.text)
    _fp_digits                               0x0000053b   Thumb Code   432  _printf_fp_dec.o(.text)
    .text                                    0x00000958   Section        8  rt_errno_addr_intlibspace.o(.text)
    .text                                    0x00000960   Section      138  lludiv10.o(.text)
    .text                                    0x000009ec   Section        0  _printf_fp_infnan.o(.text)
    .text                                    0x00000a6c   Section        0  bigflt0.o(.text)
    .text                                    0x00000b50   Section        8  libspace.o(.text)
    .text                                    0x00000b58   Section       74  sys_stackheap_outer.o(.text)
    .text                                    0x00000ba2   Section        0  exit.o(.text)
    .text                                    0x00000bb4   Section      128  strcmpv7m.o(.text)
    .text                                    0x00000c34   Section        0  sys_exit.o(.text)
    CL$$btod_d2e                             0x00000c40   Section       62  btod.o(CL$$btod_d2e)
    CL$$btod_d2e_denorm_low                  0x00000c7e   Section       70  btod.o(CL$$btod_d2e_denorm_low)
    CL$$btod_d2e_norm_op1                    0x00000cc4   Section       96  btod.o(CL$$btod_d2e_norm_op1)
    CL$$btod_div_common                      0x00000d24   Section      824  btod.o(CL$$btod_div_common)
    CL$$btod_e2e                             0x0000105c   Section      220  btod.o(CL$$btod_e2e)
    CL$$btod_ediv                            0x00001138   Section       42  btod.o(CL$$btod_ediv)
    CL$$btod_emul                            0x00001162   Section       42  btod.o(CL$$btod_emul)
    CL$$btod_mult_common                     0x0000118c   Section      580  btod.o(CL$$btod_mult_common)
    DELAY                                    0x000013d0   Section       32  delay.o(DELAY)
    i.CounterLeft                            0x000013f0   Section        0  motor.o(i.CounterLeft)
    i.CounterRight                           0x000013fc   Section        0  motor.o(i.CounterRight)
    i.EINT1_IRQHandler                       0x00001408   Section        0  motor.o(i.EINT1_IRQHandler)
    i.EINT2_IRQHandler                       0x00001430   Section        0  motor.o(i.EINT2_IRQHandler)
    i.NVIC_EnableIRQ                         0x00001458   Section        0  motor.o(i.NVIC_EnableIRQ)
    NVIC_EnableIRQ                           0x00001459   Thumb Code    22  motor.o(i.NVIC_EnableIRQ)
    i.Regler                                 0x00001470   Section        0  motor.o(i.Regler)
    i.SysTick_Handler                        0x000014f0   Section        0  led_p1_10_toggle.o(i.SysTick_Handler)
    i.SystemInit                             0x0000157c   Section        0  system_lpc177x_8x.o(i.SystemInit)
    i.__ARM_fpclassify                       0x00001654   Section        0  fpclassify.o(i.__ARM_fpclassify)
    i.__kernel_poly                          0x0000167c   Section        0  poly.o(i.__kernel_poly)
    i.__mathlib_dbl_divzero                  0x00001728   Section        0  dunder.o(i.__mathlib_dbl_divzero)
    i.__mathlib_dbl_infnan2                  0x00001738   Section        0  dunder.o(i.__mathlib_dbl_infnan2)
    i.__mathlib_dbl_invalid                  0x0000173c   Section        0  dunder.o(i.__mathlib_dbl_invalid)
    i.__mathlib_dbl_overflow                 0x00001748   Section        0  dunder.o(i.__mathlib_dbl_overflow)
    i.__mathlib_dbl_underflow                0x00001758   Section        0  dunder.o(i.__mathlib_dbl_underflow)
    i._is_digit                              0x00001768   Section        0  __printf_wp.o(i._is_digit)
    i.check_status                           0x00001778   Section        0  lcd_display.o(i.check_status)
    i.clear_display                          0x00001790   Section        0  lcd_display.o(i.clear_display)
    i.clear_pixel                            0x000017d0   Section        0  lcd_display.o(i.clear_pixel)
    i.clear_rectangle                        0x00001812   Section        0  lcd_display.o(i.clear_rectangle)
    i.compass_init                           0x00001848   Section        0  compass.o(i.compass_init)
    i.display_init                           0x000018c0   Section        0  lcd_display.o(i.display_init)
    i.draw_bitmap                            0x00001aa4   Section        0  lcd_display.o(i.draw_bitmap)
    i.draw_circle                            0x00001ac8   Section        0  lcd_display.o(i.draw_circle)
    i.draw_ellipse                           0x00001b72   Section        0  lcd_display.o(i.draw_ellipse)
    i.draw_hs_logo                           0x00001ca8   Section        0  lcd_display.o(i.draw_hs_logo)
    i.draw_pixel                             0x00001cbc   Section        0  lcd_display.o(i.draw_pixel)
    i.draw_rectangle                         0x00001d0e   Section        0  lcd_display.o(i.draw_rectangle)
    i.drive                                  0x00001d60   Section        0  motor.o(i.drive)
    i.drive_degree                           0x00001d98   Section        0  motor.o(i.drive_degree)
    i.drive_distance                         0x00001f54   Section        0  motor.o(i.drive_distance)
    i.fill_circle                            0x00002110   Section        0  lcd_display.o(i.fill_circle)
    i.fill_ellipse                           0x000021ba   Section        0  lcd_display.o(i.fill_ellipse)
    i.fill_rectangle                         0x000022f0   Section        0  lcd_display.o(i.fill_rectangle)
    i.get_distance                           0x00002324   Section        0  sensor.o(i.get_distance)
    i.get_heading                            0x00002404   Section        0  compass.o(i.get_heading)
    i.get_orientation                        0x00002410   Section        0  compass.o(i.get_orientation)
    i.get_pitch                              0x00002490   Section        0  compass.o(i.get_pitch)
    i.get_roll                               0x0000249c   Section        0  compass.o(i.get_roll)
    i.get_togglee                            0x000024a8   Section        0  led_p1_10_toggle.o(i.get_togglee)
    i.init                                   0x000024b4   Section        0  main.o(i.init)
    i.input_init                             0x000024f4   Section        0  input.o(i.input_init)
    i.main                                   0x00002500   Section        0  main.o(i.main)
    i.motor_init                             0x0000250c   Section        0  motor.o(i.motor_init)
    i.myabs                                  0x00002580   Section        0  motor.o(i.myabs)
    i.odometer_init                          0x000025a0   Section        0  motor.o(i.odometer_init)
    i.output_init                            0x000025d8   Section        0  output.o(i.output_init)
    i.play_animation                         0x000025e8   Section        0  lcd_display.o(i.play_animation)
    i.plot_distance                          0x00002620   Section        0  lcd_display.o(i.plot_distance)
    i.pow                                    0x00002644   Section        0  pow.o(i.pow)
    i.presentation                           0x0000301c   Section        0  main.o(i.presentation)
    i.reset_Regler                           0x0000385c   Section        0  motor.o(i.reset_Regler)
    i.round                                  0x00003868   Section        0  round.o(i.round)
    i.send_command_0                         0x000038fc   Section        0  lcd_display.o(i.send_command_0)
    i.send_command_1                         0x00003914   Section        0  lcd_display.o(i.send_command_1)
    i.send_command_2                         0x0000393c   Section        0  lcd_display.o(i.send_command_2)
    i.sensor_init                            0x00003978   Section        0  sensor.o(i.sensor_init)
    i.set_direction                          0x000039a8   Section        0  motor.o(i.set_direction)
    i.sqrt                                   0x00003a08   Section        0  sqrt.o(i.sqrt)
    i.stop_motors                            0x00003a54   Section        0  motor.o(i.stop_motors)
    i.toggle_LED                             0x00003a80   Section        0  led_p1_10_toggle.o(i.toggle_LED)
    i.turn_centered                          0x00003aac   Section        0  motor.o(i.turn_centered)
    i.turn_off_centered                      0x00003ae4   Section        0  motor.o(i.turn_off_centered)
    i.write_text                             0x00003b08   Section        0  lcd_display.o(i.write_text)
    locale$$code                             0x00003b44   Section       44  lc_numeric_c.o(locale$$code)
    x$fpl$d2f                                0x00003b70   Section       98  d2f.o(x$fpl$d2f)
    x$fpl$dadd                               0x00003bd4   Section      336  daddsub_clz.o(x$fpl$dadd)
    _dadd1                                   0x00003be5   Thumb Code     0  daddsub_clz.o(x$fpl$dadd)
    x$fpl$dcheck1                            0x00003d24   Section       16  dcheck1.o(x$fpl$dcheck1)
    x$fpl$dcmpinf                            0x00003d34   Section       24  dcmpi.o(x$fpl$dcmpinf)
    x$fpl$ddiv                               0x00003d4c   Section      688  ddiv.o(x$fpl$ddiv)
    ddiv_entry                               0x00003d53   Thumb Code     0  ddiv.o(x$fpl$ddiv)
    x$fpl$deqf                               0x00003ffc   Section      120  deqf.o(x$fpl$deqf)
    x$fpl$dflt                               0x00004074   Section       46  dflt_clz.o(x$fpl$dflt)
    x$fpl$dleqf                              0x000040a4   Section      120  dleqf.o(x$fpl$dleqf)
    x$fpl$dmul                               0x0000411c   Section      340  dmul.o(x$fpl$dmul)
    x$fpl$dnaninf                            0x00004270   Section      156  dnaninf.o(x$fpl$dnaninf)
    x$fpl$dretinf                            0x0000430c   Section       12  dretinf.o(x$fpl$dretinf)
    x$fpl$drleqf                             0x00004318   Section      108  drleqf.o(x$fpl$drleqf)
    x$fpl$drnd                               0x00004384   Section      180  drnd.o(x$fpl$drnd)
    x$fpl$drsb                               0x00004438   Section       22  daddsub_clz.o(x$fpl$drsb)
    x$fpl$dsqrt                              0x00004450   Section      460  dsqrt_noumaal.o(x$fpl$dsqrt)
    x$fpl$dsub                               0x0000461c   Section      468  daddsub_clz.o(x$fpl$dsub)
    _dsub1                                   0x0000462d   Thumb Code     0  daddsub_clz.o(x$fpl$dsub)
    x$fpl$f2d                                0x000047f0   Section       86  f2d.o(x$fpl$f2d)
    x$fpl$fadd                               0x00004848   Section      196  faddsub_clz.o(x$fpl$fadd)
    _fadd1                                   0x00004857   Thumb Code     0  faddsub_clz.o(x$fpl$fadd)
    x$fpl$fcmpinf                            0x0000490c   Section       24  fcmpi.o(x$fpl$fcmpinf)
    x$fpl$fdiv                               0x00004924   Section      388  fdiv.o(x$fpl$fdiv)
    _fdiv1                                   0x00004925   Thumb Code     0  fdiv.o(x$fpl$fdiv)
    x$fpl$ffix                               0x00004aa8   Section       54  ffix.o(x$fpl$ffix)
    x$fpl$fflt                               0x00004ae0   Section       48  fflt_clz.o(x$fpl$fflt)
    x$fpl$fleqf                              0x00004b10   Section      104  fleqf.o(x$fpl$fleqf)
    x$fpl$fmul                               0x00004b78   Section      258  fmul.o(x$fpl$fmul)
    x$fpl$fnaninf                            0x00004c7a   Section      140  fnaninf.o(x$fpl$fnaninf)
    x$fpl$fretinf                            0x00004d06   Section       10  fretinf.o(x$fpl$fretinf)
    x$fpl$frleqf                             0x00004d10   Section       98  frleqf.o(x$fpl$frleqf)
    x$fpl$frsb                               0x00004d72   Section       20  faddsub_clz.o(x$fpl$frsb)
    x$fpl$fsub                               0x00004d88   Section      234  faddsub_clz.o(x$fpl$fsub)
    _fsub1                                   0x00004d97   Thumb Code     0  faddsub_clz.o(x$fpl$fsub)
    x$fpl$printf1                            0x00004e72   Section        4  printf1.o(x$fpl$printf1)
    x$fpl$retnan                             0x00004e76   Section      100  retnan.o(x$fpl$retnan)
    x$fpl$scalbn                             0x00004eda   Section       92  scalbn.o(x$fpl$scalbn)
    x$fpl$trapveneer                         0x00004f36   Section       48  trapv.o(x$fpl$trapveneer)
    .constdata                               0x00004f68   Section      136  pow.o(.constdata)
    bp                                       0x00004f68   Data          16  pow.o(.constdata)
    dp_h                                     0x00004f78   Data          16  pow.o(.constdata)
    dp_l                                     0x00004f88   Data          16  pow.o(.constdata)
    L                                        0x00004f98   Data          48  pow.o(.constdata)
    P                                        0x00004fc8   Data          40  pow.o(.constdata)
    .constdata                               0x00004ff0   Section        8  qnan.o(.constdata)
    .constdata                               0x00004ff8   Section      148  bigflt0.o(.constdata)
    tenpwrs_x                                0x00004ff8   Data          60  bigflt0.o(.constdata)
    tenpwrs_i                                0x00005034   Data          64  bigflt0.o(.constdata)
    locale$$data                             0x000050ac   Section       28  lc_numeric_c.o(locale$$data)
    __lcnum_c_name                           0x000050b0   Data           2  lc_numeric_c.o(locale$$data)
    __lcnum_c_start                          0x000050b8   Data           0  lc_numeric_c.o(locale$$data)
    __lcnum_c_point                          0x000050c4   Data           0  lc_numeric_c.o(locale$$data)
    __lcnum_c_thousands                      0x000050c6   Data           0  lc_numeric_c.o(locale$$data)
    __lcnum_c_grouping                       0x000050c7   Data           0  lc_numeric_c.o(locale$$data)
    __lcnum_c_end                            0x000050c8   Data           0  lc_numeric_c.o(locale$$data)
    .data                                    0x10000000   Section        1  main.o(.data)
    .data                                    0x10000004   Section       28  led_p1_10_toggle.o(.data)
    togglee                                  0x10000008   Data           1  led_p1_10_toggle.o(.data)
    toggleee                                 0x10000009   Data           1  led_p1_10_toggle.o(.data)
    old_counter_right                        0x1000000c   Data           4  led_p1_10_toggle.o(.data)
    old_counter_left                         0x10000010   Data           4  led_p1_10_toggle.o(.data)
    current_counter_right                    0x10000014   Data           4  led_p1_10_toggle.o(.data)
    current_counter_left                     0x10000018   Data           4  led_p1_10_toggle.o(.data)
    speed                                    0x1000001c   Data           4  led_p1_10_toggle.o(.data)
    .data                                    0x10000020   Section       20  motor.o(.data)
    Abweichung                               0x10000030   Data           4  motor.o(.data)
    .data                                    0x10000034   Section    57600  lcd_display.o(.data)
    .data                                    0x1000e134   Section        6  compass.o(.data)
    .bss                                     0x1000e13c   Section     3840  lcd_display.o(.bss)
    .bss                                     0x1000f03c   Section       24  sensor.o(.bss)
    .bss                                     0x1000f054   Section       96  libspace.o(.bss)
    HEAP                                     0x1000f0b8   Section     1024  startup_lpc177x_8x.o(HEAP)
    Heap_Mem                                 0x1000f0b8   Data        1024  startup_lpc177x_8x.o(HEAP)
    STACK                                    0x1000f4b8   Section      512  startup_lpc177x_8x.o(STACK)
    Stack_Mem                                0x1000f4b8   Data         512  startup_lpc177x_8x.o(STACK)
    __initial_sp                             0x1000f6b8   Data           0  startup_lpc177x_8x.o(STACK)

    Global Symbols

    Symbol Name                              Value     Ov Type        Size  Object(Section)

    BuildAttributes$$THM_ISAv4$P$D$K$B$S$PE$A:L22UL41UL21$X:L11$S22US41US21$IEEE1$IW$USESV6$~STKCKD$USESV7$~SHL$OTIME$ROPI$IEEEX$EBA8$UX$STANDARDLIB$REQ8$EABIv2 0x00000000   Number         0  anon$$obj.o ABSOLUTE
    __ARM_use_no_argv                        0x00000000   Number         0  main.o ABSOLUTE
    __Vectors                                0x00000000   Data           4  startup_lpc177x_8x.o(RESET)
    _printf_flags                            0x00000000   Number         0  printf_stubs.o ABSOLUTE
    _printf_return_value                     0x00000000   Number         0  printf_stubs.o ABSOLUTE
    _printf_sizespec                         0x00000000   Number         0  printf_stubs.o ABSOLUTE
    _printf_widthprec                        0x00000000   Number         0  printf_stubs.o ABSOLUTE
    __ARM_exceptions_init                     - Undefined Weak Reference
    __alloca_initialize                       - Undefined Weak Reference
    __arm_preinit_                            - Undefined Weak Reference
    __cpp_initialize__aeabi_                  - Undefined Weak Reference
    __cxa_finalize                            - Undefined Weak Reference
    __sigvec_lookup                           - Undefined Weak Reference
    _atexit_init                              - Undefined Weak Reference
    _call_atexit_fns                          - Undefined Weak Reference
    _clock_init                               - Undefined Weak Reference
    _fp_trap_init                             - Undefined Weak Reference
    _fp_trap_shutdown                         - Undefined Weak Reference
    _get_lc_collate                           - Undefined Weak Reference
    _get_lc_ctype                             - Undefined Weak Reference
    _get_lc_monetary                          - Undefined Weak Reference
    _get_lc_time                              - Undefined Weak Reference
    _getenv_init                              - Undefined Weak Reference
    _handle_redirection                       - Undefined Weak Reference
    _init_alloc                               - Undefined Weak Reference
    _init_user_alloc                          - Undefined Weak Reference
    _initio                                   - Undefined Weak Reference
    _printf_truncate_signed                   - Undefined Weak Reference
    _printf_truncate_unsigned                 - Undefined Weak Reference
    _rand_init                                - Undefined Weak Reference
    _signal_finish                            - Undefined Weak Reference
    _signal_init                              - Undefined Weak Reference
    _terminate_alloc                          - Undefined Weak Reference
    _terminate_user_alloc                     - Undefined Weak Reference
    _terminateio                              - Undefined Weak Reference
    __main                                   0x000000e5   Thumb Code     8  __main.o(!!!main)
    __scatterload                            0x000000ed   Thumb Code     0  __scatter.o(!!!scatter)
    __scatterload_rt2                        0x000000ed   Thumb Code    44  __scatter.o(!!!scatter)
    __scatterload_rt2_thumb_only             0x000000ed   Thumb Code     0  __scatter.o(!!!scatter)
    __scatterload_null                       0x000000fb   Thumb Code     0  __scatter.o(!!!scatter)
    __decompress                             0x00000121   Thumb Code    90  __dczerorl2.o(!!dczerorl2)
    __decompress1                            0x00000121   Thumb Code     0  __dczerorl2.o(!!dczerorl2)
    __scatterload_zeroinit                   0x0000017d   Thumb Code    28  __scatter_zi.o(!!handler_zi)
    _printf_f                                0x00000199   Thumb Code     0  _printf_f.o(.ARM.Collect$$_printf_percent$$00000003)
    _printf_percent                          0x00000199   Thumb Code     0  _printf_percent.o(.ARM.Collect$$_printf_percent$$00000000)
    _printf_d                                0x0000019f   Thumb Code     0  _printf_d.o(.ARM.Collect$$_printf_percent$$00000009)
    _printf_percent_end                      0x000001a5   Thumb Code     0  _printf_percent_end.o(.ARM.Collect$$_printf_percent$$00000017)
    __rt_lib_init                            0x000001a9   Thumb Code     0  libinit.o(.ARM.Collect$$libinit$$00000000)
    __rt_lib_init_fp_1                       0x000001ab   Thumb Code     0  libinit2.o(.ARM.Collect$$libinit$$00000002)
    __rt_lib_init_heap_1                     0x000001ab   Thumb Code     0  libinit2.o(.ARM.Collect$$libinit$$0000000A)
    __rt_lib_init_lc_common                  0x000001ab   Thumb Code     0  libinit2.o(.ARM.Collect$$libinit$$0000000F)
    __rt_lib_init_preinit_1                  0x000001ab   Thumb Code     0  libinit2.o(.ARM.Collect$$libinit$$00000004)
    __rt_lib_init_rand_1                     0x000001ab   Thumb Code     0  libinit2.o(.ARM.Collect$$libinit$$0000000E)
    __rt_lib_init_user_alloc_1               0x000001ab   Thumb Code     0  libinit2.o(.ARM.Collect$$libinit$$0000000C)
    __rt_lib_init_lc_collate_1               0x000001b1   Thumb Code     0  libinit2.o(.ARM.Collect$$libinit$$00000011)
    __rt_lib_init_lc_ctype_1                 0x000001b1   Thumb Code     0  libinit2.o(.ARM.Collect$$libinit$$00000013)
    __rt_lib_init_lc_monetary_1              0x000001b1   Thumb Code     0  libinit2.o(.ARM.Collect$$libinit$$00000015)
    __rt_lib_init_lc_numeric_2               0x000001b1   Thumb Code     0  libinit2.o(.ARM.Collect$$libinit$$00000016)
    __rt_lib_init_alloca_1                   0x000001bb   Thumb Code     0  libinit2.o(.ARM.Collect$$libinit$$0000002E)
    __rt_lib_init_argv_1                     0x000001bb   Thumb Code     0  libinit2.o(.ARM.Collect$$libinit$$0000002C)
    __rt_lib_init_atexit_1                   0x000001bb   Thumb Code     0  libinit2.o(.ARM.Collect$$libinit$$0000001B)
    __rt_lib_init_clock_1                    0x000001bb   Thumb Code     0  libinit2.o(.ARM.Collect$$libinit$$00000021)
    __rt_lib_init_cpp_1                      0x000001bb   Thumb Code     0  libinit2.o(.ARM.Collect$$libinit$$00000032)
    __rt_lib_init_exceptions_1               0x000001bb   Thumb Code     0  libinit2.o(.ARM.Collect$$libinit$$00000030)
    __rt_lib_init_fp_trap_1                  0x000001bb   Thumb Code     0  libinit2.o(.ARM.Collect$$libinit$$0000001F)
    __rt_lib_init_getenv_1                   0x000001bb   Thumb Code     0  libinit2.o(.ARM.Collect$$libinit$$00000023)
    __rt_lib_init_lc_numeric_1               0x000001bb   Thumb Code     0  libinit2.o(.ARM.Collect$$libinit$$00000017)
    __rt_lib_init_lc_time_1                  0x000001bb   Thumb Code     0  libinit2.o(.ARM.Collect$$libinit$$00000019)
    __rt_lib_init_return                     0x000001bb   Thumb Code     0  libinit2.o(.ARM.Collect$$libinit$$00000033)
    __rt_lib_init_signal_1                   0x000001bb   Thumb Code     0  libinit2.o(.ARM.Collect$$libinit$$0000001D)
    __rt_lib_init_stdio_1                    0x000001bb   Thumb Code     0  libinit2.o(.ARM.Collect$$libinit$$00000025)
    __rt_lib_shutdown                        0x000001bd   Thumb Code     0  libshutdown.o(.ARM.Collect$$libshutdown$$00000000)
    __rt_lib_shutdown_cpp_1                  0x000001bf   Thumb Code     0  libshutdown2.o(.ARM.Collect$$libshutdown$$00000002)
    __rt_lib_shutdown_fp_trap_1              0x000001bf   Thumb Code     0  libshutdown2.o(.ARM.Collect$$libshutdown$$00000007)
    __rt_lib_shutdown_heap_1                 0x000001bf   Thumb Code     0  libshutdown2.o(.ARM.Collect$$libshutdown$$0000000F)
    __rt_lib_shutdown_return                 0x000001bf   Thumb Code     0  libshutdown2.o(.ARM.Collect$$libshutdown$$00000010)
    __rt_lib_shutdown_signal_1               0x000001bf   Thumb Code     0  libshutdown2.o(.ARM.Collect$$libshutdown$$0000000A)
    __rt_lib_shutdown_stdio_1                0x000001bf   Thumb Code     0  libshutdown2.o(.ARM.Collect$$libshutdown$$00000004)
    __rt_lib_shutdown_user_alloc_1           0x000001bf   Thumb Code     0  libshutdown2.o(.ARM.Collect$$libshutdown$$0000000C)
    __rt_entry                               0x000001c1   Thumb Code     0  __rtentry.o(.ARM.Collect$$rtentry$$00000000)
    __rt_entry_presh_1                       0x000001c1   Thumb Code     0  __rtentry2.o(.ARM.Collect$$rtentry$$00000002)
    __rt_entry_sh                            0x000001c1   Thumb Code     0  __rtentry4.o(.ARM.Collect$$rtentry$$00000004)
    __rt_entry_li                            0x000001c7   Thumb Code     0  __rtentry2.o(.ARM.Collect$$rtentry$$0000000A)
    __rt_entry_postsh_1                      0x000001c7   Thumb Code     0  __rtentry2.o(.ARM.Collect$$rtentry$$00000009)
    __rt_entry_main                          0x000001cb   Thumb Code     0  __rtentry2.o(.ARM.Collect$$rtentry$$0000000D)
    __rt_entry_postli_1                      0x000001cb   Thumb Code     0  __rtentry2.o(.ARM.Collect$$rtentry$$0000000C)
    __rt_exit                                0x000001d3   Thumb Code     0  rtexit.o(.ARM.Collect$$rtexit$$00000000)
    __rt_exit_ls                             0x000001d5   Thumb Code     0  rtexit2.o(.ARM.Collect$$rtexit$$00000003)
    __rt_exit_prels_1                        0x000001d5   Thumb Code     0  rtexit2.o(.ARM.Collect$$rtexit$$00000002)
    __rt_exit_exit                           0x000001d9   Thumb Code     0  rtexit2.o(.ARM.Collect$$rtexit$$00000004)
    Reset_Handler                            0x000001e1   Thumb Code     8  startup_lpc177x_8x.o(.text)
    NMI_Handler                              0x000001e9   Thumb Code     2  startup_lpc177x_8x.o(.text)
    HardFault_Handler                        0x000001eb   Thumb Code     2  startup_lpc177x_8x.o(.text)
    MemManage_Handler                        0x000001ed   Thumb Code     2  startup_lpc177x_8x.o(.text)
    BusFault_Handler                         0x000001ef   Thumb Code     2  startup_lpc177x_8x.o(.text)
    UsageFault_Handler                       0x000001f1   Thumb Code     2  startup_lpc177x_8x.o(.text)
    SVC_Handler                              0x000001f3   Thumb Code     2  startup_lpc177x_8x.o(.text)
    DebugMon_Handler                         0x000001f5   Thumb Code     2  startup_lpc177x_8x.o(.text)
    PendSV_Handler                           0x000001f7   Thumb Code     2  startup_lpc177x_8x.o(.text)
    ADC_IRQHandler                           0x000001fb   Thumb Code     0  startup_lpc177x_8x.o(.text)
    BOD_IRQHandler                           0x000001fb   Thumb Code     0  startup_lpc177x_8x.o(.text)
    CANActivity_IRQHandler                   0x000001fb   Thumb Code     0  startup_lpc177x_8x.o(.text)
    CAN_IRQHandler                           0x000001fb   Thumb Code     0  startup_lpc177x_8x.o(.text)
    DMA_IRQHandler                           0x000001fb   Thumb Code     0  startup_lpc177x_8x.o(.text)
    EEPROM_IRQHandler                        0x000001fb   Thumb Code     0  startup_lpc177x_8x.o(.text)
    EINT0_IRQHandler                         0x000001fb   Thumb Code     0  startup_lpc177x_8x.o(.text)
    EINT3_IRQHandler                         0x000001fb   Thumb Code     0  startup_lpc177x_8x.o(.text)
    ENET_IRQHandler                          0x000001fb   Thumb Code     0  startup_lpc177x_8x.o(.text)
    GPIO_IRQHandler                          0x000001fb   Thumb Code     0  startup_lpc177x_8x.o(.text)
    I2C0_IRQHandler                          0x000001fb   Thumb Code     0  startup_lpc177x_8x.o(.text)
    I2C1_IRQHandler                          0x000001fb   Thumb Code     0  startup_lpc177x_8x.o(.text)
    I2C2_IRQHandler                          0x000001fb   Thumb Code     0  startup_lpc177x_8x.o(.text)
    I2S_IRQHandler                           0x000001fb   Thumb Code     0  startup_lpc177x_8x.o(.text)
    LCD_IRQHandler                           0x000001fb   Thumb Code     0  startup_lpc177x_8x.o(.text)
    MCI_IRQHandler                           0x000001fb   Thumb Code     0  startup_lpc177x_8x.o(.text)
    MCPWM_IRQHandler                         0x000001fb   Thumb Code     0  startup_lpc177x_8x.o(.text)
    PLL0_IRQHandler                          0x000001fb   Thumb Code     0  startup_lpc177x_8x.o(.text)
    PLL1_IRQHandler                          0x000001fb   Thumb Code     0  startup_lpc177x_8x.o(.text)
    PWM0_IRQHandler                          0x000001fb   Thumb Code     0  startup_lpc177x_8x.o(.text)
    PWM1_IRQHandler                          0x000001fb   Thumb Code     0  startup_lpc177x_8x.o(.text)
    QEI_IRQHandler                           0x000001fb   Thumb Code     0  startup_lpc177x_8x.o(.text)
    RTC_IRQHandler                           0x000001fb   Thumb Code     0  startup_lpc177x_8x.o(.text)
    SPIFI_IRQHandler                         0x000001fb   Thumb Code     0  startup_lpc177x_8x.o(.text)
    SSP0_IRQHandler                          0x000001fb   Thumb Code     0  startup_lpc177x_8x.o(.text)
    SSP1_IRQHandler                          0x000001fb   Thumb Code     0  startup_lpc177x_8x.o(.text)
    SSP2_IRQHandler                          0x000001fb   Thumb Code     0  startup_lpc177x_8x.o(.text)
    TIMER0_IRQHandler                        0x000001fb   Thumb Code     0  startup_lpc177x_8x.o(.text)
    TIMER1_IRQHandler                        0x000001fb   Thumb Code     0  startup_lpc177x_8x.o(.text)
    TIMER2_IRQHandler                        0x000001fb   Thumb Code     0  startup_lpc177x_8x.o(.text)
    TIMER3_IRQHandler                        0x000001fb   Thumb Code     0  startup_lpc177x_8x.o(.text)
    UART0_IRQHandler                         0x000001fb   Thumb Code     0  startup_lpc177x_8x.o(.text)
    UART1_IRQHandler                         0x000001fb   Thumb Code     0  startup_lpc177x_8x.o(.text)
    UART2_IRQHandler                         0x000001fb   Thumb Code     0  startup_lpc177x_8x.o(.text)
    UART3_IRQHandler                         0x000001fb   Thumb Code     0  startup_lpc177x_8x.o(.text)
    UART4_IRQHandler                         0x000001fb   Thumb Code     0  startup_lpc177x_8x.o(.text)
    USBActivity_IRQHandler                   0x000001fb   Thumb Code     0  startup_lpc177x_8x.o(.text)
    USB_IRQHandler                           0x000001fb   Thumb Code     0  startup_lpc177x_8x.o(.text)
    WDT_IRQHandler                           0x000001fb   Thumb Code     0  startup_lpc177x_8x.o(.text)
    __user_initial_stackheap                 0x000001fd   Thumb Code     0  startup_lpc177x_8x.o(.text)
    __2sprintf                               0x00000221   Thumb Code    34  noretval__2sprintf.o(.text)
    _printf_pre_padding                      0x00000249   Thumb Code    44  _printf_pad.o(.text)
    _printf_post_padding                     0x00000275   Thumb Code    34  _printf_pad.o(.text)
    __use_two_region_memory                  0x00000297   Thumb Code     2  heapauxi.o(.text)
    __rt_heap_escrow$2region                 0x00000299   Thumb Code     2  heapauxi.o(.text)
    __rt_heap_expand$2region                 0x0000029b   Thumb Code     2  heapauxi.o(.text)
    __read_errno                             0x0000029d   Thumb Code    10  _rserrno.o(.text)
    __set_errno                              0x000002a7   Thumb Code    12  _rserrno.o(.text)
    _printf_char_common                      0x000002bf   Thumb Code    32  _printf_char_common.o(.text)
    _sputc                                   0x000002e5   Thumb Code    10  _sputc.o(.text)
    __rt_locale                              0x000002f1   Thumb Code     8  rt_locale_intlibspace.o(.text)
    __I$use$semihosting                      0x000002f9   Thumb Code     0  use_no_semi.o(.text)
    __use_no_semihosting_swi                 0x000002f9   Thumb Code     2  use_no_semi.o(.text)
    __I$use$fp                               0x000002fa   Number         0  usenofp.o(x$fpl$usenofp)
    __semihosting_library_function           0x000002fb   Thumb Code     0  indicate_semi.o(.text)
    _printf_int_dec                          0x00000301   Thumb Code   104  _printf_dec.o(.text)
    __printf                                 0x00000379   Thumb Code   270  __printf_wp.o(.text)
    _printf_int_common                       0x00000487   Thumb Code   178  _printf_intcommon.o(.text)
    __lib_sel_fp_printf                      0x00000539   Thumb Code     2  _printf_fp_dec.o(.text)
    _printf_fp_dec_real                      0x000006eb   Thumb Code   620  _printf_fp_dec.o(.text)
    __aeabi_errno_addr                       0x00000959   Thumb Code     8  rt_errno_addr_intlibspace.o(.text)
    __errno$intlibspace                      0x00000959   Thumb Code     0  rt_errno_addr_intlibspace.o(.text)
    __rt_errno_addr$intlibspace              0x00000959   Thumb Code     0  rt_errno_addr_intlibspace.o(.text)
    _ll_udiv10                               0x00000961   Thumb Code   138  lludiv10.o(.text)
    _printf_fp_infnan                        0x000009ed   Thumb Code   112  _printf_fp_infnan.o(.text)
    _btod_etento                             0x00000a6d   Thumb Code   224  bigflt0.o(.text)
    __user_libspace                          0x00000b51   Thumb Code     8  libspace.o(.text)
    __user_perproc_libspace                  0x00000b51   Thumb Code     0  libspace.o(.text)
    __user_perthread_libspace                0x00000b51   Thumb Code     0  libspace.o(.text)
    __user_setup_stackheap                   0x00000b59   Thumb Code    74  sys_stackheap_outer.o(.text)
    exit                                     0x00000ba3   Thumb Code    18  exit.o(.text)
    strcmp                                   0x00000bb5   Thumb Code   128  strcmpv7m.o(.text)
    _sys_exit                                0x00000c35   Thumb Code     8  sys_exit.o(.text)
    _btod_d2e                                0x00000c41   Thumb Code    62  btod.o(CL$$btod_d2e)
    _d2e_denorm_low                          0x00000c7f   Thumb Code    70  btod.o(CL$$btod_d2e_denorm_low)
    _d2e_norm_op1                            0x00000cc5   Thumb Code    96  btod.o(CL$$btod_d2e_norm_op1)
    __btod_div_common                        0x00000d25   Thumb Code   696  btod.o(CL$$btod_div_common)
    _e2e                                     0x0000105d   Thumb Code   220  btod.o(CL$$btod_e2e)
    _btod_ediv                               0x00001139   Thumb Code    42  btod.o(CL$$btod_ediv)
    _btod_emul                               0x00001163   Thumb Code    42  btod.o(CL$$btod_emul)
    __btod_mult_common                       0x0000118d   Thumb Code   580  btod.o(CL$$btod_mult_common)
    delayms                                  0x000013d1   Thumb Code    32  delay.o(DELAY)
    CounterLeft                              0x000013f1   Thumb Code     6  motor.o(i.CounterLeft)
    CounterRight                             0x000013fd   Thumb Code     6  motor.o(i.CounterRight)
    EINT1_IRQHandler                         0x00001409   Thumb Code    26  motor.o(i.EINT1_IRQHandler)
    EINT2_IRQHandler                         0x00001431   Thumb Code    26  motor.o(i.EINT2_IRQHandler)
    Regler                                   0x00001471   Thumb Code   110  motor.o(i.Regler)
    SysTick_Handler                          0x000014f1   Thumb Code   108  led_p1_10_toggle.o(i.SysTick_Handler)
    SystemInit                               0x0000157d   Thumb Code   204  system_lpc177x_8x.o(i.SystemInit)
    __ARM_fpclassify                         0x00001655   Thumb Code    40  fpclassify.o(i.__ARM_fpclassify)
    __kernel_poly                            0x0000167d   Thumb Code   170  poly.o(i.__kernel_poly)
    __mathlib_dbl_divzero                    0x00001729   Thumb Code    12  dunder.o(i.__mathlib_dbl_divzero)
    __mathlib_dbl_infnan2                    0x00001739   Thumb Code     4  dunder.o(i.__mathlib_dbl_infnan2)
    __mathlib_dbl_invalid                    0x0000173d   Thumb Code    12  dunder.o(i.__mathlib_dbl_invalid)
    __mathlib_dbl_overflow                   0x00001749   Thumb Code    14  dunder.o(i.__mathlib_dbl_overflow)
    __mathlib_dbl_underflow                  0x00001759   Thumb Code    10  dunder.o(i.__mathlib_dbl_underflow)
    _is_digit                                0x00001769   Thumb Code    14  __printf_wp.o(i._is_digit)
    check_status                             0x00001779   Thumb Code    20  lcd_display.o(i.check_status)
    clear_display                            0x00001791   Thumb Code    54  lcd_display.o(i.clear_display)
    clear_pixel                              0x000017d1   Thumb Code    66  lcd_display.o(i.clear_pixel)
    clear_rectangle                          0x00001813   Thumb Code    52  lcd_display.o(i.clear_rectangle)
    compass_init                             0x00001849   Thumb Code   108  compass.o(i.compass_init)
    display_init                             0x000018c1   Thumb Code   464  lcd_display.o(i.display_init)
    draw_bitmap                              0x00001aa5   Thumb Code    36  lcd_display.o(i.draw_bitmap)
    draw_circle                              0x00001ac9   Thumb Code   170  lcd_display.o(i.draw_circle)
    draw_ellipse                             0x00001b73   Thumb Code   310  lcd_display.o(i.draw_ellipse)
    draw_hs_logo                             0x00001ca9   Thumb Code    14  lcd_display.o(i.draw_hs_logo)
    draw_pixel                               0x00001cbd   Thumb Code    82  lcd_display.o(i.draw_pixel)
    draw_rectangle                           0x00001d0f   Thumb Code    80  lcd_display.o(i.draw_rectangle)
    drive                                    0x00001d61   Thumb Code    50  motor.o(i.drive)
    drive_degree                             0x00001d99   Thumb Code   388  motor.o(i.drive_degree)
    drive_distance                           0x00001f55   Thumb Code   388  motor.o(i.drive_distance)
    fill_circle                              0x00002111   Thumb Code   170  lcd_display.o(i.fill_circle)
    fill_ellipse                             0x000021bb   Thumb Code   310  lcd_display.o(i.fill_ellipse)
    fill_rectangle                           0x000022f1   Thumb Code    52  lcd_display.o(i.fill_rectangle)
    get_distance                             0x00002325   Thumb Code   210  sensor.o(i.get_distance)
    get_heading                              0x00002405   Thumb Code     6  compass.o(i.get_heading)
    get_orientation                          0x00002411   Thumb Code   110  compass.o(i.get_orientation)
    get_pitch                                0x00002491   Thumb Code     8  compass.o(i.get_pitch)
    get_roll                                 0x0000249d   Thumb Code     8  compass.o(i.get_roll)
    get_togglee                              0x000024a9   Thumb Code     6  led_p1_10_toggle.o(i.get_togglee)
    init                                     0x000024b5   Thumb Code    54  main.o(i.init)
    input_init                               0x000024f5   Thumb Code    12  input.o(i.input_init)
    main                                     0x00002501   Thumb Code    12  main.o(i.main)
    motor_init                               0x0000250d   Thumb Code   100  motor.o(i.motor_init)
    myabs                                    0x00002581   Thumb Code    28  motor.o(i.myabs)
    odometer_init                            0x000025a1   Thumb Code    40  motor.o(i.odometer_init)
    output_init                              0x000025d9   Thumb Code    16  output.o(i.output_init)
    play_animation                           0x000025e9   Thumb Code    48  lcd_display.o(i.play_animation)
    plot_distance                            0x00002621   Thumb Code    36  lcd_display.o(i.plot_distance)
    pow                                      0x00002645   Thumb Code  2512  pow.o(i.pow)
    presentation                             0x0000301d   Thumb Code  1820  main.o(i.presentation)
    reset_Regler                             0x0000385d   Thumb Code     8  motor.o(i.reset_Regler)
    round                                    0x00003869   Thumb Code   136  round.o(i.round)
    send_command_0                           0x000038fd   Thumb Code    20  lcd_display.o(i.send_command_0)
    send_command_1                           0x00003915   Thumb Code    36  lcd_display.o(i.send_command_1)
    send_command_2                           0x0000393d   Thumb Code    54  lcd_display.o(i.send_command_2)
    sensor_init                              0x00003979   Thumb Code    40  sensor.o(i.sensor_init)
    set_direction                            0x000039a9   Thumb Code    90  motor.o(i.set_direction)
    sqrt                                     0x00003a09   Thumb Code    76  sqrt.o(i.sqrt)
    stop_motors                              0x00003a55   Thumb Code    34  motor.o(i.stop_motors)
    toggle_LED                               0x00003a81   Thumb Code    36  led_p1_10_toggle.o(i.toggle_LED)
    turn_centered                            0x00003aad   Thumb Code    50  motor.o(i.turn_centered)
    turn_off_centered                        0x00003ae5   Thumb Code    32  motor.o(i.turn_off_centered)
    write_text                               0x00003b09   Thumb Code    58  lcd_display.o(i.write_text)
    _get_lc_numeric                          0x00003b45   Thumb Code    44  lc_numeric_c.o(locale$$code)
    __aeabi_d2f                              0x00003b71   Thumb Code     0  d2f.o(x$fpl$d2f)
    _d2f                                     0x00003b71   Thumb Code    98  d2f.o(x$fpl$d2f)
    __aeabi_dadd                             0x00003bd5   Thumb Code     0  daddsub_clz.o(x$fpl$dadd)
    _dadd                                    0x00003bd5   Thumb Code   332  daddsub_clz.o(x$fpl$dadd)
    __fpl_dcheck_NaN1                        0x00003d25   Thumb Code    10  dcheck1.o(x$fpl$dcheck1)
    __fpl_dcmp_Inf                           0x00003d35   Thumb Code    24  dcmpi.o(x$fpl$dcmpinf)
    __aeabi_ddiv                             0x00003d4d   Thumb Code     0  ddiv.o(x$fpl$ddiv)
    _ddiv                                    0x00003d4d   Thumb Code   552  ddiv.o(x$fpl$ddiv)
    __aeabi_cdcmpeq                          0x00003ffd   Thumb Code     0  deqf.o(x$fpl$deqf)
    _dcmpeq                                  0x00003ffd   Thumb Code   120  deqf.o(x$fpl$deqf)
    __aeabi_i2d                              0x00004075   Thumb Code     0  dflt_clz.o(x$fpl$dflt)
    _dflt                                    0x00004075   Thumb Code    46  dflt_clz.o(x$fpl$dflt)
    __aeabi_cdcmple                          0x000040a5   Thumb Code     0  dleqf.o(x$fpl$dleqf)
    _dcmple                                  0x000040a5   Thumb Code   120  dleqf.o(x$fpl$dleqf)
    __fpl_dcmple_InfNaN                      0x00004107   Thumb Code     0  dleqf.o(x$fpl$dleqf)
    __aeabi_dmul                             0x0000411d   Thumb Code     0  dmul.o(x$fpl$dmul)
    _dmul                                    0x0000411d   Thumb Code   332  dmul.o(x$fpl$dmul)
    __fpl_dnaninf                            0x00004271   Thumb Code   156  dnaninf.o(x$fpl$dnaninf)
    __fpl_dretinf                            0x0000430d   Thumb Code    12  dretinf.o(x$fpl$dretinf)
    __aeabi_cdrcmple                         0x00004319   Thumb Code     0  drleqf.o(x$fpl$drleqf)
    _drcmple                                 0x00004319   Thumb Code   108  drleqf.o(x$fpl$drleqf)
    _drnd                                    0x00004385   Thumb Code   180  drnd.o(x$fpl$drnd)
    __aeabi_drsub                            0x00004439   Thumb Code     0  daddsub_clz.o(x$fpl$drsb)
    _drsb                                    0x00004439   Thumb Code    22  daddsub_clz.o(x$fpl$drsb)
    _dsqrt                                   0x00004451   Thumb Code   456  dsqrt_noumaal.o(x$fpl$dsqrt)
    __aeabi_dsub                             0x0000461d   Thumb Code     0  daddsub_clz.o(x$fpl$dsub)
    _dsub                                    0x0000461d   Thumb Code   464  daddsub_clz.o(x$fpl$dsub)
    __aeabi_f2d                              0x000047f1   Thumb Code     0  f2d.o(x$fpl$f2d)
    _f2d                                     0x000047f1   Thumb Code    86  f2d.o(x$fpl$f2d)
    __aeabi_fadd                             0x00004849   Thumb Code     0  faddsub_clz.o(x$fpl$fadd)
    _fadd                                    0x00004849   Thumb Code   196  faddsub_clz.o(x$fpl$fadd)
    __fpl_fcmp_Inf                           0x0000490d   Thumb Code    24  fcmpi.o(x$fpl$fcmpinf)
    __aeabi_fdiv                             0x00004925   Thumb Code     0  fdiv.o(x$fpl$fdiv)
    _fdiv                                    0x00004925   Thumb Code   384  fdiv.o(x$fpl$fdiv)
    __aeabi_f2iz                             0x00004aa9   Thumb Code     0  ffix.o(x$fpl$ffix)
    _ffix                                    0x00004aa9   Thumb Code    54  ffix.o(x$fpl$ffix)
    __aeabi_i2f                              0x00004ae1   Thumb Code     0  fflt_clz.o(x$fpl$fflt)
    _fflt                                    0x00004ae1   Thumb Code    48  fflt_clz.o(x$fpl$fflt)
    __aeabi_cfcmple                          0x00004b11   Thumb Code     0  fleqf.o(x$fpl$fleqf)
    _fcmple                                  0x00004b11   Thumb Code   104  fleqf.o(x$fpl$fleqf)
    __fpl_fcmple_InfNaN                      0x00004b63   Thumb Code     0  fleqf.o(x$fpl$fleqf)
    __aeabi_fmul                             0x00004b79   Thumb Code     0  fmul.o(x$fpl$fmul)
    _fmul                                    0x00004b79   Thumb Code   258  fmul.o(x$fpl$fmul)
    __fpl_fnaninf                            0x00004c7b   Thumb Code   140  fnaninf.o(x$fpl$fnaninf)
    __fpl_fretinf                            0x00004d07   Thumb Code    10  fretinf.o(x$fpl$fretinf)
    __aeabi_cfrcmple                         0x00004d11   Thumb Code     0  frleqf.o(x$fpl$frleqf)
    _frcmple                                 0x00004d11   Thumb Code    98  frleqf.o(x$fpl$frleqf)
    __aeabi_frsub                            0x00004d73   Thumb Code     0  faddsub_clz.o(x$fpl$frsb)
    _frsb                                    0x00004d73   Thumb Code    20  faddsub_clz.o(x$fpl$frsb)
    __aeabi_fsub                             0x00004d89   Thumb Code     0  faddsub_clz.o(x$fpl$fsub)
    _fsub                                    0x00004d89   Thumb Code   234  faddsub_clz.o(x$fpl$fsub)
    _printf_fp_dec                           0x00004e73   Thumb Code     4  printf1.o(x$fpl$printf1)
    __fpl_return_NaN                         0x00004e77   Thumb Code   100  retnan.o(x$fpl$retnan)
    __ARM_scalbn                             0x00004edb   Thumb Code    92  scalbn.o(x$fpl$scalbn)
    __fpl_cmpreturn                          0x00004f37   Thumb Code    48  trapv.o(x$fpl$trapveneer)
    __mathlib_zero                           0x00004ff0   Data           8  qnan.o(.constdata)
    Region$$Table$$Base                      0x0000508c   Number         0  anon$$obj.o(Region$$Table)
    Region$$Table$$Limit                     0x000050ac   Number         0  anon$$obj.o(Region$$Table)
    presentation_index                       0x10000000   Data           1  main.o(.data)
    dummfang                                 0x10000004   Data           4  led_p1_10_toggle.o(.data)
    radumfang                                0x10000020   Data           4  motor.o(.data)
    u_i                                      0x10000024   Data           4  motor.o(.data)
    countRight                               0x10000028   Data           4  motor.o(.data)
    countLeft                                0x1000002c   Data           4  motor.o(.data)
    frames                                   0x10000034   Data       53760  lcd_display.o(.data)
    hs_coburg                                0x1000d234   Data        3840  lcd_display.o(.data)
    heading                                  0x1000e134   Data           4  compass.o(.data)
    pitch                                    0x1000e138   Data           1  compass.o(.data)
    roll                                     0x1000e139   Data           1  compass.o(.data)
    clear                                    0x1000e13c   Data        3840  lcd_display.o(.bss)
    sensoren                                 0x1000f03c   Data          12  sensor.o(.bss)
    distances                                0x1000f048   Data          12  sensor.o(.bss)
    __libspace_start                         0x1000f054   Data          96  libspace.o(.bss)
    __temporary_stack_top$libspace           0x1000f0b4   Data           0  libspace.o(.bss)



==============================================================================

Memory Map of the image

  Image Entry point : 0x000000e5

  Load Region LR_IROM1 (Base: 0x00000000, Size: 0x00013204, Max: 0x00080000, ABSOLUTE, COMPRESSED[0x00005a4c])

    Execution Region ER_IROM1 (Exec base: 0x00000000, Load base: 0x00000000, Size: 0x000050c8, Max: 0x00080000, ABSOLUTE)

    Exec Addr    Load Addr    Size         Type   Attr      Idx    E Section Name        Object

    0x00000000   0x00000000   0x000000e4   Data   RO            3    RESET               startup_lpc177x_8x.o
    0x000000e4   0x000000e4   0x00000008   Code   RO          611  * !!!main             c_w.l(__main.o)
    0x000000ec   0x000000ec   0x00000034   Code   RO          949    !!!scatter          c_w.l(__scatter.o)
    0x00000120   0x00000120   0x0000005a   Code   RO          947    !!dczerorl2         c_w.l(__dczerorl2.o)
    0x0000017a   0x0000017a   0x00000002   PAD
    0x0000017c   0x0000017c   0x0000001c   Code   RO          951    !!handler_zi        c_w.l(__scatter_zi.o)
    0x00000198   0x00000198   0x00000000   Code   RO          608    .ARM.Collect$$_printf_percent$$00000000  c_w.l(_printf_percent.o)
    0x00000198   0x00000198   0x00000006   Code   RO          607    .ARM.Collect$$_printf_percent$$00000003  c_w.l(_printf_f.o)
    0x0000019e   0x0000019e   0x00000006   Code   RO          606    .ARM.Collect$$_printf_percent$$00000009  c_w.l(_printf_d.o)
    0x000001a4   0x000001a4   0x00000004   Code   RO          692    .ARM.Collect$$_printf_percent$$00000017  c_w.l(_printf_percent_end.o)
    0x000001a8   0x000001a8   0x00000002   Code   RO          816    .ARM.Collect$$libinit$$00000000  c_w.l(libinit.o)
    0x000001aa   0x000001aa   0x00000000   Code   RO          818    .ARM.Collect$$libinit$$00000002  c_w.l(libinit2.o)
    0x000001aa   0x000001aa   0x00000000   Code   RO          820    .ARM.Collect$$libinit$$00000004  c_w.l(libinit2.o)
    0x000001aa   0x000001aa   0x00000000   Code   RO          823    .ARM.Collect$$libinit$$0000000A  c_w.l(libinit2.o)
    0x000001aa   0x000001aa   0x00000000   Code   RO          825    .ARM.Collect$$libinit$$0000000C  c_w.l(libinit2.o)
    0x000001aa   0x000001aa   0x00000000   Code   RO          827    .ARM.Collect$$libinit$$0000000E  c_w.l(libinit2.o)
    0x000001aa   0x000001aa   0x00000006   Code   RO          828    .ARM.Collect$$libinit$$0000000F  c_w.l(libinit2.o)
    0x000001b0   0x000001b0   0x00000000   Code   RO          830    .ARM.Collect$$libinit$$00000011  c_w.l(libinit2.o)
    0x000001b0   0x000001b0   0x00000000   Code   RO          832    .ARM.Collect$$libinit$$00000013  c_w.l(libinit2.o)
    0x000001b0   0x000001b0   0x00000000   Code   RO          834    .ARM.Collect$$libinit$$00000015  c_w.l(libinit2.o)
    0x000001b0   0x000001b0   0x0000000a   Code   RO          835    .ARM.Collect$$libinit$$00000016  c_w.l(libinit2.o)
    0x000001ba   0x000001ba   0x00000000   Code   RO          836    .ARM.Collect$$libinit$$00000017  c_w.l(libinit2.o)
    0x000001ba   0x000001ba   0x00000000   Code   RO          838    .ARM.Collect$$libinit$$00000019  c_w.l(libinit2.o)
    0x000001ba   0x000001ba   0x00000000   Code   RO          840    .ARM.Collect$$libinit$$0000001B  c_w.l(libinit2.o)
    0x000001ba   0x000001ba   0x00000000   Code   RO          842    .ARM.Collect$$libinit$$0000001D  c_w.l(libinit2.o)
    0x000001ba   0x000001ba   0x00000000   Code   RO          844    .ARM.Collect$$libinit$$0000001F  c_w.l(libinit2.o)
    0x000001ba   0x000001ba   0x00000000   Code   RO          846    .ARM.Collect$$libinit$$00000021  c_w.l(libinit2.o)
    0x000001ba   0x000001ba   0x00000000   Code   RO          848    .ARM.Collect$$libinit$$00000023  c_w.l(libinit2.o)
    0x000001ba   0x000001ba   0x00000000   Code   RO          850    .ARM.Collect$$libinit$$00000025  c_w.l(libinit2.o)
    0x000001ba   0x000001ba   0x00000000   Code   RO          854    .ARM.Collect$$libinit$$0000002C  c_w.l(libinit2.o)
    0x000001ba   0x000001ba   0x00000000   Code   RO          856    .ARM.Collect$$libinit$$0000002E  c_w.l(libinit2.o)
    0x000001ba   0x000001ba   0x00000000   Code   RO          858    .ARM.Collect$$libinit$$00000030  c_w.l(libinit2.o)
    0x000001ba   0x000001ba   0x00000000   Code   RO          860    .ARM.Collect$$libinit$$00000032  c_w.l(libinit2.o)
    0x000001ba   0x000001ba   0x00000002   Code   RO          861    .ARM.Collect$$libinit$$00000033  c_w.l(libinit2.o)
    0x000001bc   0x000001bc   0x00000002   Code   RO          895    .ARM.Collect$$libshutdown$$00000000  c_w.l(libshutdown.o)
    0x000001be   0x000001be   0x00000000   Code   RO          906    .ARM.Collect$$libshutdown$$00000002  c_w.l(libshutdown2.o)
    0x000001be   0x000001be   0x00000000   Code   RO          908    .ARM.Collect$$libshutdown$$00000004  c_w.l(libshutdown2.o)
    0x000001be   0x000001be   0x00000000   Code   RO          911    .ARM.Collect$$libshutdown$$00000007  c_w.l(libshutdown2.o)
    0x000001be   0x000001be   0x00000000   Code   RO          914    .ARM.Collect$$libshutdown$$0000000A  c_w.l(libshutdown2.o)
    0x000001be   0x000001be   0x00000000   Code   RO          916    .ARM.Collect$$libshutdown$$0000000C  c_w.l(libshutdown2.o)
    0x000001be   0x000001be   0x00000000   Code   RO          919    .ARM.Collect$$libshutdown$$0000000F  c_w.l(libshutdown2.o)
    0x000001be   0x000001be   0x00000002   Code   RO          920    .ARM.Collect$$libshutdown$$00000010  c_w.l(libshutdown2.o)
    0x000001c0   0x000001c0   0x00000000   Code   RO          681    .ARM.Collect$$rtentry$$00000000  c_w.l(__rtentry.o)
    0x000001c0   0x000001c0   0x00000000   Code   RO          740    .ARM.Collect$$rtentry$$00000002  c_w.l(__rtentry2.o)
    0x000001c0   0x000001c0   0x00000006   Code   RO          752    .ARM.Collect$$rtentry$$00000004  c_w.l(__rtentry4.o)
    0x000001c6   0x000001c6   0x00000000   Code   RO          742    .ARM.Collect$$rtentry$$00000009  c_w.l(__rtentry2.o)
    0x000001c6   0x000001c6   0x00000004   Code   RO          743    .ARM.Collect$$rtentry$$0000000A  c_w.l(__rtentry2.o)
    0x000001ca   0x000001ca   0x00000000   Code   RO          745    .ARM.Collect$$rtentry$$0000000C  c_w.l(__rtentry2.o)
    0x000001ca   0x000001ca   0x00000008   Code   RO          746    .ARM.Collect$$rtentry$$0000000D  c_w.l(__rtentry2.o)
    0x000001d2   0x000001d2   0x00000002   Code   RO          864    .ARM.Collect$$rtexit$$00000000  c_w.l(rtexit.o)
    0x000001d4   0x000001d4   0x00000000   Code   RO          873    .ARM.Collect$$rtexit$$00000002  c_w.l(rtexit2.o)
    0x000001d4   0x000001d4   0x00000004   Code   RO          874    .ARM.Collect$$rtexit$$00000003  c_w.l(rtexit2.o)
    0x000001d8   0x000001d8   0x00000006   Code   RO          875    .ARM.Collect$$rtexit$$00000004  c_w.l(rtexit2.o)
    0x000001de   0x000001de   0x00000002   PAD
    0x000001e0   0x000001e0   0x00000040   Code   RO            5    .text               startup_lpc177x_8x.o
    0x00000220   0x00000220   0x00000028   Code   RO          578    .text               c_w.l(noretval__2sprintf.o)
    0x00000248   0x00000248   0x0000004e   Code   RO          582    .text               c_w.l(_printf_pad.o)
    0x00000296   0x00000296   0x00000006   Code   RO          609    .text               c_w.l(heapauxi.o)
    0x0000029c   0x0000029c   0x00000016   Code   RO          682    .text               c_w.l(_rserrno.o)
    0x000002b2   0x000002b2   0x00000002   PAD
    0x000002b4   0x000002b4   0x00000030   Code   RO          688    .text               c_w.l(_printf_char_common.o)
    0x000002e4   0x000002e4   0x0000000a   Code   RO          690    .text               c_w.l(_sputc.o)
    0x000002ee   0x000002ee   0x00000002   PAD
    0x000002f0   0x000002f0   0x00000008   Code   RO          757    .text               c_w.l(rt_locale_intlibspace.o)
    0x000002f8   0x000002f8   0x00000002   Code   RO          896    .text               c_w.l(use_no_semi.o)
    0x000002fa   0x000002fa   0x00000000   Code   RO          898    .text               c_w.l(indicate_semi.o)
    0x000002fa   0x000002fa   0x00000000   Code   RO          719    x$fpl$usenofp       fz_ws.l(usenofp.o)
    0x000002fa   0x000002fa   0x00000002   PAD
    0x000002fc   0x000002fc   0x00000004   Code   RO            4    .ARM.__at_0x02FC    startup_lpc177x_8x.o
    0x00000300   0x00000300   0x00000078   Code   RO          584    .text               c_w.l(_printf_dec.o)
    0x00000378   0x00000378   0x0000010e   Code   RO          594    .text               c_w.l(__printf_wp.o)
    0x00000486   0x00000486   0x000000b2   Code   RO          684    .text               c_w.l(_printf_intcommon.o)
    0x00000538   0x00000538   0x0000041e   Code   RO          686    .text               c_w.l(_printf_fp_dec.o)
    0x00000956   0x00000956   0x00000002   PAD
    0x00000958   0x00000958   0x00000008   Code   RO          762    .text               c_w.l(rt_errno_addr_intlibspace.o)
    0x00000960   0x00000960   0x0000008a   Code   RO          764    .text               c_w.l(lludiv10.o)
    0x000009ea   0x000009ea   0x00000002   PAD
    0x000009ec   0x000009ec   0x00000080   Code   RO          766    .text               c_w.l(_printf_fp_infnan.o)
    0x00000a6c   0x00000a6c   0x000000e4   Code   RO          770    .text               c_w.l(bigflt0.o)
    0x00000b50   0x00000b50   0x00000008   Code   RO          802    .text               c_w.l(libspace.o)
    0x00000b58   0x00000b58   0x0000004a   Code   RO          805    .text               c_w.l(sys_stackheap_outer.o)
    0x00000ba2   0x00000ba2   0x00000012   Code   RO          807    .text               c_w.l(exit.o)
    0x00000bb4   0x00000bb4   0x00000080   Code   RO          809    .text               c_w.l(strcmpv7m.o)
    0x00000c34   0x00000c34   0x0000000c   Code   RO          885    .text               c_w.l(sys_exit.o)
    0x00000c40   0x00000c40   0x0000003e   Code   RO          773    CL$$btod_d2e        c_w.l(btod.o)
    0x00000c7e   0x00000c7e   0x00000046   Code   RO          775    CL$$btod_d2e_denorm_low  c_w.l(btod.o)
    0x00000cc4   0x00000cc4   0x00000060   Code   RO          774    CL$$btod_d2e_norm_op1  c_w.l(btod.o)
    0x00000d24   0x00000d24   0x00000338   Code   RO          783    CL$$btod_div_common  c_w.l(btod.o)
    0x0000105c   0x0000105c   0x000000dc   Code   RO          780    CL$$btod_e2e        c_w.l(btod.o)
    0x00001138   0x00001138   0x0000002a   Code   RO          777    CL$$btod_ediv       c_w.l(btod.o)
    0x00001162   0x00001162   0x0000002a   Code   RO          776    CL$$btod_emul       c_w.l(btod.o)
    0x0000118c   0x0000118c   0x00000244   Code   RO          782    CL$$btod_mult_common  c_w.l(btod.o)
    0x000013d0   0x000013d0   0x00000020   Code   RO          570    DELAY               delay.o
    0x000013f0   0x000013f0   0x0000000c   Code   RO          185    i.CounterLeft       motor.o
    0x000013fc   0x000013fc   0x0000000c   Code   RO          186    i.CounterRight      motor.o
    0x00001408   0x00001408   0x00000028   Code   RO          187    i.EINT1_IRQHandler  motor.o
    0x00001430   0x00001430   0x00000028   Code   RO          188    i.EINT2_IRQHandler  motor.o
    0x00001458   0x00001458   0x00000016   Code   RO          189    i.NVIC_EnableIRQ    motor.o
    0x0000146e   0x0000146e   0x00000002   PAD
    0x00001470   0x00001470   0x00000080   Code   RO          190    i.Regler            motor.o
    0x000014f0   0x000014f0   0x0000008c   Code   RO          141    i.SysTick_Handler   led_p1_10_toggle.o
    0x0000157c   0x0000157c   0x000000d8   Code   RO           26    i.SystemInit        system_lpc177x_8x.o
    0x00001654   0x00001654   0x00000028   Code   RO          734    i.__ARM_fpclassify  m_ws.l(fpclassify.o)
    0x0000167c   0x0000167c   0x000000aa   Code   RO          736    i.__kernel_poly     m_ws.l(poly.o)
    0x00001726   0x00001726   0x00000002   PAD
    0x00001728   0x00001728   0x00000010   Code   RO          720    i.__mathlib_dbl_divzero  m_ws.l(dunder.o)
    0x00001738   0x00001738   0x00000004   Code   RO          722    i.__mathlib_dbl_infnan2  m_ws.l(dunder.o)
    0x0000173c   0x0000173c   0x0000000c   Code   RO          723    i.__mathlib_dbl_invalid  m_ws.l(dunder.o)
    0x00001748   0x00001748   0x0000000e   Code   RO          724    i.__mathlib_dbl_overflow  m_ws.l(dunder.o)
    0x00001756   0x00001756   0x00000002   PAD
    0x00001758   0x00001758   0x00000010   Code   RO          726    i.__mathlib_dbl_underflow  m_ws.l(dunder.o)
    0x00001768   0x00001768   0x0000000e   Code   RO          596    i._is_digit         c_w.l(__printf_wp.o)
    0x00001776   0x00001776   0x00000002   PAD
    0x00001778   0x00001778   0x00000018   Code   RO          313    i.check_status      lcd_display.o
    0x00001790   0x00001790   0x00000040   Code   RO          314    i.clear_display     lcd_display.o
    0x000017d0   0x000017d0   0x00000042   Code   RO          315    i.clear_pixel       lcd_display.o
    0x00001812   0x00001812   0x00000034   Code   RO          316    i.clear_rectangle   lcd_display.o
    0x00001846   0x00001846   0x00000002   PAD
    0x00001848   0x00001848   0x00000078   Code   RO          507    i.compass_init      compass.o
    0x000018c0   0x000018c0   0x000001e4   Code   RO          317    i.display_init      lcd_display.o
    0x00001aa4   0x00001aa4   0x00000024   Code   RO          318    i.draw_bitmap       lcd_display.o
    0x00001ac8   0x00001ac8   0x000000aa   Code   RO          319    i.draw_circle       lcd_display.o
    0x00001b72   0x00001b72   0x00000136   Code   RO          320    i.draw_ellipse      lcd_display.o
    0x00001ca8   0x00001ca8   0x00000014   Code   RO          321    i.draw_hs_logo      lcd_display.o
    0x00001cbc   0x00001cbc   0x00000052   Code   RO          322    i.draw_pixel        lcd_display.o
    0x00001d0e   0x00001d0e   0x00000050   Code   RO          323    i.draw_rectangle    lcd_display.o
    0x00001d5e   0x00001d5e   0x00000002   PAD
    0x00001d60   0x00001d60   0x00000038   Code   RO          191    i.drive             motor.o
    0x00001d98   0x00001d98   0x000001bc   Code   RO          192    i.drive_degree      motor.o
    0x00001f54   0x00001f54   0x000001bc   Code   RO          193    i.drive_distance    motor.o
    0x00002110   0x00002110   0x000000aa   Code   RO          324    i.fill_circle       lcd_display.o
    0x000021ba   0x000021ba   0x00000136   Code   RO          325    i.fill_ellipse      lcd_display.o
    0x000022f0   0x000022f0   0x00000034   Code   RO          326    i.fill_rectangle    lcd_display.o
    0x00002324   0x00002324   0x000000e0   Code   RO          478    i.get_distance      sensor.o
    0x00002404   0x00002404   0x0000000c   Code   RO          508    i.get_heading       compass.o
    0x00002410   0x00002410   0x00000080   Code   RO          509    i.get_orientation   compass.o
    0x00002490   0x00002490   0x0000000c   Code   RO          510    i.get_pitch         compass.o
    0x0000249c   0x0000249c   0x0000000c   Code   RO          511    i.get_roll          compass.o
    0x000024a8   0x000024a8   0x0000000c   Code   RO          143    i.get_togglee       led_p1_10_toggle.o
    0x000024b4   0x000024b4   0x00000040   Code   RO           70    i.init              main.o
    0x000024f4   0x000024f4   0x0000000c   Code   RO          552    i.input_init        input.o
    0x00002500   0x00002500   0x0000000c   Code   RO           71    i.main              main.o
    0x0000250c   0x0000250c   0x00000074   Code   RO          194    i.motor_init        motor.o
    0x00002580   0x00002580   0x00000020   Code   RO          195    i.myabs             motor.o
    0x000025a0   0x000025a0   0x00000038   Code   RO          196    i.odometer_init     motor.o
    0x000025d8   0x000025d8   0x00000010   Code   RO          461    i.output_init       output.o
    0x000025e8   0x000025e8   0x00000038   Code   RO          328    i.play_animation    lcd_display.o
    0x00002620   0x00002620   0x00000024   Code   RO          329    i.plot_distance     lcd_display.o
    0x00002644   0x00002644   0x000009d8   Code   RO          662    i.pow               m_ws.l(pow.o)
    0x0000301c   0x0000301c   0x00000840   Code   RO           72    i.presentation      main.o
    0x0000385c   0x0000385c   0x0000000c   Code   RO          197    i.reset_Regler      motor.o
    0x00003868   0x00003868   0x00000094   Code   RO          671    i.round             m_ws.l(round.o)
    0x000038fc   0x000038fc   0x00000018   Code   RO          330    i.send_command_0    lcd_display.o
    0x00003914   0x00003914   0x00000028   Code   RO          331    i.send_command_1    lcd_display.o
    0x0000393c   0x0000393c   0x0000003c   Code   RO          332    i.send_command_2    lcd_display.o
    0x00003978   0x00003978   0x00000030   Code   RO          479    i.sensor_init       sensor.o
    0x000039a8   0x000039a8   0x00000060   Code   RO          198    i.set_direction     motor.o
    0x00003a08   0x00003a08   0x0000004c   Code   RO          674    i.sqrt              m_ws.l(sqrt.o)
    0x00003a54   0x00003a54   0x0000002c   Code   RO          199    i.stop_motors       motor.o
    0x00003a80   0x00003a80   0x0000002c   Code   RO          144    i.toggle_LED        led_p1_10_toggle.o
    0x00003aac   0x00003aac   0x00000038   Code   RO          200    i.turn_centered     motor.o
    0x00003ae4   0x00003ae4   0x00000024   Code   RO          201    i.turn_off_centered  motor.o
    0x00003b08   0x00003b08   0x0000003a   Code   RO          333    i.write_text        lcd_display.o
    0x00003b42   0x00003b42   0x00000002   PAD
    0x00003b44   0x00003b44   0x0000002c   Code   RO          796    locale$$code        c_w.l(lc_numeric_c.o)
    0x00003b70   0x00003b70   0x00000062   Code   RO          613    x$fpl$d2f           fz_ws.l(d2f.o)
    0x00003bd2   0x00003bd2   0x00000002   PAD
    0x00003bd4   0x00003bd4   0x00000150   Code   RO          615    x$fpl$dadd          fz_ws.l(daddsub_clz.o)
    0x00003d24   0x00003d24   0x00000010   Code   RO          798    x$fpl$dcheck1       fz_ws.l(dcheck1.o)
    0x00003d34   0x00003d34   0x00000018   Code   RO          693    x$fpl$dcmpinf       fz_ws.l(dcmpi.o)
    0x00003d4c   0x00003d4c   0x000002b0   Code   RO          696    x$fpl$ddiv          fz_ws.l(ddiv.o)
    0x00003ffc   0x00003ffc   0x00000078   Code   RO          621    x$fpl$deqf          fz_ws.l(deqf.o)
    0x00004074   0x00004074   0x0000002e   Code   RO          624    x$fpl$dflt          fz_ws.l(dflt_clz.o)
    0x000040a2   0x000040a2   0x00000002   PAD
    0x000040a4   0x000040a4   0x00000078   Code   RO          629    x$fpl$dleqf         fz_ws.l(dleqf.o)
    0x0000411c   0x0000411c   0x00000154   Code   RO          699    x$fpl$dmul          fz_ws.l(dmul.o)
    0x00004270   0x00004270   0x0000009c   Code   RO          701    x$fpl$dnaninf       fz_ws.l(dnaninf.o)
    0x0000430c   0x0000430c   0x0000000c   Code   RO          703    x$fpl$dretinf       fz_ws.l(dretinf.o)
    0x00004318   0x00004318   0x0000006c   Code   RO          705    x$fpl$drleqf        fz_ws.l(drleqf.o)
    0x00004384   0x00004384   0x000000b4   Code   RO          707    x$fpl$drnd          fz_ws.l(drnd.o)
    0x00004438   0x00004438   0x00000016   Code   RO          616    x$fpl$drsb          fz_ws.l(daddsub_clz.o)
    0x0000444e   0x0000444e   0x00000002   PAD
    0x00004450   0x00004450   0x000001cc   Code   RO          709    x$fpl$dsqrt         fz_ws.l(dsqrt_noumaal.o)
    0x0000461c   0x0000461c   0x000001d4   Code   RO          617    x$fpl$dsub          fz_ws.l(daddsub_clz.o)
    0x000047f0   0x000047f0   0x00000056   Code   RO          631    x$fpl$f2d           fz_ws.l(f2d.o)
    0x00004846   0x00004846   0x00000002   PAD
    0x00004848   0x00004848   0x000000c4   Code   RO          633    x$fpl$fadd          fz_ws.l(faddsub_clz.o)
    0x0000490c   0x0000490c   0x00000018   Code   RO          711    x$fpl$fcmpinf       fz_ws.l(fcmpi.o)
    0x00004924   0x00004924   0x00000184   Code   RO          640    x$fpl$fdiv          fz_ws.l(fdiv.o)
    0x00004aa8   0x00004aa8   0x00000036   Code   RO          643    x$fpl$ffix          fz_ws.l(ffix.o)
    0x00004ade   0x00004ade   0x00000002   PAD
    0x00004ae0   0x00004ae0   0x00000030   Code   RO          648    x$fpl$fflt          fz_ws.l(fflt_clz.o)
    0x00004b10   0x00004b10   0x00000068   Code   RO          653    x$fpl$fleqf         fz_ws.l(fleqf.o)
    0x00004b78   0x00004b78   0x00000102   Code   RO          655    x$fpl$fmul          fz_ws.l(fmul.o)
    0x00004c7a   0x00004c7a   0x0000008c   Code   RO          713    x$fpl$fnaninf       fz_ws.l(fnaninf.o)
    0x00004d06   0x00004d06   0x0000000a   Code   RO          715    x$fpl$fretinf       fz_ws.l(fretinf.o)
    0x00004d10   0x00004d10   0x00000062   Code   RO          657    x$fpl$frleqf        fz_ws.l(frleqf.o)
    0x00004d72   0x00004d72   0x00000014   Code   RO          634    x$fpl$frsb          fz_ws.l(faddsub_clz.o)
    0x00004d86   0x00004d86   0x00000002   PAD
    0x00004d88   0x00004d88   0x000000ea   Code   RO          635    x$fpl$fsub          fz_ws.l(faddsub_clz.o)
    0x00004e72   0x00004e72   0x00000004   Code   RO          659    x$fpl$printf1       fz_ws.l(printf1.o)
    0x00004e76   0x00004e76   0x00000064   Code   RO          862    x$fpl$retnan        fz_ws.l(retnan.o)
    0x00004eda   0x00004eda   0x0000005c   Code   RO          717    x$fpl$scalbn        fz_ws.l(scalbn.o)
    0x00004f36   0x00004f36   0x00000030   Code   RO          870    x$fpl$trapveneer    fz_ws.l(trapv.o)
    0x00004f66   0x00004f66   0x00000002   PAD
    0x00004f68   0x00004f68   0x00000088   Data   RO          663    .constdata          m_ws.l(pow.o)
    0x00004ff0   0x00004ff0   0x00000008   Data   RO          738    .constdata          m_ws.l(qnan.o)
    0x00004ff8   0x00004ff8   0x00000094   Data   RO          771    .constdata          c_w.l(bigflt0.o)
    0x0000508c   0x0000508c   0x00000020   Data   RO          945    Region$$Table       anon$$obj.o
    0x000050ac   0x000050ac   0x0000001c   Data   RO          795    locale$$data        c_w.l(lc_numeric_c.o)


    Execution Region RW_IRAM1 (Exec base: 0x10000000, Load base: 0x000050c8, Size: 0x0000f6b8, Max: 0x00010000, ABSOLUTE, COMPRESSED[0x00000984])

    Exec Addr    Load Addr    Size         Type   Attr      Idx    E Section Name        Object

    0x10000000   COMPRESSED   0x00000001   Data   RW           73    .data               main.o
    0x10000001   COMPRESSED   0x00000003   PAD
    0x10000004   COMPRESSED   0x0000001c   Data   RW          145    .data               led_p1_10_toggle.o
    0x10000020   COMPRESSED   0x00000014   Data   RW          202    .data               motor.o
    0x10000034   COMPRESSED   0x0000e100   Data   RW          335    .data               lcd_display.o
    0x1000e134   COMPRESSED   0x00000006   Data   RW          512    .data               compass.o
    0x1000e13a   COMPRESSED   0x00000002   PAD
    0x1000e13c        -       0x00000f00   Zero   RW          334    .bss                lcd_display.o
    0x1000f03c        -       0x00000018   Zero   RW          480    .bss                sensor.o
    0x1000f054        -       0x00000060   Zero   RW          803    .bss                c_w.l(libspace.o)
    0x1000f0b4   COMPRESSED   0x00000004   PAD
    0x1000f0b8        -       0x00000400   Zero   RW            2    HEAP                startup_lpc177x_8x.o
    0x1000f4b8        -       0x00000200   Zero   RW            1    STACK               startup_lpc177x_8x.o


==============================================================================

Image component sizes


      Code (inc. data)   RO Data    RW Data    ZI Data      Debug   Object Name

       284         44          0          6          0       2347   compass.o
         0          0          0          0          0       4508   core_cm3.o
        32          0          0          0          0        320   delay.o
        12          0          0          0          0        401   input.o
      2194         62          0      57600       3840      14254   lcd_display.o
       196         46          0         28          0       1732   led_p1_10_toggle.o
      2188        668          0          1          0       3334   main.o
      1646        242          0         20          0      32970   motor.o
        16          0          0          0          0        410   output.o
       272         22          0          0         24       1706   sensor.o
        68         30        228          0       1536        976   startup_lpc177x_8x.o
       216         12          0          0          0      22401   system_lpc177x_8x.o

    ----------------------------------------------------------------------
      7132       1126        260      57660       5400      85359   Object Totals
         0          0         32          0          0          0   (incl. Generated)
         8          0          0          5          0          0   (incl. Padding)

    ----------------------------------------------------------------------

      Code (inc. data)   RO Data    RW Data    ZI Data      Debug   Library Member Name

        90          0          0          0          0          0   __dczerorl2.o
         8          0          0          0          0         68   __main.o
       284          0          0          0          0        156   __printf_wp.o
         0          0          0          0          0          0   __rtentry.o
        12          0          0          0          0          0   __rtentry2.o
         6          0          0          0          0          0   __rtentry4.o
        52          8          0          0          0          0   __scatter.o
        28          0          0          0          0          0   __scatter_zi.o
        48          6          0          0          0         96   _printf_char_common.o
         6          0          0          0          0          0   _printf_d.o
       120         16          0          0          0         92   _printf_dec.o
         6          0          0          0          0          0   _printf_f.o
      1054          0          0          0          0        216   _printf_fp_dec.o
       128         16          0          0          0         84   _printf_fp_infnan.o
       178          0          0          0          0         88   _printf_intcommon.o
        78          0          0          0          0        108   _printf_pad.o
         0          0          0          0          0          0   _printf_percent.o
         4          0          0          0          0          0   _printf_percent_end.o
        22          0          0          0          0        100   _rserrno.o
        10          0          0          0          0         68   _sputc.o
       228          4        148          0          0         96   bigflt0.o
      1936        128          0          0          0        672   btod.o
        18          0          0          0          0         80   exit.o
         6          0          0          0          0        152   heapauxi.o
         0          0          0          0          0          0   indicate_semi.o
        44         10         28          0          0         76   lc_numeric_c.o
         2          0          0          0          0          0   libinit.o
        18          0          0          0          0          0   libinit2.o
         2          0          0          0          0          0   libshutdown.o
         2          0          0          0          0          0   libshutdown2.o
         8          4          0          0         96         68   libspace.o
       138          0          0          0          0         80   lludiv10.o
        40          6          0          0          0         84   noretval__2sprintf.o
         8          4          0          0          0         68   rt_errno_addr_intlibspace.o
         8          4          0          0          0         68   rt_locale_intlibspace.o
         2          0          0          0          0          0   rtexit.o
        10          0          0          0          0          0   rtexit2.o
       128          0          0          0          0         68   strcmpv7m.o
        12          4          0          0          0         68   sys_exit.o
        74          0          0          0          0         80   sys_stackheap_outer.o
         2          0          0          0          0         68   use_no_semi.o
        98          4          0          0          0         92   d2f.o
       826         16          0          0          0        348   daddsub_clz.o
        16          4          0          0          0         68   dcheck1.o
        24          0          0          0          0         68   dcmpi.o
       688        140          0          0          0        208   ddiv.o
       120          4          0          0          0         92   deqf.o
        46          0          0          0          0         68   dflt_clz.o
       120          4          0          0          0         92   dleqf.o
       340         12          0          0          0        104   dmul.o
       156          4          0          0          0         92   dnaninf.o
        12          0          0          0          0         68   dretinf.o
       108          0          0          0          0         80   drleqf.o
       180          4          0          0          0         80   drnd.o
       460         56          0          0          0        120   dsqrt_noumaal.o
        86          4          0          0          0         84   f2d.o
       450          8          0          0          0        236   faddsub_clz.o
        24          0          0          0          0         68   fcmpi.o
       388         76          0          0          0         96   fdiv.o
        54          4          0          0          0         84   ffix.o
        48          0          0          0          0         68   fflt_clz.o
       104          4          0          0          0         84   fleqf.o
       258          4          0          0          0         84   fmul.o
       140          4          0          0          0         84   fnaninf.o
        10          0          0          0          0         68   fretinf.o
        98          0          0          0          0         68   frleqf.o
         4          0          0          0          0         68   printf1.o
       100          0          0          0          0         68   retnan.o
        92          0          0          0          0         68   scalbn.o
        48          0          0          0          0         68   trapv.o
         0          0          0          0          0          0   usenofp.o
        62         10          0          0          0        340   dunder.o
        40          0          0          0          0         68   fpclassify.o
       170          0          0          0          0         96   poly.o
      2520        190        136          0          0        324   pow.o
         0          0          8          0          0          0   qnan.o
       148         12          0          0          0         88   round.o
        76          0          0          0          0         84   sqrt.o

    ----------------------------------------------------------------------
     12968        774        320          0        100       6680   Library Totals
        34          0          0          0          4          0   (incl. Padding)

    ----------------------------------------------------------------------

      Code (inc. data)   RO Data    RW Data    ZI Data      Debug   Library Name

      4820        210        176          0         96       2804   c_w.l
      5098        352          0          0          0       2876   fz_ws.l
      3016        212        144          0          0       1000   m_ws.l

    ----------------------------------------------------------------------
     12968        774        320          0        100       6680   Library Totals

    ----------------------------------------------------------------------

==============================================================================


      Code (inc. data)   RO Data    RW Data    ZI Data      Debug   

     20100       1900        580      57660       5500      85691   Grand Totals
     20100       1900        580       2436       5500      85691   ELF Image Totals (compressed)
     20100       1900        580       2436          0          0   ROM Totals

==============================================================================

    Total RO  Size (Code + RO Data)                20680 (  20.20kB)
    Total RW  Size (RW Data + ZI Data)             63160 (  61.68kB)
    Total ROM Size (Code + RO Data + RW Data)      23116 (  22.57kB)

==============================================================================

