Component: ARM Compiler 5.06 update 6 (build 750) Tool: armlink [4d35ed]

==============================================================================

Section Cross References

    startup_lpc177x_8x.o(STACK) refers (Special) to heapauxi.o(.text) for __use_two_region_memory
    startup_lpc177x_8x.o(HEAP) refers (Special) to heapauxi.o(.text) for __use_two_region_memory
    startup_lpc177x_8x.o(RESET) refers (Special) to heapauxi.o(.text) for __use_two_region_memory
    startup_lpc177x_8x.o(RESET) refers to startup_lpc177x_8x.o(STACK) for __initial_sp
    startup_lpc177x_8x.o(RESET) refers to startup_lpc177x_8x.o(.text) for Reset_Handler
    startup_lpc177x_8x.o(RESET) refers to led_p1_10_toggle.o(i.SysTick_Handler) for SysTick_Handler
    startup_lpc177x_8x.o(.ARM.__at_0x02FC) refers (Special) to heapauxi.o(.text) for __use_two_region_memory
    startup_lpc177x_8x.o(.text) refers (Special) to heapauxi.o(.text) for __use_two_region_memory
    startup_lpc177x_8x.o(.text) refers to system_lpc177x_8x.o(i.SystemInit) for SystemInit
    startup_lpc177x_8x.o(.text) refers to __main.o(!!!main) for __main
    startup_lpc177x_8x.o(.text) refers to startup_lpc177x_8x.o(HEAP) for Heap_Mem
    startup_lpc177x_8x.o(.text) refers to startup_lpc177x_8x.o(STACK) for Stack_Mem
    system_lpc177x_8x.o(i.SystemCoreClockUpdate) refers to system_lpc177x_8x.o(.data) for SystemCoreClock
    main.o(i.init) refers to input.o(i.input_init) for input_init
    main.o(i.init) refers to output.o(i.output_init) for output_init
    main.o(i.main) refers to _printf_percent.o(.ARM.Collect$$_printf_percent$$00000000) for _printf_percent
    main.o(i.main) refers to _printf_f.o(.ARM.Collect$$_printf_percent$$00000003) for _printf_f
    main.o(i.main) refers to printf1.o(x$fpl$printf1) for _printf_fp_dec
    main.o(i.main) refers to main.o(i.init) for init
    main.o(i.main) refers to lcd_display.o(i.write_text) for write_text
    main.o(i.main) refers to sensor.o(i.get_distance) for get_distance
    main.o(i.main) refers to f2d.o(x$fpl$f2d) for __aeabi_f2d
    main.o(i.main) refers to noretval__2sprintf.o(.text) for __2sprintf
    main.o(i.main) refers to compass.o(i.get_direction) for get_direction
    main.o(i.main) refers to fflt_clz.o(x$fpl$fflt) for __aeabi_i2f
    main.o(i.main) refers to fdiv.o(x$fpl$fdiv) for __aeabi_fdiv
    main.o(i.main) refers to delay.o(DELAY) for delayms
    input.o(i.input_init) refers to sensor.o(i.sensor_init) for sensor_init
    input.o(i.input_init) refers to compass.o(i.compass_init) for compass_init
    sensor.o(i.get_distance) refers to fflt_clz.o(x$fpl$fflt) for __aeabi_i2f
    sensor.o(i.get_distance) refers to fdiv.o(x$fpl$fdiv) for __aeabi_fdiv
    sensor.o(i.get_distance) refers to sensor.o(.bss) for sensoren
    sensor.o(i.sensor_init) refers to sensor.o(.bss) for sensoren
    lcd_display.o(i.clear_display) refers to lcd_display.o(i.write_text) for write_text
    lcd_display.o(i.display_init) refers to lcd_display.o(i.send_command_2) for send_command_2
    lcd_display.o(i.display_init) refers to lcd_display.o(i.send_command_0) for send_command_0
    lcd_display.o(i.display_init) refers to lcd_display.o(i.clear_display) for clear_display
    lcd_display.o(i.send_command_0) refers to lcd_display.o(i.check_status) for check_status
    lcd_display.o(i.send_command_1) refers to lcd_display.o(i.check_status) for check_status
    lcd_display.o(i.send_command_2) refers to lcd_display.o(i.check_status) for check_status
    lcd_display.o(i.write_text) refers to lcd_display.o(i.send_command_2) for send_command_2
    lcd_display.o(i.write_text) refers to lcd_display.o(i.send_command_1) for send_command_1
    output.o(i.output_init) refers to lcd_display.o(i.display_init) for display_init
    led_p1_10_toggle.o(i.SysTick_Handler) refers to led_p1_10_toggle.o(i.toggle_LED) for toggle_LED
    led_p1_10_toggle.o(i.SysTick_Handler) refers to led_p1_10_toggle.o(.data) for toggleee
    led_p1_10_toggle.o(i.toggle_LED) refers to led_p1_10_toggle.o(.data) for togglee
    __2sprintf.o(.text) refers to _printf_char_common.o(.text) for _printf_char_common
    __2sprintf.o(.text) refers to _sputc.o(.text) for _sputc
    noretval__2sprintf.o(.text) refers to _printf_char_common.o(.text) for _printf_char_common
    noretval__2sprintf.o(.text) refers to _sputc.o(.text) for _sputc
    __printf.o(.text) refers to _printf_percent.o(.ARM.Collect$$_printf_percent$$00000000) for _printf_percent
    __printf_flags.o(.text) refers to _printf_percent.o(.ARM.Collect$$_printf_percent$$00000000) for _printf_percent
    __printf_flags.o(.text) refers to __printf_flags.o(.constdata) for .constdata
    __printf_ss.o(.text) refers to _printf_percent.o(.ARM.Collect$$_printf_percent$$00000000) for _printf_percent
    __printf_flags_ss.o(.text) refers to _printf_percent.o(.ARM.Collect$$_printf_percent$$00000000) for _printf_percent
    __printf_flags_ss.o(.text) refers to __printf_flags_ss.o(.constdata) for .constdata
    __printf_wp.o(.text) refers to __printf_wp.o(i._is_digit) for _is_digit
    __printf_wp.o(.text) refers to _printf_percent.o(.ARM.Collect$$_printf_percent$$00000000) for _printf_percent
    __printf_flags_wp.o(.text) refers to __printf_wp.o(i._is_digit) for _is_digit
    __printf_flags_wp.o(.text) refers to _printf_percent.o(.ARM.Collect$$_printf_percent$$00000000) for _printf_percent
    __printf_flags_wp.o(.text) refers to __printf_flags_wp.o(.constdata) for .constdata
    __printf_ss_wp.o(.text) refers to __printf_wp.o(i._is_digit) for _is_digit
    __printf_ss_wp.o(.text) refers to _printf_percent.o(.ARM.Collect$$_printf_percent$$00000000) for _printf_percent
    __printf_flags_ss_wp.o(.text) refers to __printf_wp.o(i._is_digit) for _is_digit
    __printf_flags_ss_wp.o(.text) refers to _printf_percent.o(.ARM.Collect$$_printf_percent$$00000000) for _printf_percent
    __printf_flags_ss_wp.o(.text) refers to __printf_flags_ss_wp.o(.constdata) for .constdata
    _printf_f.o(.ARM.Collect$$_printf_percent$$00000003) refers (Weak) to printf1.o(x$fpl$printf1) for _printf_fp_dec
    _printf_percent.o(.ARM.Collect$$_printf_percent$$00000000) refers (Special) to _printf_percent_end.o(.ARM.Collect$$_printf_percent$$00000017) for _printf_percent_end
    __main.o(!!!main) refers to __rtentry.o(.ARM.Collect$$rtentry$$00000000) for __rt_entry
    f2d.o(x$fpl$f2d) refers (Special) to usenofp.o(x$fpl$usenofp) for __I$use$fp
    f2d.o(x$fpl$f2d) refers to fnaninf.o(x$fpl$fnaninf) for __fpl_fnaninf
    f2d.o(x$fpl$f2d) refers to dretinf.o(x$fpl$dretinf) for __fpl_dretinf
    fdiv.o(x$fpl$frdiv) refers (Special) to usenofp.o(x$fpl$usenofp) for __I$use$fp
    fdiv.o(x$fpl$frdiv) refers to fdiv.o(x$fpl$fdiv) for _fdiv1
    fdiv.o(x$fpl$fdiv) refers (Special) to usenofp.o(x$fpl$usenofp) for __I$use$fp
    fdiv.o(x$fpl$fdiv) refers to fretinf.o(x$fpl$fretinf) for __fpl_fretinf
    fdiv.o(x$fpl$fdiv) refers to fnaninf.o(x$fpl$fnaninf) for __fpl_fnaninf
    fflt_clz.o(x$fpl$ffltu) refers (Special) to usenofp.o(x$fpl$usenofp) for __I$use$fp
    fflt_clz.o(x$fpl$fflt) refers (Special) to usenofp.o(x$fpl$usenofp) for __I$use$fp
    fflt_clz.o(x$fpl$ffltn) refers (Special) to usenofp.o(x$fpl$usenofp) for __I$use$fp
    printf1.o(x$fpl$printf1) refers to _printf_fp_dec.o(.text) for _printf_fp_dec_real
    __rtentry.o(.ARM.Collect$$rtentry$$00000000) refers (Special) to __rtentry2.o(.ARM.Collect$$rtentry$$0000000A) for __rt_entry_li
    __rtentry.o(.ARM.Collect$$rtentry$$00000000) refers (Special) to __rtentry2.o(.ARM.Collect$$rtentry$$0000000D) for __rt_entry_main
    __rtentry.o(.ARM.Collect$$rtentry$$00000000) refers (Special) to __rtentry2.o(.ARM.Collect$$rtentry$$0000000C) for __rt_entry_postli_1
    __rtentry.o(.ARM.Collect$$rtentry$$00000000) refers (Special) to __rtentry2.o(.ARM.Collect$$rtentry$$00000009) for __rt_entry_postsh_1
    __rtentry.o(.ARM.Collect$$rtentry$$00000000) refers (Special) to __rtentry2.o(.ARM.Collect$$rtentry$$00000002) for __rt_entry_presh_1
    __rtentry.o(.ARM.Collect$$rtentry$$00000000) refers (Special) to __rtentry4.o(.ARM.Collect$$rtentry$$00000004) for __rt_entry_sh
    _printf_fp_dec.o(.text) refers (Special) to usenofp.o(x$fpl$usenofp) for __I$use$fp
    _printf_fp_dec.o(.text) refers (Special) to lc_numeric_c.o(locale$$code) for _get_lc_numeric
    _printf_fp_dec.o(.text) refers to bigflt0.o(.text) for _btod_etento
    _printf_fp_dec.o(.text) refers to btod.o(CL$$btod_d2e) for _btod_d2e
    _printf_fp_dec.o(.text) refers to btod.o(CL$$btod_ediv) for _btod_ediv
    _printf_fp_dec.o(.text) refers to btod.o(CL$$btod_emul) for _btod_emul
    _printf_fp_dec.o(.text) refers to lludiv10.o(.text) for _ll_udiv10
    _printf_fp_dec.o(.text) refers to fpclassify.o(i.__ARM_fpclassify) for __ARM_fpclassify
    _printf_fp_dec.o(.text) refers to _printf_fp_infnan.o(.text) for _printf_fp_infnan
    _printf_fp_dec.o(.text) refers to rt_locale_intlibspace.o(.text) for __rt_locale
    _printf_char_common.o(.text) refers to __printf.o(.text) for __printf
    dretinf.o(x$fpl$dretinf) refers (Special) to usenofp.o(x$fpl$usenofp) for __I$use$fp
    fnaninf.o(x$fpl$fnaninf) refers (Special) to usenofp.o(x$fpl$usenofp) for __I$use$fp
    fretinf.o(x$fpl$fretinf) refers (Special) to usenofp.o(x$fpl$usenofp) for __I$use$fp
    __rtentry2.o(.ARM.Collect$$rtentry$$00000008) refers to boardinit2.o(.text) for _platform_post_stackheap_init
    __rtentry2.o(.ARM.Collect$$rtentry$$0000000A) refers to libinit.o(.ARM.Collect$$libinit$$00000000) for __rt_lib_init
    __rtentry2.o(.ARM.Collect$$rtentry$$0000000B) refers to boardinit3.o(.text) for _platform_post_lib_init
    __rtentry2.o(.ARM.Collect$$rtentry$$0000000D) refers to main.o(i.main) for main
    __rtentry2.o(.ARM.Collect$$rtentry$$0000000D) refers to exit.o(.text) for exit
    __rtentry2.o(.ARM.exidx) refers to __rtentry2.o(.ARM.Collect$$rtentry$$00000001) for .ARM.Collect$$rtentry$$00000001
    __rtentry2.o(.ARM.exidx) refers to __rtentry2.o(.ARM.Collect$$rtentry$$00000008) for .ARM.Collect$$rtentry$$00000008
    __rtentry2.o(.ARM.exidx) refers to __rtentry2.o(.ARM.Collect$$rtentry$$0000000A) for .ARM.Collect$$rtentry$$0000000A
    __rtentry2.o(.ARM.exidx) refers to __rtentry2.o(.ARM.Collect$$rtentry$$0000000B) for .ARM.Collect$$rtentry$$0000000B
    __rtentry2.o(.ARM.exidx) refers to __rtentry2.o(.ARM.Collect$$rtentry$$0000000D) for .ARM.Collect$$rtentry$$0000000D
    __rtentry4.o(.ARM.Collect$$rtentry$$00000004) refers to sys_stackheap_outer.o(.text) for __user_setup_stackheap
    __rtentry4.o(.ARM.exidx) refers to __rtentry4.o(.ARM.Collect$$rtentry$$00000004) for .ARM.Collect$$rtentry$$00000004
    rt_locale.o(.text) refers to rt_locale.o(.bss) for __rt_locale_data
    rt_locale_intlibspace.o(.text) refers to libspace.o(.bss) for __libspace_start
    bigflt0.o(.text) refers (Special) to usenofp.o(x$fpl$usenofp) for __I$use$fp
    bigflt0.o(.text) refers to btod.o(CL$$btod_emul) for _btod_emul
    bigflt0.o(.text) refers to btod.o(CL$$btod_ediv) for _btod_ediv
    bigflt0.o(.text) refers to bigflt0.o(.constdata) for .constdata
    bigflt0.o(.constdata) refers (Special) to usenofp.o(x$fpl$usenofp) for __I$use$fp
    btod.o(CL$$btod_d2e) refers (Special) to usenofp.o(x$fpl$usenofp) for __I$use$fp
    btod.o(CL$$btod_d2e) refers to btod.o(CL$$btod_d2e_norm_op1) for _d2e_norm_op1
    btod.o(CL$$btod_d2e_norm_op1) refers (Special) to usenofp.o(x$fpl$usenofp) for __I$use$fp
    btod.o(CL$$btod_d2e_norm_op1) refers to btod.o(CL$$btod_d2e_denorm_low) for _d2e_denorm_low
    btod.o(CL$$btod_d2e_denorm_low) refers (Special) to usenofp.o(x$fpl$usenofp) for __I$use$fp
    btod.o(CL$$btod_emul) refers (Special) to usenofp.o(x$fpl$usenofp) for __I$use$fp
    btod.o(CL$$btod_emul) refers to btod.o(CL$$btod_mult_common) for __btod_mult_common
    btod.o(CL$$btod_emul) refers to btod.o(CL$$btod_e2e) for _e2e
    btod.o(CL$$btod_ediv) refers (Special) to usenofp.o(x$fpl$usenofp) for __I$use$fp
    btod.o(CL$$btod_ediv) refers to btod.o(CL$$btod_div_common) for __btod_div_common
    btod.o(CL$$btod_ediv) refers to btod.o(CL$$btod_e2e) for _e2e
    btod.o(CL$$btod_emuld) refers (Special) to usenofp.o(x$fpl$usenofp) for __I$use$fp
    btod.o(CL$$btod_emuld) refers to btod.o(CL$$btod_mult_common) for __btod_mult_common
    btod.o(CL$$btod_emuld) refers to btod.o(CL$$btod_e2d) for _e2d
    btod.o(CL$$btod_edivd) refers (Special) to usenofp.o(x$fpl$usenofp) for __I$use$fp
    btod.o(CL$$btod_edivd) refers to btod.o(CL$$btod_div_common) for __btod_div_common
    btod.o(CL$$btod_edivd) refers to btod.o(CL$$btod_e2d) for _e2d
    btod.o(CL$$btod_e2e) refers (Special) to usenofp.o(x$fpl$usenofp) for __I$use$fp
    btod.o(CL$$btod_e2d) refers (Special) to usenofp.o(x$fpl$usenofp) for __I$use$fp
    btod.o(CL$$btod_e2d) refers to btod.o(CL$$btod_e2e) for _e2e
    btod.o(CL$$btod_mult_common) refers (Special) to usenofp.o(x$fpl$usenofp) for __I$use$fp
    btod.o(CL$$btod_div_common) refers (Special) to usenofp.o(x$fpl$usenofp) for __I$use$fp
    lc_numeric_c.o(locale$$data) refers (Special) to libinit2.o(.ARM.Collect$$libinit$$00000016) for __rt_lib_init_lc_numeric_2
    lc_numeric_c.o(locale$$code) refers (Special) to libinit2.o(.ARM.Collect$$libinit$$00000016) for __rt_lib_init_lc_numeric_2
    lc_numeric_c.o(locale$$code) refers to strcmpv7m.o(.text) for strcmp
    lc_numeric_c.o(locale$$code) refers to lc_numeric_c.o(locale$$data) for __lcnum_c_name
    istatus.o(x$fpl$ieeestatus) refers (Special) to usenofp.o(x$fpl$usenofp) for __I$use$fp
    fpclassify.o(i.__ARM_fpclassify) refers (Special) to usenofp.o(x$fpl$usenofp) for __I$use$fp
    libspace.o(.text) refers to libspace.o(.bss) for __libspace_start
    sys_stackheap_outer.o(.text) refers to libspace.o(.text) for __user_perproc_libspace
    sys_stackheap_outer.o(.text) refers to startup_lpc177x_8x.o(.text) for __user_initial_stackheap
    exit.o(.text) refers to rtexit.o(.ARM.Collect$$rtexit$$00000000) for __rt_exit
    libinit.o(.ARM.Collect$$libinit$$00000000) refers (Special) to libinit2.o(.ARM.Collect$$libinit$$0000002E) for __rt_lib_init_alloca_1
    libinit.o(.ARM.Collect$$libinit$$00000000) refers (Special) to libinit2.o(.ARM.Collect$$libinit$$0000002C) for __rt_lib_init_argv_1
    libinit.o(.ARM.Collect$$libinit$$00000000) refers (Special) to libinit2.o(.ARM.Collect$$libinit$$0000001B) for __rt_lib_init_atexit_1
    libinit.o(.ARM.Collect$$libinit$$00000000) refers (Special) to libinit2.o(.ARM.Collect$$libinit$$00000021) for __rt_lib_init_clock_1
    libinit.o(.ARM.Collect$$libinit$$00000000) refers (Special) to libinit2.o(.ARM.Collect$$libinit$$00000032) for __rt_lib_init_cpp_1
    libinit.o(.ARM.Collect$$libinit$$00000000) refers (Special) to libinit2.o(.ARM.Collect$$libinit$$00000030) for __rt_lib_init_exceptions_1
    libinit.o(.ARM.Collect$$libinit$$00000000) refers (Special) to libinit2.o(.ARM.Collect$$libinit$$00000002) for __rt_lib_init_fp_1
    libinit.o(.ARM.Collect$$libinit$$00000000) refers (Special) to libinit2.o(.ARM.Collect$$libinit$$0000001F) for __rt_lib_init_fp_trap_1
    libinit.o(.ARM.Collect$$libinit$$00000000) refers (Special) to libinit2.o(.ARM.Collect$$libinit$$00000023) for __rt_lib_init_getenv_1
    libinit.o(.ARM.Collect$$libinit$$00000000) refers (Special) to libinit2.o(.ARM.Collect$$libinit$$0000000A) for __rt_lib_init_heap_1
    libinit.o(.ARM.Collect$$libinit$$00000000) refers (Special) to libinit2.o(.ARM.Collect$$libinit$$00000011) for __rt_lib_init_lc_collate_1
    libinit.o(.ARM.Collect$$libinit$$00000000) refers (Special) to libinit2.o(.ARM.Collect$$libinit$$00000013) for __rt_lib_init_lc_ctype_1
    libinit.o(.ARM.Collect$$libinit$$00000000) refers (Special) to libinit2.o(.ARM.Collect$$libinit$$00000015) for __rt_lib_init_lc_monetary_1
    libinit.o(.ARM.Collect$$libinit$$00000000) refers (Special) to libinit2.o(.ARM.Collect$$libinit$$00000017) for __rt_lib_init_lc_numeric_1
    libinit.o(.ARM.Collect$$libinit$$00000000) refers (Special) to libinit2.o(.ARM.Collect$$libinit$$00000019) for __rt_lib_init_lc_time_1
    libinit.o(.ARM.Collect$$libinit$$00000000) refers (Special) to libinit2.o(.ARM.Collect$$libinit$$00000004) for __rt_lib_init_preinit_1
    libinit.o(.ARM.Collect$$libinit$$00000000) refers (Special) to libinit2.o(.ARM.Collect$$libinit$$0000000E) for __rt_lib_init_rand_1
    libinit.o(.ARM.Collect$$libinit$$00000000) refers (Special) to libinit2.o(.ARM.Collect$$libinit$$00000033) for __rt_lib_init_return
    libinit.o(.ARM.Collect$$libinit$$00000000) refers (Special) to libinit2.o(.ARM.Collect$$libinit$$0000001D) for __rt_lib_init_signal_1
    libinit.o(.ARM.Collect$$libinit$$00000000) refers (Special) to libinit2.o(.ARM.Collect$$libinit$$00000025) for __rt_lib_init_stdio_1
    libinit.o(.ARM.Collect$$libinit$$00000000) refers (Special) to libinit2.o(.ARM.Collect$$libinit$$0000000C) for __rt_lib_init_user_alloc_1
    libinit2.o(.ARM.Collect$$libinit$$0000000F) refers (Weak) to rt_locale_intlibspace.o(.text) for __rt_locale
    libinit2.o(.ARM.Collect$$libinit$$00000010) refers to libinit2.o(.ARM.Collect$$libinit$$0000000F) for .ARM.Collect$$libinit$$0000000F
    libinit2.o(.ARM.Collect$$libinit$$00000012) refers to libinit2.o(.ARM.Collect$$libinit$$0000000F) for .ARM.Collect$$libinit$$0000000F
    libinit2.o(.ARM.Collect$$libinit$$00000014) refers to libinit2.o(.ARM.Collect$$libinit$$0000000F) for .ARM.Collect$$libinit$$0000000F
    libinit2.o(.ARM.Collect$$libinit$$00000016) refers to libinit2.o(.ARM.Collect$$libinit$$0000000F) for .ARM.Collect$$libinit$$0000000F
    libinit2.o(.ARM.Collect$$libinit$$00000016) refers (Weak) to lc_numeric_c.o(locale$$code) for _get_lc_numeric
    libinit2.o(.ARM.Collect$$libinit$$00000018) refers to libinit2.o(.ARM.Collect$$libinit$$0000000F) for .ARM.Collect$$libinit$$0000000F
    libinit2.o(.ARM.Collect$$libinit$$00000026) refers to argv_veneer.o(.emb_text) for __ARM_argv_veneer
    libinit2.o(.ARM.Collect$$libinit$$00000027) refers to argv_veneer.o(.emb_text) for __ARM_argv_veneer
    rtexit.o(.ARM.Collect$$rtexit$$00000000) refers (Special) to rtexit2.o(.ARM.Collect$$rtexit$$00000004) for __rt_exit_exit
    rtexit.o(.ARM.Collect$$rtexit$$00000000) refers (Special) to rtexit2.o(.ARM.Collect$$rtexit$$00000003) for __rt_exit_ls
    rtexit.o(.ARM.Collect$$rtexit$$00000000) refers (Special) to rtexit2.o(.ARM.Collect$$rtexit$$00000002) for __rt_exit_prels_1
    rtexit.o(.ARM.exidx) refers (Special) to rtexit2.o(.ARM.Collect$$rtexit$$00000004) for __rt_exit_exit
    rtexit.o(.ARM.exidx) refers (Special) to rtexit2.o(.ARM.Collect$$rtexit$$00000003) for __rt_exit_ls
    rtexit.o(.ARM.exidx) refers (Special) to rtexit2.o(.ARM.Collect$$rtexit$$00000002) for __rt_exit_prels_1
    rtexit.o(.ARM.exidx) refers to rtexit.o(.ARM.Collect$$rtexit$$00000000) for .ARM.Collect$$rtexit$$00000000
    argv_veneer.o(.emb_text) refers to no_argv.o(.text) for __ARM_get_argv
    rtexit2.o(.ARM.Collect$$rtexit$$00000003) refers to libshutdown.o(.ARM.Collect$$libshutdown$$00000000) for __rt_lib_shutdown
    rtexit2.o(.ARM.Collect$$rtexit$$00000004) refers to sys_exit.o(.text) for _sys_exit
    rtexit2.o(.ARM.exidx) refers to rtexit2.o(.ARM.Collect$$rtexit$$00000001) for .ARM.Collect$$rtexit$$00000001
    rtexit2.o(.ARM.exidx) refers to rtexit2.o(.ARM.Collect$$rtexit$$00000003) for .ARM.Collect$$rtexit$$00000003
    rtexit2.o(.ARM.exidx) refers to rtexit2.o(.ARM.Collect$$rtexit$$00000004) for .ARM.Collect$$rtexit$$00000004
    _get_argv_nomalloc.o(.text) refers (Special) to hrguard.o(.text) for __heap_region$guard
    _get_argv_nomalloc.o(.text) refers to defsig_rtmem_outer.o(.text) for __rt_SIGRTMEM
    _get_argv_nomalloc.o(.text) refers to sys_command.o(.text) for _sys_command_string
    sys_command.o(.text) refers (Special) to use_no_semi.o(.text) for __I$use$semihosting
    sys_command.o(.text) refers (Special) to indicate_semi.o(.text) for __semihosting_library_function
    sys_exit.o(.text) refers (Special) to use_no_semi.o(.text) for __I$use$semihosting
    sys_exit.o(.text) refers (Special) to indicate_semi.o(.text) for __semihosting_library_function
    defsig_rtmem_outer.o(.text) refers to defsig_rtmem_inner.o(.text) for __rt_SIGRTMEM_inner
    defsig_rtmem_outer.o(.text) refers to defsig_exit.o(.text) for __sig_exit
    defsig_rtmem_formal.o(.text) refers to rt_raise.o(.text) for __rt_raise
    libshutdown.o(.ARM.Collect$$libshutdown$$00000000) refers (Special) to libshutdown2.o(.ARM.Collect$$libshutdown$$00000002) for __rt_lib_shutdown_cpp_1
    libshutdown.o(.ARM.Collect$$libshutdown$$00000000) refers (Special) to libshutdown2.o(.ARM.Collect$$libshutdown$$00000007) for __rt_lib_shutdown_fp_trap_1
    libshutdown.o(.ARM.Collect$$libshutdown$$00000000) refers (Special) to libshutdown2.o(.ARM.Collect$$libshutdown$$0000000F) for __rt_lib_shutdown_heap_1
    libshutdown.o(.ARM.Collect$$libshutdown$$00000000) refers (Special) to libshutdown2.o(.ARM.Collect$$libshutdown$$00000010) for __rt_lib_shutdown_return
    libshutdown.o(.ARM.Collect$$libshutdown$$00000000) refers (Special) to libshutdown2.o(.ARM.Collect$$libshutdown$$0000000A) for __rt_lib_shutdown_signal_1
    libshutdown.o(.ARM.Collect$$libshutdown$$00000000) refers (Special) to libshutdown2.o(.ARM.Collect$$libshutdown$$00000004) for __rt_lib_shutdown_stdio_1
    libshutdown.o(.ARM.Collect$$libshutdown$$00000000) refers (Special) to libshutdown2.o(.ARM.Collect$$libshutdown$$0000000C) for __rt_lib_shutdown_user_alloc_1
    rt_raise.o(.text) refers to __raise.o(.text) for __raise
    rt_raise.o(.text) refers to sys_exit.o(.text) for _sys_exit
    defsig_exit.o(.text) refers to sys_exit.o(.text) for _sys_exit
    defsig_rtmem_inner.o(.text) refers to defsig_general.o(.text) for __default_signal_display
    __raise.o(.text) refers to defsig.o(CL$$defsig) for __default_signal_handler
    defsig_general.o(.text) refers to sys_wrch.o(.text) for _ttywrch
    sys_wrch.o(.text) refers (Special) to use_no_semi.o(.text) for __I$use$semihosting
    sys_wrch.o(.text) refers (Special) to indicate_semi.o(.text) for __semihosting_library_function
    defsig.o(CL$$defsig) refers to defsig_rtmem_inner.o(.text) for __rt_SIGRTMEM_inner
    defsig_abrt_inner.o(.text) refers to defsig_general.o(.text) for __default_signal_display
    defsig_fpe_inner.o(.text) refers to defsig_general.o(.text) for __default_signal_display
    defsig_rtred_inner.o(.text) refers to defsig_general.o(.text) for __default_signal_display
    defsig_stak_inner.o(.text) refers to defsig_general.o(.text) for __default_signal_display
    defsig_pvfn_inner.o(.text) refers to defsig_general.o(.text) for __default_signal_display
    defsig_cppl_inner.o(.text) refers to defsig_general.o(.text) for __default_signal_display
    defsig_segv_inner.o(.text) refers to defsig_general.o(.text) for __default_signal_display
    defsig_other.o(.text) refers to defsig_general.o(.text) for __default_signal_display


==============================================================================

Removing Unused input sections from the image.

    Removing system_lpc177x_8x.o(.rev16_text), (4 bytes).
    Removing system_lpc177x_8x.o(.revsh_text), (4 bytes).
    Removing system_lpc177x_8x.o(i.SystemCoreClockUpdate), (824 bytes).
    Removing system_lpc177x_8x.o(.data), (16 bytes).
    Removing main.o(.rev16_text), (4 bytes).
    Removing main.o(.revsh_text), (4 bytes).
    Removing sensor.o(.rev16_text), (4 bytes).
    Removing sensor.o(.revsh_text), (4 bytes).
    Removing lcd_display.o(.rev16_text), (4 bytes).
    Removing lcd_display.o(.revsh_text), (4 bytes).
    Removing led_p1_10_toggle.o(.rev16_text), (4 bytes).
    Removing led_p1_10_toggle.o(.revsh_text), (4 bytes).
    Removing compass.o(.rev16_text), (4 bytes).
    Removing compass.o(.revsh_text), (4 bytes).

14 unused section(s) (total 888 bytes) removed from the image.

==============================================================================

Image Symbol Table

    Local Symbols

    Symbol Name                              Value     Ov Type        Size  Object(Section)

    RESET                                    0x00000000   Section      228  startup_lpc177x_8x.o(RESET)
    ../clib/angel/boardlib.s                 0x00000000   Number         0  boardinit3.o ABSOLUTE
    ../clib/angel/boardlib.s                 0x00000000   Number         0  boardinit2.o ABSOLUTE
    ../clib/angel/boardlib.s                 0x00000000   Number         0  boardshut.o ABSOLUTE
    ../clib/angel/boardlib.s                 0x00000000   Number         0  boardinit1.o ABSOLUTE
    ../clib/angel/handlers.s                 0x00000000   Number         0  __scatter_zi.o ABSOLUTE
    ../clib/angel/handlers.s                 0x00000000   Number         0  __scatter_copy.o ABSOLUTE
    ../clib/angel/kernel.s                   0x00000000   Number         0  __rtentry.o ABSOLUTE
    ../clib/angel/kernel.s                   0x00000000   Number         0  rtexit2.o ABSOLUTE
    ../clib/angel/kernel.s                   0x00000000   Number         0  rtexit.o ABSOLUTE
    ../clib/angel/kernel.s                   0x00000000   Number         0  __rtentry2.o ABSOLUTE
    ../clib/angel/kernel.s                   0x00000000   Number         0  __rtentry4.o ABSOLUTE
    ../clib/angel/rt.s                       0x00000000   Number         0  rt_raise.o ABSOLUTE
    ../clib/angel/rt.s                       0x00000000   Number         0  rt_locale.o ABSOLUTE
    ../clib/angel/rt.s                       0x00000000   Number         0  rt_locale_intlibspace.o ABSOLUTE
    ../clib/angel/scatter.s                  0x00000000   Number         0  __scatter.o ABSOLUTE
    ../clib/angel/startup.s                  0x00000000   Number         0  __main.o ABSOLUTE
    ../clib/angel/sys.s                      0x00000000   Number         0  libspace.o ABSOLUTE
    ../clib/angel/sys.s                      0x00000000   Number         0  sys_stackheap_outer.o ABSOLUTE
    ../clib/angel/sys.s                      0x00000000   Number         0  use_no_semi.o ABSOLUTE
    ../clib/angel/sys.s                      0x00000000   Number         0  indicate_semi.o ABSOLUTE
    ../clib/angel/sysapp.c                   0x00000000   Number         0  sys_command.o ABSOLUTE
    ../clib/angel/sysapp.c                   0x00000000   Number         0  sys_exit.o ABSOLUTE
    ../clib/angel/sysapp.c                   0x00000000   Number         0  sys_wrch.o ABSOLUTE
    ../clib/armsys.c                         0x00000000   Number         0  argv_veneer.o ABSOLUTE
    ../clib/armsys.c                         0x00000000   Number         0  argv_veneer.o ABSOLUTE
    ../clib/armsys.c                         0x00000000   Number         0  _get_argv_nomalloc.o ABSOLUTE
    ../clib/armsys.c                         0x00000000   Number         0  no_argv.o ABSOLUTE
    ../clib/bigflt.c                         0x00000000   Number         0  bigflt0.o ABSOLUTE
    ../clib/btod.s                           0x00000000   Number         0  btod.o ABSOLUTE
    ../clib/heapalloc.c                      0x00000000   Number         0  hrguard.o ABSOLUTE
    ../clib/heapaux.c                        0x00000000   Number         0  heapauxi.o ABSOLUTE
    ../clib/libinit.s                        0x00000000   Number         0  libshutdown.o ABSOLUTE
    ../clib/libinit.s                        0x00000000   Number         0  libshutdown2.o ABSOLUTE
    ../clib/libinit.s                        0x00000000   Number         0  libinit.o ABSOLUTE
    ../clib/libinit.s                        0x00000000   Number         0  libinit2.o ABSOLUTE
    ../clib/locale.s                         0x00000000   Number         0  lc_numeric_c.o ABSOLUTE
    ../clib/longlong.s                       0x00000000   Number         0  lludiv10.o ABSOLUTE
    ../clib/memcpset.s                       0x00000000   Number         0  strcmpv7m.o ABSOLUTE
    ../clib/printf.c                         0x00000000   Number         0  __printf_ss.o ABSOLUTE
    ../clib/printf.c                         0x00000000   Number         0  __printf_wp.o ABSOLUTE
    ../clib/printf.c                         0x00000000   Number         0  _printf_fp_infnan.o ABSOLUTE
    ../clib/printf.c                         0x00000000   Number         0  __printf_flags_wp.o ABSOLUTE
    ../clib/printf.c                         0x00000000   Number         0  __printf_ss_wp.o ABSOLUTE
    ../clib/printf.c                         0x00000000   Number         0  __printf_flags_ss_wp.o ABSOLUTE
    ../clib/printf.c                         0x00000000   Number         0  _printf_fp_dec.o ABSOLUTE
    ../clib/printf.c                         0x00000000   Number         0  __printf_nopercent.o ABSOLUTE
    ../clib/printf.c                         0x00000000   Number         0  _printf_char_common.o ABSOLUTE
    ../clib/printf.c                         0x00000000   Number         0  _sputc.o ABSOLUTE
    ../clib/printf.c                         0x00000000   Number         0  __printf.o ABSOLUTE
    ../clib/printf.c                         0x00000000   Number         0  __2sprintf.o ABSOLUTE
    ../clib/printf.c                         0x00000000   Number         0  noretval__2sprintf.o ABSOLUTE
    ../clib/printf.c                         0x00000000   Number         0  __printf_flags_ss.o ABSOLUTE
    ../clib/printf.c                         0x00000000   Number         0  __printf_flags.o ABSOLUTE
    ../clib/printf_percent.s                 0x00000000   Number         0  _printf_percent.o ABSOLUTE
    ../clib/printf_percent.s                 0x00000000   Number         0  _printf_percent_end.o ABSOLUTE
    ../clib/printf_percent.s                 0x00000000   Number         0  _printf_f.o ABSOLUTE
    ../clib/signal.c                         0x00000000   Number         0  defsig_rtmem_formal.o ABSOLUTE
    ../clib/signal.c                         0x00000000   Number         0  defsig_rtred_inner.o ABSOLUTE
    ../clib/signal.c                         0x00000000   Number         0  defsig_exit.o ABSOLUTE
    ../clib/signal.c                         0x00000000   Number         0  defsig_segv_inner.o ABSOLUTE
    ../clib/signal.c                         0x00000000   Number         0  defsig_cppl_inner.o ABSOLUTE
    ../clib/signal.c                         0x00000000   Number         0  defsig_fpe_inner.o ABSOLUTE
    ../clib/signal.c                         0x00000000   Number         0  defsig_other.o ABSOLUTE
    ../clib/signal.c                         0x00000000   Number         0  defsig_rtmem_inner.o ABSOLUTE
    ../clib/signal.c                         0x00000000   Number         0  defsig_abrt_inner.o ABSOLUTE
    ../clib/signal.c                         0x00000000   Number         0  defsig_pvfn_inner.o ABSOLUTE
    ../clib/signal.c                         0x00000000   Number         0  defsig_stak_inner.o ABSOLUTE
    ../clib/signal.c                         0x00000000   Number         0  defsig_rtmem_outer.o ABSOLUTE
    ../clib/signal.c                         0x00000000   Number         0  __raise.o ABSOLUTE
    ../clib/signal.c                         0x00000000   Number         0  defsig_general.o ABSOLUTE
    ../clib/signal.s                         0x00000000   Number         0  defsig.o ABSOLUTE
    ../clib/stdlib.c                         0x00000000   Number         0  exit.o ABSOLUTE
    ../fplib/dretinf.s                       0x00000000   Number         0  dretinf.o ABSOLUTE
    ../fplib/f2d.s                           0x00000000   Number         0  f2d.o ABSOLUTE
    ../fplib/fdiv.s                          0x00000000   Number         0  fdiv.o ABSOLUTE
    ../fplib/fflt.s                          0x00000000   Number         0  fflt_clz.o ABSOLUTE
    ../fplib/fnaninf.s                       0x00000000   Number         0  fnaninf.o ABSOLUTE
    ../fplib/fpinit.s                        0x00000000   Number         0  fpinit.o ABSOLUTE
    ../fplib/fretinf.s                       0x00000000   Number         0  fretinf.o ABSOLUTE
    ../fplib/istatus.s                       0x00000000   Number         0  istatus.o ABSOLUTE
    ../fplib/printf1.s                       0x00000000   Number         0  printf1.o ABSOLUTE
    ../fplib/usenofp.s                       0x00000000   Number         0  usenofp.o ABSOLUTE
    ../mathlib/fpclassify.c                  0x00000000   Number         0  fpclassify.o ABSOLUTE
    Output\\lcd_display.c                    0x00000000   Number         0  lcd_display.o ABSOLUTE
    Output\lcd_display.c                     0x00000000   Number         0  lcd_display.o ABSOLUTE
    Output\output.c                          0x00000000   Number         0  output.o ABSOLUTE
    Utilities\LED_P1_10_toggle.c             0x00000000   Number         0  led_p1_10_toggle.o ABSOLUTE
    Utilities\\LED_P1_10_toggle.c            0x00000000   Number         0  led_p1_10_toggle.o ABSOLUTE
    Utilities\delay.s                        0x00000000   Number         0  delay.o ABSOLUTE
    compass.c                                0x00000000   Number         0  compass.o ABSOLUTE
    compass.c                                0x00000000   Number         0  compass.o ABSOLUTE
    core_cm3.c                               0x00000000   Number         0  core_cm3.o ABSOLUTE
    dc.s                                     0x00000000   Number         0  dc.o ABSOLUTE
    input\\sensor.c                          0x00000000   Number         0  sensor.o ABSOLUTE
    input\input.c                            0x00000000   Number         0  input.o ABSOLUTE
    input\sensor.c                           0x00000000   Number         0  sensor.o ABSOLUTE
    main.c                                   0x00000000   Number         0  main.o ABSOLUTE
    main.c                                   0x00000000   Number         0  main.o ABSOLUTE
    startup_LPC177x_8x.s                     0x00000000   Number         0  startup_lpc177x_8x.o ABSOLUTE
    system_LPC177x_8x.c                      0x00000000   Number         0  system_lpc177x_8x.o ABSOLUTE
    system_LPC177x_8x.c                      0x00000000   Number         0  system_lpc177x_8x.o ABSOLUTE
    !!!main                                  0x000000e4   Section        8  __main.o(!!!main)
    !!!scatter                               0x000000ec   Section       52  __scatter.o(!!!scatter)
    !!handler_copy                           0x00000120   Section       26  __scatter_copy.o(!!handler_copy)
    !!handler_zi                             0x0000013c   Section       28  __scatter_zi.o(!!handler_zi)
    .ARM.Collect$$_printf_percent$$00000000  0x00000158   Section        0  _printf_percent.o(.ARM.Collect$$_printf_percent$$00000000)
    .ARM.Collect$$_printf_percent$$00000003  0x00000158   Section        6  _printf_f.o(.ARM.Collect$$_printf_percent$$00000003)
    .ARM.Collect$$_printf_percent$$00000017  0x0000015e   Section        4  _printf_percent_end.o(.ARM.Collect$$_printf_percent$$00000017)
    .ARM.Collect$$libinit$$00000000          0x00000162   Section        2  libinit.o(.ARM.Collect$$libinit$$00000000)
    .ARM.Collect$$libinit$$00000002          0x00000164   Section        0  libinit2.o(.ARM.Collect$$libinit$$00000002)
    .ARM.Collect$$libinit$$00000004          0x00000164   Section        0  libinit2.o(.ARM.Collect$$libinit$$00000004)
    .ARM.Collect$$libinit$$0000000A          0x00000164   Section        0  libinit2.o(.ARM.Collect$$libinit$$0000000A)
    .ARM.Collect$$libinit$$0000000C          0x00000164   Section        0  libinit2.o(.ARM.Collect$$libinit$$0000000C)
    .ARM.Collect$$libinit$$0000000E          0x00000164   Section        0  libinit2.o(.ARM.Collect$$libinit$$0000000E)
    .ARM.Collect$$libinit$$0000000F          0x00000164   Section        6  libinit2.o(.ARM.Collect$$libinit$$0000000F)
    .ARM.Collect$$libinit$$00000011          0x0000016a   Section        0  libinit2.o(.ARM.Collect$$libinit$$00000011)
    .ARM.Collect$$libinit$$00000013          0x0000016a   Section        0  libinit2.o(.ARM.Collect$$libinit$$00000013)
    .ARM.Collect$$libinit$$00000015          0x0000016a   Section        0  libinit2.o(.ARM.Collect$$libinit$$00000015)
    .ARM.Collect$$libinit$$00000016          0x0000016a   Section       10  libinit2.o(.ARM.Collect$$libinit$$00000016)
    .ARM.Collect$$libinit$$00000017          0x00000174   Section        0  libinit2.o(.ARM.Collect$$libinit$$00000017)
    .ARM.Collect$$libinit$$00000019          0x00000174   Section        0  libinit2.o(.ARM.Collect$$libinit$$00000019)
    .ARM.Collect$$libinit$$0000001B          0x00000174   Section        0  libinit2.o(.ARM.Collect$$libinit$$0000001B)
    .ARM.Collect$$libinit$$0000001D          0x00000174   Section        0  libinit2.o(.ARM.Collect$$libinit$$0000001D)
    .ARM.Collect$$libinit$$0000001F          0x00000174   Section        0  libinit2.o(.ARM.Collect$$libinit$$0000001F)
    .ARM.Collect$$libinit$$00000021          0x00000174   Section        0  libinit2.o(.ARM.Collect$$libinit$$00000021)
    .ARM.Collect$$libinit$$00000023          0x00000174   Section        0  libinit2.o(.ARM.Collect$$libinit$$00000023)
    .ARM.Collect$$libinit$$00000025          0x00000174   Section        0  libinit2.o(.ARM.Collect$$libinit$$00000025)
    .ARM.Collect$$libinit$$0000002C          0x00000174   Section        0  libinit2.o(.ARM.Collect$$libinit$$0000002C)
    .ARM.Collect$$libinit$$0000002E          0x00000174   Section        0  libinit2.o(.ARM.Collect$$libinit$$0000002E)
    .ARM.Collect$$libinit$$00000030          0x00000174   Section        0  libinit2.o(.ARM.Collect$$libinit$$00000030)
    .ARM.Collect$$libinit$$00000032          0x00000174   Section        0  libinit2.o(.ARM.Collect$$libinit$$00000032)
    .ARM.Collect$$libinit$$00000033          0x00000174   Section        2  libinit2.o(.ARM.Collect$$libinit$$00000033)
    .ARM.Collect$$libshutdown$$00000000      0x00000176   Section        2  libshutdown.o(.ARM.Collect$$libshutdown$$00000000)
    .ARM.Collect$$libshutdown$$00000002      0x00000178   Section        0  libshutdown2.o(.ARM.Collect$$libshutdown$$00000002)
    .ARM.Collect$$libshutdown$$00000004      0x00000178   Section        0  libshutdown2.o(.ARM.Collect$$libshutdown$$00000004)
    .ARM.Collect$$libshutdown$$00000007      0x00000178   Section        0  libshutdown2.o(.ARM.Collect$$libshutdown$$00000007)
    .ARM.Collect$$libshutdown$$0000000A      0x00000178   Section        0  libshutdown2.o(.ARM.Collect$$libshutdown$$0000000A)
    .ARM.Collect$$libshutdown$$0000000C      0x00000178   Section        0  libshutdown2.o(.ARM.Collect$$libshutdown$$0000000C)
    .ARM.Collect$$libshutdown$$0000000F      0x00000178   Section        0  libshutdown2.o(.ARM.Collect$$libshutdown$$0000000F)
    .ARM.Collect$$libshutdown$$00000010      0x00000178   Section        2  libshutdown2.o(.ARM.Collect$$libshutdown$$00000010)
    .ARM.Collect$$rtentry$$00000000          0x0000017a   Section        0  __rtentry.o(.ARM.Collect$$rtentry$$00000000)
    .ARM.Collect$$rtentry$$00000002          0x0000017a   Section        0  __rtentry2.o(.ARM.Collect$$rtentry$$00000002)
    .ARM.Collect$$rtentry$$00000004          0x0000017a   Section        6  __rtentry4.o(.ARM.Collect$$rtentry$$00000004)
    .ARM.Collect$$rtentry$$00000009          0x00000180   Section        0  __rtentry2.o(.ARM.Collect$$rtentry$$00000009)
    .ARM.Collect$$rtentry$$0000000A          0x00000180   Section        4  __rtentry2.o(.ARM.Collect$$rtentry$$0000000A)
    .ARM.Collect$$rtentry$$0000000C          0x00000184   Section        0  __rtentry2.o(.ARM.Collect$$rtentry$$0000000C)
    .ARM.Collect$$rtentry$$0000000D          0x00000184   Section        8  __rtentry2.o(.ARM.Collect$$rtentry$$0000000D)
    .ARM.Collect$$rtexit$$00000000           0x0000018c   Section        2  rtexit.o(.ARM.Collect$$rtexit$$00000000)
    .ARM.Collect$$rtexit$$00000002           0x0000018e   Section        0  rtexit2.o(.ARM.Collect$$rtexit$$00000002)
    .ARM.Collect$$rtexit$$00000003           0x0000018e   Section        4  rtexit2.o(.ARM.Collect$$rtexit$$00000003)
    .ARM.Collect$$rtexit$$00000004           0x00000192   Section        6  rtexit2.o(.ARM.Collect$$rtexit$$00000004)
    .text                                    0x00000198   Section       64  startup_lpc177x_8x.o(.text)
    .text                                    0x000001d8   Section        0  noretval__2sprintf.o(.text)
    .text                                    0x00000200   Section        0  __printf.o(.text)
    .text                                    0x00000268   Section        0  heapauxi.o(.text)
    .text                                    0x00000270   Section        0  _printf_char_common.o(.text)
    _printf_input_char                       0x00000271   Thumb Code    10  _printf_char_common.o(.text)
    .text                                    0x000002a0   Section        0  _sputc.o(.text)
    .text                                    0x000002ac   Section        8  rt_locale_intlibspace.o(.text)
    .text                                    0x000002b4   Section        8  libspace.o(.text)
    .text                                    0x000002bc   Section        0  exit.o(.text)
    .text                                    0x000002d0   Section        0  sys_exit.o(.text)
    .text                                    0x000002dc   Section        2  use_no_semi.o(.text)
    .text                                    0x000002de   Section        0  indicate_semi.o(.text)
    i.check_status                           0x000002e0   Section        0  lcd_display.o(i.check_status)
    x$fpl$printf1                            0x000002f8   Section        4  printf1.o(x$fpl$printf1)
    .ARM.__at_0x02FC                         0x000002fc   Section        4  startup_lpc177x_8x.o(.ARM.__at_0x02FC)
    .text                                    0x00000300   Section        0  _printf_fp_dec.o(.text)
    _fp_digits                               0x00000303   Thumb Code   432  _printf_fp_dec.o(.text)
    .text                                    0x0000071e   Section      138  lludiv10.o(.text)
    .text                                    0x000007a8   Section        0  _printf_fp_infnan.o(.text)
    .text                                    0x00000828   Section        0  bigflt0.o(.text)
    .text                                    0x0000090c   Section       74  sys_stackheap_outer.o(.text)
    .text                                    0x00000958   Section      128  strcmpv7m.o(.text)
    CL$$btod_d2e                             0x000009d8   Section       62  btod.o(CL$$btod_d2e)
    CL$$btod_d2e_denorm_low                  0x00000a16   Section       70  btod.o(CL$$btod_d2e_denorm_low)
    CL$$btod_d2e_norm_op1                    0x00000a5c   Section       96  btod.o(CL$$btod_d2e_norm_op1)
    CL$$btod_div_common                      0x00000abc   Section      824  btod.o(CL$$btod_div_common)
    CL$$btod_e2e                             0x00000df4   Section      220  btod.o(CL$$btod_e2e)
    CL$$btod_ediv                            0x00000ed0   Section       42  btod.o(CL$$btod_ediv)
    CL$$btod_emul                            0x00000efa   Section       42  btod.o(CL$$btod_emul)
    CL$$btod_mult_common                     0x00000f24   Section      580  btod.o(CL$$btod_mult_common)
    DELAY                                    0x00001168   Section       32  delay.o(DELAY)
    i.SysTick_Handler                        0x00001188   Section        0  led_p1_10_toggle.o(i.SysTick_Handler)
    i.SystemInit                             0x000011a8   Section        0  system_lpc177x_8x.o(i.SystemInit)
    i.__ARM_fpclassify                       0x00001280   Section        0  fpclassify.o(i.__ARM_fpclassify)
    i.clear_display                          0x000012a8   Section        0  lcd_display.o(i.clear_display)
    i.compass_init                           0x000012d0   Section        0  compass.o(i.compass_init)
    i.display_init                           0x00001348   Section        0  lcd_display.o(i.display_init)
    i.get_direction                          0x00001528   Section        0  compass.o(i.get_direction)
    i.get_distance                           0x00001568   Section        0  sensor.o(i.get_distance)
    i.init                                   0x00001648   Section        0  main.o(i.init)
    i.input_init                             0x0000167c   Section        0  input.o(i.input_init)
    i.main                                   0x00001688   Section        0  main.o(i.main)
    i.output_init                            0x000017d4   Section        0  output.o(i.output_init)
    i.send_command_0                         0x000017dc   Section        0  lcd_display.o(i.send_command_0)
    i.send_command_1                         0x000017f4   Section        0  lcd_display.o(i.send_command_1)
    i.send_command_2                         0x0000181c   Section        0  lcd_display.o(i.send_command_2)
    i.sensor_init                            0x00001858   Section        0  sensor.o(i.sensor_init)
    i.toggle_LED                             0x00001888   Section        0  led_p1_10_toggle.o(i.toggle_LED)
    i.write_text                             0x000018b4   Section        0  lcd_display.o(i.write_text)
    locale$$code                             0x000018f0   Section       44  lc_numeric_c.o(locale$$code)
    x$fpl$dretinf                            0x0000191c   Section       12  dretinf.o(x$fpl$dretinf)
    x$fpl$f2d                                0x00001928   Section       86  f2d.o(x$fpl$f2d)
    x$fpl$fdiv                               0x00001980   Section      388  fdiv.o(x$fpl$fdiv)
    _fdiv1                                   0x00001981   Thumb Code     0  fdiv.o(x$fpl$fdiv)
    x$fpl$fflt                               0x00001b04   Section       48  fflt_clz.o(x$fpl$fflt)
    x$fpl$fnaninf                            0x00001b34   Section      140  fnaninf.o(x$fpl$fnaninf)
    x$fpl$fretinf                            0x00001bc0   Section       10  fretinf.o(x$fpl$fretinf)
    x$fpl$usenofp                            0x00001bca   Section        0  usenofp.o(x$fpl$usenofp)
    .constdata                               0x00001bcc   Section      148  bigflt0.o(.constdata)
    tenpwrs_x                                0x00001bcc   Data          60  bigflt0.o(.constdata)
    tenpwrs_i                                0x00001c08   Data          64  bigflt0.o(.constdata)
    locale$$data                             0x00001c80   Section       28  lc_numeric_c.o(locale$$data)
    __lcnum_c_name                           0x00001c84   Data           2  lc_numeric_c.o(locale$$data)
    __lcnum_c_start                          0x00001c8c   Data           0  lc_numeric_c.o(locale$$data)
    __lcnum_c_point                          0x00001c98   Data           0  lc_numeric_c.o(locale$$data)
    __lcnum_c_thousands                      0x00001c9a   Data           0  lc_numeric_c.o(locale$$data)
    __lcnum_c_grouping                       0x00001c9b   Data           0  lc_numeric_c.o(locale$$data)
    __lcnum_c_end                            0x00001c9c   Data           0  lc_numeric_c.o(locale$$data)
    .data                                    0x10000000   Section        2  led_p1_10_toggle.o(.data)
    togglee                                  0x10000000   Data           1  led_p1_10_toggle.o(.data)
    toggleee                                 0x10000001   Data           1  led_p1_10_toggle.o(.data)
    .bss                                     0x10000004   Section       24  sensor.o(.bss)
    .bss                                     0x1000001c   Section       96  libspace.o(.bss)
    HEAP                                     0x10000080   Section     1024  startup_lpc177x_8x.o(HEAP)
    Heap_Mem                                 0x10000080   Data        1024  startup_lpc177x_8x.o(HEAP)
    STACK                                    0x10000480   Section      512  startup_lpc177x_8x.o(STACK)
    Stack_Mem                                0x10000480   Data         512  startup_lpc177x_8x.o(STACK)
    __initial_sp                             0x10000680   Data           0  startup_lpc177x_8x.o(STACK)

    Global Symbols

    Symbol Name                              Value     Ov Type        Size  Object(Section)

    BuildAttributes$$THM_ISAv4$P$D$K$B$S$PE$A:L22UL41UL21$X:L11$S22US41US21$IEEE1$IW$USESV6$~STKCKD$USESV7$~SHL$OTIME$ROPI$IEEEJ$EBA8$UX$STANDARDLIB$REQ8$EABIv2 0x00000000   Number         0  anon$$obj.o ABSOLUTE
    __ARM_use_no_argv                        0x00000000   Number         0  main.o ABSOLUTE
    __Vectors                                0x00000000   Data           4  startup_lpc177x_8x.o(RESET)
    __ARM_exceptions_init                     - Undefined Weak Reference
    __alloca_initialize                       - Undefined Weak Reference
    __arm_preinit_                            - Undefined Weak Reference
    __cpp_initialize__aeabi_                  - Undefined Weak Reference
    __cxa_finalize                            - Undefined Weak Reference
    __sigvec_lookup                           - Undefined Weak Reference
    _atexit_init                              - Undefined Weak Reference
    _call_atexit_fns                          - Undefined Weak Reference
    _clock_init                               - Undefined Weak Reference
    _fp_trap_init                             - Undefined Weak Reference
    _fp_trap_shutdown                         - Undefined Weak Reference
    _get_lc_collate                           - Undefined Weak Reference
    _get_lc_ctype                             - Undefined Weak Reference
    _get_lc_monetary                          - Undefined Weak Reference
    _get_lc_time                              - Undefined Weak Reference
    _getenv_init                              - Undefined Weak Reference
    _handle_redirection                       - Undefined Weak Reference
    _init_alloc                               - Undefined Weak Reference
    _init_user_alloc                          - Undefined Weak Reference
    _initio                                   - Undefined Weak Reference
    _printf_post_padding                      - Undefined Weak Reference
    _printf_pre_padding                       - Undefined Weak Reference
    _rand_init                                - Undefined Weak Reference
    _signal_finish                            - Undefined Weak Reference
    _signal_init                              - Undefined Weak Reference
    _terminate_alloc                          - Undefined Weak Reference
    _terminate_user_alloc                     - Undefined Weak Reference
    _terminateio                              - Undefined Weak Reference
    __main                                   0x000000e5   Thumb Code     8  __main.o(!!!main)
    __scatterload                            0x000000ed   Thumb Code     0  __scatter.o(!!!scatter)
    __scatterload_rt2                        0x000000ed   Thumb Code    44  __scatter.o(!!!scatter)
    __scatterload_rt2_thumb_only             0x000000ed   Thumb Code     0  __scatter.o(!!!scatter)
    __scatterload_null                       0x000000fb   Thumb Code     0  __scatter.o(!!!scatter)
    __scatterload_copy                       0x00000121   Thumb Code    26  __scatter_copy.o(!!handler_copy)
    __scatterload_zeroinit                   0x0000013d   Thumb Code    28  __scatter_zi.o(!!handler_zi)
    _printf_f                                0x00000159   Thumb Code     0  _printf_f.o(.ARM.Collect$$_printf_percent$$00000003)
    _printf_percent                          0x00000159   Thumb Code     0  _printf_percent.o(.ARM.Collect$$_printf_percent$$00000000)
    _printf_percent_end                      0x0000015f   Thumb Code     0  _printf_percent_end.o(.ARM.Collect$$_printf_percent$$00000017)
    __rt_lib_init                            0x00000163   Thumb Code     0  libinit.o(.ARM.Collect$$libinit$$00000000)
    __rt_lib_init_fp_1                       0x00000165   Thumb Code     0  libinit2.o(.ARM.Collect$$libinit$$00000002)
    __rt_lib_init_heap_1                     0x00000165   Thumb Code     0  libinit2.o(.ARM.Collect$$libinit$$0000000A)
    __rt_lib_init_lc_common                  0x00000165   Thumb Code     0  libinit2.o(.ARM.Collect$$libinit$$0000000F)
    __rt_lib_init_preinit_1                  0x00000165   Thumb Code     0  libinit2.o(.ARM.Collect$$libinit$$00000004)
    __rt_lib_init_rand_1                     0x00000165   Thumb Code     0  libinit2.o(.ARM.Collect$$libinit$$0000000E)
    __rt_lib_init_user_alloc_1               0x00000165   Thumb Code     0  libinit2.o(.ARM.Collect$$libinit$$0000000C)
    __rt_lib_init_lc_collate_1               0x0000016b   Thumb Code     0  libinit2.o(.ARM.Collect$$libinit$$00000011)
    __rt_lib_init_lc_ctype_1                 0x0000016b   Thumb Code     0  libinit2.o(.ARM.Collect$$libinit$$00000013)
    __rt_lib_init_lc_monetary_1              0x0000016b   Thumb Code     0  libinit2.o(.ARM.Collect$$libinit$$00000015)
    __rt_lib_init_lc_numeric_2               0x0000016b   Thumb Code     0  libinit2.o(.ARM.Collect$$libinit$$00000016)
    __rt_lib_init_alloca_1                   0x00000175   Thumb Code     0  libinit2.o(.ARM.Collect$$libinit$$0000002E)
    __rt_lib_init_argv_1                     0x00000175   Thumb Code     0  libinit2.o(.ARM.Collect$$libinit$$0000002C)
    __rt_lib_init_atexit_1                   0x00000175   Thumb Code     0  libinit2.o(.ARM.Collect$$libinit$$0000001B)
    __rt_lib_init_clock_1                    0x00000175   Thumb Code     0  libinit2.o(.ARM.Collect$$libinit$$00000021)
    __rt_lib_init_cpp_1                      0x00000175   Thumb Code     0  libinit2.o(.ARM.Collect$$libinit$$00000032)
    __rt_lib_init_exceptions_1               0x00000175   Thumb Code     0  libinit2.o(.ARM.Collect$$libinit$$00000030)
    __rt_lib_init_fp_trap_1                  0x00000175   Thumb Code     0  libinit2.o(.ARM.Collect$$libinit$$0000001F)
    __rt_lib_init_getenv_1                   0x00000175   Thumb Code     0  libinit2.o(.ARM.Collect$$libinit$$00000023)
    __rt_lib_init_lc_numeric_1               0x00000175   Thumb Code     0  libinit2.o(.ARM.Collect$$libinit$$00000017)
    __rt_lib_init_lc_time_1                  0x00000175   Thumb Code     0  libinit2.o(.ARM.Collect$$libinit$$00000019)
    __rt_lib_init_return                     0x00000175   Thumb Code     0  libinit2.o(.ARM.Collect$$libinit$$00000033)
    __rt_lib_init_signal_1                   0x00000175   Thumb Code     0  libinit2.o(.ARM.Collect$$libinit$$0000001D)
    __rt_lib_init_stdio_1                    0x00000175   Thumb Code     0  libinit2.o(.ARM.Collect$$libinit$$00000025)
    __rt_lib_shutdown                        0x00000177   Thumb Code     0  libshutdown.o(.ARM.Collect$$libshutdown$$00000000)
    __rt_lib_shutdown_cpp_1                  0x00000179   Thumb Code     0  libshutdown2.o(.ARM.Collect$$libshutdown$$00000002)
    __rt_lib_shutdown_fp_trap_1              0x00000179   Thumb Code     0  libshutdown2.o(.ARM.Collect$$libshutdown$$00000007)
    __rt_lib_shutdown_heap_1                 0x00000179   Thumb Code     0  libshutdown2.o(.ARM.Collect$$libshutdown$$0000000F)
    __rt_lib_shutdown_return                 0x00000179   Thumb Code     0  libshutdown2.o(.ARM.Collect$$libshutdown$$00000010)
    __rt_lib_shutdown_signal_1               0x00000179   Thumb Code     0  libshutdown2.o(.ARM.Collect$$libshutdown$$0000000A)
    __rt_lib_shutdown_stdio_1                0x00000179   Thumb Code     0  libshutdown2.o(.ARM.Collect$$libshutdown$$00000004)
    __rt_lib_shutdown_user_alloc_1           0x00000179   Thumb Code     0  libshutdown2.o(.ARM.Collect$$libshutdown$$0000000C)
    __rt_entry                               0x0000017b   Thumb Code     0  __rtentry.o(.ARM.Collect$$rtentry$$00000000)
    __rt_entry_presh_1                       0x0000017b   Thumb Code     0  __rtentry2.o(.ARM.Collect$$rtentry$$00000002)
    __rt_entry_sh                            0x0000017b   Thumb Code     0  __rtentry4.o(.ARM.Collect$$rtentry$$00000004)
    __rt_entry_li                            0x00000181   Thumb Code     0  __rtentry2.o(.ARM.Collect$$rtentry$$0000000A)
    __rt_entry_postsh_1                      0x00000181   Thumb Code     0  __rtentry2.o(.ARM.Collect$$rtentry$$00000009)
    __rt_entry_main                          0x00000185   Thumb Code     0  __rtentry2.o(.ARM.Collect$$rtentry$$0000000D)
    __rt_entry_postli_1                      0x00000185   Thumb Code     0  __rtentry2.o(.ARM.Collect$$rtentry$$0000000C)
    __rt_exit                                0x0000018d   Thumb Code     0  rtexit.o(.ARM.Collect$$rtexit$$00000000)
    __rt_exit_ls                             0x0000018f   Thumb Code     0  rtexit2.o(.ARM.Collect$$rtexit$$00000003)
    __rt_exit_prels_1                        0x0000018f   Thumb Code     0  rtexit2.o(.ARM.Collect$$rtexit$$00000002)
    __rt_exit_exit                           0x00000193   Thumb Code     0  rtexit2.o(.ARM.Collect$$rtexit$$00000004)
    Reset_Handler                            0x00000199   Thumb Code     8  startup_lpc177x_8x.o(.text)
    NMI_Handler                              0x000001a1   Thumb Code     2  startup_lpc177x_8x.o(.text)
    HardFault_Handler                        0x000001a3   Thumb Code     2  startup_lpc177x_8x.o(.text)
    MemManage_Handler                        0x000001a5   Thumb Code     2  startup_lpc177x_8x.o(.text)
    BusFault_Handler                         0x000001a7   Thumb Code     2  startup_lpc177x_8x.o(.text)
    UsageFault_Handler                       0x000001a9   Thumb Code     2  startup_lpc177x_8x.o(.text)
    SVC_Handler                              0x000001ab   Thumb Code     2  startup_lpc177x_8x.o(.text)
    DebugMon_Handler                         0x000001ad   Thumb Code     2  startup_lpc177x_8x.o(.text)
    PendSV_Handler                           0x000001af   Thumb Code     2  startup_lpc177x_8x.o(.text)
    ADC_IRQHandler                           0x000001b3   Thumb Code     0  startup_lpc177x_8x.o(.text)
    BOD_IRQHandler                           0x000001b3   Thumb Code     0  startup_lpc177x_8x.o(.text)
    CANActivity_IRQHandler                   0x000001b3   Thumb Code     0  startup_lpc177x_8x.o(.text)
    CAN_IRQHandler                           0x000001b3   Thumb Code     0  startup_lpc177x_8x.o(.text)
    DMA_IRQHandler                           0x000001b3   Thumb Code     0  startup_lpc177x_8x.o(.text)
    EEPROM_IRQHandler                        0x000001b3   Thumb Code     0  startup_lpc177x_8x.o(.text)
    EINT0_IRQHandler                         0x000001b3   Thumb Code     0  startup_lpc177x_8x.o(.text)
    EINT1_IRQHandler                         0x000001b3   Thumb Code     0  startup_lpc177x_8x.o(.text)
    EINT2_IRQHandler                         0x000001b3   Thumb Code     0  startup_lpc177x_8x.o(.text)
    EINT3_IRQHandler                         0x000001b3   Thumb Code     0  startup_lpc177x_8x.o(.text)
    ENET_IRQHandler                          0x000001b3   Thumb Code     0  startup_lpc177x_8x.o(.text)
    GPIO_IRQHandler                          0x000001b3   Thumb Code     0  startup_lpc177x_8x.o(.text)
    I2C0_IRQHandler                          0x000001b3   Thumb Code     0  startup_lpc177x_8x.o(.text)
    I2C1_IRQHandler                          0x000001b3   Thumb Code     0  startup_lpc177x_8x.o(.text)
    I2C2_IRQHandler                          0x000001b3   Thumb Code     0  startup_lpc177x_8x.o(.text)
    I2S_IRQHandler                           0x000001b3   Thumb Code     0  startup_lpc177x_8x.o(.text)
    LCD_IRQHandler                           0x000001b3   Thumb Code     0  startup_lpc177x_8x.o(.text)
    MCI_IRQHandler                           0x000001b3   Thumb Code     0  startup_lpc177x_8x.o(.text)
    MCPWM_IRQHandler                         0x000001b3   Thumb Code     0  startup_lpc177x_8x.o(.text)
    PLL0_IRQHandler                          0x000001b3   Thumb Code     0  startup_lpc177x_8x.o(.text)
    PLL1_IRQHandler                          0x000001b3   Thumb Code     0  startup_lpc177x_8x.o(.text)
    PWM0_IRQHandler                          0x000001b3   Thumb Code     0  startup_lpc177x_8x.o(.text)
    PWM1_IRQHandler                          0x000001b3   Thumb Code     0  startup_lpc177x_8x.o(.text)
    QEI_IRQHandler                           0x000001b3   Thumb Code     0  startup_lpc177x_8x.o(.text)
    RTC_IRQHandler                           0x000001b3   Thumb Code     0  startup_lpc177x_8x.o(.text)
    SPIFI_IRQHandler                         0x000001b3   Thumb Code     0  startup_lpc177x_8x.o(.text)
    SSP0_IRQHandler                          0x000001b3   Thumb Code     0  startup_lpc177x_8x.o(.text)
    SSP1_IRQHandler                          0x000001b3   Thumb Code     0  startup_lpc177x_8x.o(.text)
    SSP2_IRQHandler                          0x000001b3   Thumb Code     0  startup_lpc177x_8x.o(.text)
    TIMER0_IRQHandler                        0x000001b3   Thumb Code     0  startup_lpc177x_8x.o(.text)
    TIMER1_IRQHandler                        0x000001b3   Thumb Code     0  startup_lpc177x_8x.o(.text)
    TIMER2_IRQHandler                        0x000001b3   Thumb Code     0  startup_lpc177x_8x.o(.text)
    TIMER3_IRQHandler                        0x000001b3   Thumb Code     0  startup_lpc177x_8x.o(.text)
    UART0_IRQHandler                         0x000001b3   Thumb Code     0  startup_lpc177x_8x.o(.text)
    UART1_IRQHandler                         0x000001b3   Thumb Code     0  startup_lpc177x_8x.o(.text)
    UART2_IRQHandler                         0x000001b3   Thumb Code     0  startup_lpc177x_8x.o(.text)
    UART3_IRQHandler                         0x000001b3   Thumb Code     0  startup_lpc177x_8x.o(.text)
    UART4_IRQHandler                         0x000001b3   Thumb Code     0  startup_lpc177x_8x.o(.text)
    USBActivity_IRQHandler                   0x000001b3   Thumb Code     0  startup_lpc177x_8x.o(.text)
    USB_IRQHandler                           0x000001b3   Thumb Code     0  startup_lpc177x_8x.o(.text)
    WDT_IRQHandler                           0x000001b3   Thumb Code     0  startup_lpc177x_8x.o(.text)
    __user_initial_stackheap                 0x000001b5   Thumb Code     0  startup_lpc177x_8x.o(.text)
    __2sprintf                               0x000001d9   Thumb Code    34  noretval__2sprintf.o(.text)
    __printf                                 0x00000201   Thumb Code   104  __printf.o(.text)
    __use_two_region_memory                  0x00000269   Thumb Code     2  heapauxi.o(.text)
    __rt_heap_escrow$2region                 0x0000026b   Thumb Code     2  heapauxi.o(.text)
    __rt_heap_expand$2region                 0x0000026d   Thumb Code     2  heapauxi.o(.text)
    _printf_char_common                      0x0000027b   Thumb Code    32  _printf_char_common.o(.text)
    _sputc                                   0x000002a1   Thumb Code    10  _sputc.o(.text)
    __rt_locale                              0x000002ad   Thumb Code     8  rt_locale_intlibspace.o(.text)
    __user_libspace                          0x000002b5   Thumb Code     8  libspace.o(.text)
    __user_perproc_libspace                  0x000002b5   Thumb Code     0  libspace.o(.text)
    __user_perthread_libspace                0x000002b5   Thumb Code     0  libspace.o(.text)
    exit                                     0x000002bd   Thumb Code    18  exit.o(.text)
    _sys_exit                                0x000002d1   Thumb Code     8  sys_exit.o(.text)
    __I$use$semihosting                      0x000002dd   Thumb Code     0  use_no_semi.o(.text)
    __use_no_semihosting_swi                 0x000002dd   Thumb Code     2  use_no_semi.o(.text)
    __semihosting_library_function           0x000002df   Thumb Code     0  indicate_semi.o(.text)
    check_status                             0x000002e1   Thumb Code    20  lcd_display.o(i.check_status)
    _printf_fp_dec                           0x000002f9   Thumb Code     4  printf1.o(x$fpl$printf1)
    __lib_sel_fp_printf                      0x00000301   Thumb Code     2  _printf_fp_dec.o(.text)
    _printf_fp_dec_real                      0x000004b3   Thumb Code   620  _printf_fp_dec.o(.text)
    _ll_udiv10                               0x0000071f   Thumb Code   138  lludiv10.o(.text)
    _printf_fp_infnan                        0x000007a9   Thumb Code   112  _printf_fp_infnan.o(.text)
    _btod_etento                             0x00000829   Thumb Code   224  bigflt0.o(.text)
    __user_setup_stackheap                   0x0000090d   Thumb Code    74  sys_stackheap_outer.o(.text)
    strcmp                                   0x00000959   Thumb Code   128  strcmpv7m.o(.text)
    _btod_d2e                                0x000009d9   Thumb Code    62  btod.o(CL$$btod_d2e)
    _d2e_denorm_low                          0x00000a17   Thumb Code    70  btod.o(CL$$btod_d2e_denorm_low)
    _d2e_norm_op1                            0x00000a5d   Thumb Code    96  btod.o(CL$$btod_d2e_norm_op1)
    __btod_div_common                        0x00000abd   Thumb Code   696  btod.o(CL$$btod_div_common)
    _e2e                                     0x00000df5   Thumb Code   220  btod.o(CL$$btod_e2e)
    _btod_ediv                               0x00000ed1   Thumb Code    42  btod.o(CL$$btod_ediv)
    _btod_emul                               0x00000efb   Thumb Code    42  btod.o(CL$$btod_emul)
    __btod_mult_common                       0x00000f25   Thumb Code   580  btod.o(CL$$btod_mult_common)
    delayms                                  0x00001169   Thumb Code    32  delay.o(DELAY)
    SysTick_Handler                          0x00001189   Thumb Code    26  led_p1_10_toggle.o(i.SysTick_Handler)
    SystemInit                               0x000011a9   Thumb Code   204  system_lpc177x_8x.o(i.SystemInit)
    __ARM_fpclassify                         0x00001281   Thumb Code    40  fpclassify.o(i.__ARM_fpclassify)
    clear_display                            0x000012a9   Thumb Code    34  lcd_display.o(i.clear_display)
    compass_init                             0x000012d1   Thumb Code   108  compass.o(i.compass_init)
    display_init                             0x00001349   Thumb Code   460  lcd_display.o(i.display_init)
    get_direction                            0x00001529   Thumb Code    58  compass.o(i.get_direction)
    get_distance                             0x00001569   Thumb Code   210  sensor.o(i.get_distance)
    init                                     0x00001649   Thumb Code    44  main.o(i.init)
    input_init                               0x0000167d   Thumb Code    12  input.o(i.input_init)
    main                                     0x00001689   Thumb Code   244  main.o(i.main)
    output_init                              0x000017d5   Thumb Code     8  output.o(i.output_init)
    send_command_0                           0x000017dd   Thumb Code    20  lcd_display.o(i.send_command_0)
    send_command_1                           0x000017f5   Thumb Code    36  lcd_display.o(i.send_command_1)
    send_command_2                           0x0000181d   Thumb Code    54  lcd_display.o(i.send_command_2)
    sensor_init                              0x00001859   Thumb Code    40  sensor.o(i.sensor_init)
    toggle_LED                               0x00001889   Thumb Code    36  led_p1_10_toggle.o(i.toggle_LED)
    write_text                               0x000018b5   Thumb Code    58  lcd_display.o(i.write_text)
    _get_lc_numeric                          0x000018f1   Thumb Code    44  lc_numeric_c.o(locale$$code)
    __fpl_dretinf                            0x0000191d   Thumb Code    12  dretinf.o(x$fpl$dretinf)
    __aeabi_f2d                              0x00001929   Thumb Code     0  f2d.o(x$fpl$f2d)
    _f2d                                     0x00001929   Thumb Code    86  f2d.o(x$fpl$f2d)
    __aeabi_fdiv                             0x00001981   Thumb Code     0  fdiv.o(x$fpl$fdiv)
    _fdiv                                    0x00001981   Thumb Code   384  fdiv.o(x$fpl$fdiv)
    __aeabi_i2f                              0x00001b05   Thumb Code     0  fflt_clz.o(x$fpl$fflt)
    _fflt                                    0x00001b05   Thumb Code    48  fflt_clz.o(x$fpl$fflt)
    __fpl_fnaninf                            0x00001b35   Thumb Code   140  fnaninf.o(x$fpl$fnaninf)
    __fpl_fretinf                            0x00001bc1   Thumb Code    10  fretinf.o(x$fpl$fretinf)
    __I$use$fp                               0x00001bca   Number         0  usenofp.o(x$fpl$usenofp)
    Region$$Table$$Base                      0x00001c60   Number         0  anon$$obj.o(Region$$Table)
    Region$$Table$$Limit                     0x00001c80   Number         0  anon$$obj.o(Region$$Table)
    sensoren                                 0x10000004   Data          12  sensor.o(.bss)
    distances                                0x10000010   Data          12  sensor.o(.bss)
    __libspace_start                         0x1000001c   Data          96  libspace.o(.bss)
    __temporary_stack_top$libspace           0x1000007c   Data           0  libspace.o(.bss)



==============================================================================

Memory Map of the image

  Image Entry point : 0x000000e5

  Load Region LR_IROM1 (Base: 0x00000000, Size: 0x00001ca0, Max: 0x00080000, ABSOLUTE)

    Execution Region ER_IROM1 (Exec base: 0x00000000, Load base: 0x00000000, Size: 0x00001c9c, Max: 0x00080000, ABSOLUTE)

    Exec Addr    Load Addr    Size         Type   Attr      Idx    E Section Name        Object

    0x00000000   0x00000000   0x000000e4   Data   RO            3    RESET               startup_lpc177x_8x.o
    0x000000e4   0x000000e4   0x00000008   Code   RO          331  * !!!main             c_w.l(__main.o)
    0x000000ec   0x000000ec   0x00000034   Code   RO          561    !!!scatter          c_w.l(__scatter.o)
    0x00000120   0x00000120   0x0000001a   Code   RO          563    !!handler_copy      c_w.l(__scatter_copy.o)
    0x0000013a   0x0000013a   0x00000002   PAD
    0x0000013c   0x0000013c   0x0000001c   Code   RO          565    !!handler_zi        c_w.l(__scatter_zi.o)
    0x00000158   0x00000158   0x00000000   Code   RO          328    .ARM.Collect$$_printf_percent$$00000000  c_w.l(_printf_percent.o)
    0x00000158   0x00000158   0x00000006   Code   RO          327    .ARM.Collect$$_printf_percent$$00000003  c_w.l(_printf_f.o)
    0x0000015e   0x0000015e   0x00000004   Code   RO          354    .ARM.Collect$$_printf_percent$$00000017  c_w.l(_printf_percent_end.o)
    0x00000162   0x00000162   0x00000002   Code   RO          434    .ARM.Collect$$libinit$$00000000  c_w.l(libinit.o)
    0x00000164   0x00000164   0x00000000   Code   RO          436    .ARM.Collect$$libinit$$00000002  c_w.l(libinit2.o)
    0x00000164   0x00000164   0x00000000   Code   RO          438    .ARM.Collect$$libinit$$00000004  c_w.l(libinit2.o)
    0x00000164   0x00000164   0x00000000   Code   RO          441    .ARM.Collect$$libinit$$0000000A  c_w.l(libinit2.o)
    0x00000164   0x00000164   0x00000000   Code   RO          443    .ARM.Collect$$libinit$$0000000C  c_w.l(libinit2.o)
    0x00000164   0x00000164   0x00000000   Code   RO          445    .ARM.Collect$$libinit$$0000000E  c_w.l(libinit2.o)
    0x00000164   0x00000164   0x00000006   Code   RO          446    .ARM.Collect$$libinit$$0000000F  c_w.l(libinit2.o)
    0x0000016a   0x0000016a   0x00000000   Code   RO          448    .ARM.Collect$$libinit$$00000011  c_w.l(libinit2.o)
    0x0000016a   0x0000016a   0x00000000   Code   RO          450    .ARM.Collect$$libinit$$00000013  c_w.l(libinit2.o)
    0x0000016a   0x0000016a   0x00000000   Code   RO          452    .ARM.Collect$$libinit$$00000015  c_w.l(libinit2.o)
    0x0000016a   0x0000016a   0x0000000a   Code   RO          453    .ARM.Collect$$libinit$$00000016  c_w.l(libinit2.o)
    0x00000174   0x00000174   0x00000000   Code   RO          454    .ARM.Collect$$libinit$$00000017  c_w.l(libinit2.o)
    0x00000174   0x00000174   0x00000000   Code   RO          456    .ARM.Collect$$libinit$$00000019  c_w.l(libinit2.o)
    0x00000174   0x00000174   0x00000000   Code   RO          458    .ARM.Collect$$libinit$$0000001B  c_w.l(libinit2.o)
    0x00000174   0x00000174   0x00000000   Code   RO          460    .ARM.Collect$$libinit$$0000001D  c_w.l(libinit2.o)
    0x00000174   0x00000174   0x00000000   Code   RO          462    .ARM.Collect$$libinit$$0000001F  c_w.l(libinit2.o)
    0x00000174   0x00000174   0x00000000   Code   RO          464    .ARM.Collect$$libinit$$00000021  c_w.l(libinit2.o)
    0x00000174   0x00000174   0x00000000   Code   RO          466    .ARM.Collect$$libinit$$00000023  c_w.l(libinit2.o)
    0x00000174   0x00000174   0x00000000   Code   RO          468    .ARM.Collect$$libinit$$00000025  c_w.l(libinit2.o)
    0x00000174   0x00000174   0x00000000   Code   RO          472    .ARM.Collect$$libinit$$0000002C  c_w.l(libinit2.o)
    0x00000174   0x00000174   0x00000000   Code   RO          474    .ARM.Collect$$libinit$$0000002E  c_w.l(libinit2.o)
    0x00000174   0x00000174   0x00000000   Code   RO          476    .ARM.Collect$$libinit$$00000030  c_w.l(libinit2.o)
    0x00000174   0x00000174   0x00000000   Code   RO          478    .ARM.Collect$$libinit$$00000032  c_w.l(libinit2.o)
    0x00000174   0x00000174   0x00000002   Code   RO          479    .ARM.Collect$$libinit$$00000033  c_w.l(libinit2.o)
    0x00000176   0x00000176   0x00000002   Code   RO          509    .ARM.Collect$$libshutdown$$00000000  c_w.l(libshutdown.o)
    0x00000178   0x00000178   0x00000000   Code   RO          520    .ARM.Collect$$libshutdown$$00000002  c_w.l(libshutdown2.o)
    0x00000178   0x00000178   0x00000000   Code   RO          522    .ARM.Collect$$libshutdown$$00000004  c_w.l(libshutdown2.o)
    0x00000178   0x00000178   0x00000000   Code   RO          525    .ARM.Collect$$libshutdown$$00000007  c_w.l(libshutdown2.o)
    0x00000178   0x00000178   0x00000000   Code   RO          528    .ARM.Collect$$libshutdown$$0000000A  c_w.l(libshutdown2.o)
    0x00000178   0x00000178   0x00000000   Code   RO          530    .ARM.Collect$$libshutdown$$0000000C  c_w.l(libshutdown2.o)
    0x00000178   0x00000178   0x00000000   Code   RO          533    .ARM.Collect$$libshutdown$$0000000F  c_w.l(libshutdown2.o)
    0x00000178   0x00000178   0x00000002   Code   RO          534    .ARM.Collect$$libshutdown$$00000010  c_w.l(libshutdown2.o)
    0x0000017a   0x0000017a   0x00000000   Code   RO          347    .ARM.Collect$$rtentry$$00000000  c_w.l(__rtentry.o)
    0x0000017a   0x0000017a   0x00000000   Code   RO          363    .ARM.Collect$$rtentry$$00000002  c_w.l(__rtentry2.o)
    0x0000017a   0x0000017a   0x00000006   Code   RO          375    .ARM.Collect$$rtentry$$00000004  c_w.l(__rtentry4.o)
    0x00000180   0x00000180   0x00000000   Code   RO          365    .ARM.Collect$$rtentry$$00000009  c_w.l(__rtentry2.o)
    0x00000180   0x00000180   0x00000004   Code   RO          366    .ARM.Collect$$rtentry$$0000000A  c_w.l(__rtentry2.o)
    0x00000184   0x00000184   0x00000000   Code   RO          368    .ARM.Collect$$rtentry$$0000000C  c_w.l(__rtentry2.o)
    0x00000184   0x00000184   0x00000008   Code   RO          369    .ARM.Collect$$rtentry$$0000000D  c_w.l(__rtentry2.o)
    0x0000018c   0x0000018c   0x00000002   Code   RO          480    .ARM.Collect$$rtexit$$00000000  c_w.l(rtexit.o)
    0x0000018e   0x0000018e   0x00000000   Code   RO          487    .ARM.Collect$$rtexit$$00000002  c_w.l(rtexit2.o)
    0x0000018e   0x0000018e   0x00000004   Code   RO          488    .ARM.Collect$$rtexit$$00000003  c_w.l(rtexit2.o)
    0x00000192   0x00000192   0x00000006   Code   RO          489    .ARM.Collect$$rtexit$$00000004  c_w.l(rtexit2.o)
    0x00000198   0x00000198   0x00000040   Code   RO            5    .text               startup_lpc177x_8x.o
    0x000001d8   0x000001d8   0x00000028   Code   RO          303    .text               c_w.l(noretval__2sprintf.o)
    0x00000200   0x00000200   0x00000068   Code   RO          305    .text               c_w.l(__printf.o)
    0x00000268   0x00000268   0x00000006   Code   RO          329    .text               c_w.l(heapauxi.o)
    0x0000026e   0x0000026e   0x00000002   PAD
    0x00000270   0x00000270   0x00000030   Code   RO          350    .text               c_w.l(_printf_char_common.o)
    0x000002a0   0x000002a0   0x0000000a   Code   RO          352    .text               c_w.l(_sputc.o)
    0x000002aa   0x000002aa   0x00000002   PAD
    0x000002ac   0x000002ac   0x00000008   Code   RO          380    .text               c_w.l(rt_locale_intlibspace.o)
    0x000002b4   0x000002b4   0x00000008   Code   RO          420    .text               c_w.l(libspace.o)
    0x000002bc   0x000002bc   0x00000012   Code   RO          425    .text               c_w.l(exit.o)
    0x000002ce   0x000002ce   0x00000002   PAD
    0x000002d0   0x000002d0   0x0000000c   Code   RO          499    .text               c_w.l(sys_exit.o)
    0x000002dc   0x000002dc   0x00000002   Code   RO          510    .text               c_w.l(use_no_semi.o)
    0x000002de   0x000002de   0x00000000   Code   RO          512    .text               c_w.l(indicate_semi.o)
    0x000002de   0x000002de   0x00000002   PAD
    0x000002e0   0x000002e0   0x00000018   Code   RO          172    i.check_status      lcd_display.o
    0x000002f8   0x000002f8   0x00000004   Code   RO          345    x$fpl$printf1       fz_ws.l(printf1.o)
    0x000002fc   0x000002fc   0x00000004   Code   RO            4    .ARM.__at_0x02FC    startup_lpc177x_8x.o
    0x00000300   0x00000300   0x0000041e   Code   RO          348    .text               c_w.l(_printf_fp_dec.o)
    0x0000071e   0x0000071e   0x0000008a   Code   RO          382    .text               c_w.l(lludiv10.o)
    0x000007a8   0x000007a8   0x00000080   Code   RO          384    .text               c_w.l(_printf_fp_infnan.o)
    0x00000828   0x00000828   0x000000e4   Code   RO          388    .text               c_w.l(bigflt0.o)
    0x0000090c   0x0000090c   0x0000004a   Code   RO          423    .text               c_w.l(sys_stackheap_outer.o)
    0x00000956   0x00000956   0x00000002   PAD
    0x00000958   0x00000958   0x00000080   Code   RO          427    .text               c_w.l(strcmpv7m.o)
    0x000009d8   0x000009d8   0x0000003e   Code   RO          391    CL$$btod_d2e        c_w.l(btod.o)
    0x00000a16   0x00000a16   0x00000046   Code   RO          393    CL$$btod_d2e_denorm_low  c_w.l(btod.o)
    0x00000a5c   0x00000a5c   0x00000060   Code   RO          392    CL$$btod_d2e_norm_op1  c_w.l(btod.o)
    0x00000abc   0x00000abc   0x00000338   Code   RO          401    CL$$btod_div_common  c_w.l(btod.o)
    0x00000df4   0x00000df4   0x000000dc   Code   RO          398    CL$$btod_e2e        c_w.l(btod.o)
    0x00000ed0   0x00000ed0   0x0000002a   Code   RO          395    CL$$btod_ediv       c_w.l(btod.o)
    0x00000efa   0x00000efa   0x0000002a   Code   RO          394    CL$$btod_emul       c_w.l(btod.o)
    0x00000f24   0x00000f24   0x00000244   Code   RO          400    CL$$btod_mult_common  c_w.l(btod.o)
    0x00001168   0x00001168   0x00000020   Code   RO          241    DELAY               delay.o
    0x00001188   0x00001188   0x00000020   Code   RO          247    i.SysTick_Handler   led_p1_10_toggle.o
    0x000011a8   0x000011a8   0x000000d8   Code   RO           26    i.SystemInit        system_lpc177x_8x.o
    0x00001280   0x00001280   0x00000028   Code   RO          418    i.__ARM_fpclassify  m_ws.l(fpclassify.o)
    0x000012a8   0x000012a8   0x00000028   Code   RO          173    i.clear_display     lcd_display.o
    0x000012d0   0x000012d0   0x00000078   Code   RO          275    i.compass_init      compass.o
    0x00001348   0x00001348   0x000001e0   Code   RO          174    i.display_init      lcd_display.o
    0x00001528   0x00001528   0x00000040   Code   RO          276    i.get_direction     compass.o
    0x00001568   0x00001568   0x000000e0   Code   RO          143    i.get_distance      sensor.o
    0x00001648   0x00001648   0x00000034   Code   RO           70    i.init              main.o
    0x0000167c   0x0000167c   0x0000000c   Code   RO          123    i.input_init        input.o
    0x00001688   0x00001688   0x0000014c   Code   RO           71    i.main              main.o
    0x000017d4   0x000017d4   0x00000008   Code   RO          226    i.output_init       output.o
    0x000017dc   0x000017dc   0x00000018   Code   RO          175    i.send_command_0    lcd_display.o
    0x000017f4   0x000017f4   0x00000028   Code   RO          176    i.send_command_1    lcd_display.o
    0x0000181c   0x0000181c   0x0000003c   Code   RO          177    i.send_command_2    lcd_display.o
    0x00001858   0x00001858   0x00000030   Code   RO          144    i.sensor_init       sensor.o
    0x00001888   0x00001888   0x0000002c   Code   RO          248    i.toggle_LED        led_p1_10_toggle.o
    0x000018b4   0x000018b4   0x0000003a   Code   RO          178    i.write_text        lcd_display.o
    0x000018ee   0x000018ee   0x00000002   PAD
    0x000018f0   0x000018f0   0x0000002c   Code   RO          414    locale$$code        c_w.l(lc_numeric_c.o)
    0x0000191c   0x0000191c   0x0000000c   Code   RO          355    x$fpl$dretinf       fz_ws.l(dretinf.o)
    0x00001928   0x00001928   0x00000056   Code   RO          333    x$fpl$f2d           fz_ws.l(f2d.o)
    0x0000197e   0x0000197e   0x00000002   PAD
    0x00001980   0x00001980   0x00000184   Code   RO          336    x$fpl$fdiv          fz_ws.l(fdiv.o)
    0x00001b04   0x00001b04   0x00000030   Code   RO          340    x$fpl$fflt          fz_ws.l(fflt_clz.o)
    0x00001b34   0x00001b34   0x0000008c   Code   RO          357    x$fpl$fnaninf       fz_ws.l(fnaninf.o)
    0x00001bc0   0x00001bc0   0x0000000a   Code   RO          359    x$fpl$fretinf       fz_ws.l(fretinf.o)
    0x00001bca   0x00001bca   0x00000000   Code   RO          361    x$fpl$usenofp       fz_ws.l(usenofp.o)
    0x00001bca   0x00001bca   0x00000002   PAD
    0x00001bcc   0x00001bcc   0x00000094   Data   RO          389    .constdata          c_w.l(bigflt0.o)
    0x00001c60   0x00001c60   0x00000020   Data   RO          559    Region$$Table       anon$$obj.o
    0x00001c80   0x00001c80   0x0000001c   Data   RO          413    locale$$data        c_w.l(lc_numeric_c.o)


    Execution Region RW_IRAM1 (Exec base: 0x10000000, Load base: 0x00001c9c, Size: 0x00000680, Max: 0x00010000, ABSOLUTE)

    Exec Addr    Load Addr    Size         Type   Attr      Idx    E Section Name        Object

    0x10000000   0x00001c9c   0x00000002   Data   RW          249    .data               led_p1_10_toggle.o
    0x10000002   0x00001c9e   0x00000002   PAD
    0x10000004        -       0x00000018   Zero   RW          145    .bss                sensor.o
    0x1000001c        -       0x00000060   Zero   RW          421    .bss                c_w.l(libspace.o)
    0x1000007c   0x00001c9e   0x00000004   PAD
    0x10000080        -       0x00000400   Zero   RW            2    HEAP                startup_lpc177x_8x.o
    0x10000480        -       0x00000200   Zero   RW            1    STACK               startup_lpc177x_8x.o


==============================================================================

Image component sizes


      Code (inc. data)   RO Data    RW Data    ZI Data      Debug   Object Name

       184         18          0          0          0        871   compass.o
         0          0          0          0          0       4508   core_cm3.o
        32          0          0          0          0        320   delay.o
        12          0          0          0          0        401   input.o
       726         44          0          0          0       3878   lcd_display.o
        76         14          0          2          0       1063   led_p1_10_toggle.o
       384         96          0          0          0       1106   main.o
         8          0          0          0          0        402   output.o
       272         22          0          0         24       1706   sensor.o
        68         30        228          0       1536        976   startup_lpc177x_8x.o
       216         12          0          0          0        489   system_lpc177x_8x.o

    ----------------------------------------------------------------------
      1980        236        260          4       1560      15720   Object Totals
         0          0         32          0          0          0   (incl. Generated)
         2          0          0          2          0          0   (incl. Padding)

    ----------------------------------------------------------------------

      Code (inc. data)   RO Data    RW Data    ZI Data      Debug   Library Member Name

         8          0          0          0          0         68   __main.o
       104          0          0          0          0         84   __printf.o
         0          0          0          0          0          0   __rtentry.o
        12          0          0          0          0          0   __rtentry2.o
         6          0          0          0          0          0   __rtentry4.o
        52          8          0          0          0          0   __scatter.o
        26          0          0          0          0          0   __scatter_copy.o
        28          0          0          0          0          0   __scatter_zi.o
        48          6          0          0          0         96   _printf_char_common.o
         6          0          0          0          0          0   _printf_f.o
      1054          0          0          0          0        216   _printf_fp_dec.o
       128         16          0          0          0         84   _printf_fp_infnan.o
         0          0          0          0          0          0   _printf_percent.o
         4          0          0          0          0          0   _printf_percent_end.o
        10          0          0          0          0         68   _sputc.o
       228          4        148          0          0         96   bigflt0.o
      1936        128          0          0          0        672   btod.o
        18          0          0          0          0         80   exit.o
         6          0          0          0          0        152   heapauxi.o
         0          0          0          0          0          0   indicate_semi.o
        44         10         28          0          0         76   lc_numeric_c.o
         2          0          0          0          0          0   libinit.o
        18          0          0          0          0          0   libinit2.o
         2          0          0          0          0          0   libshutdown.o
         2          0          0          0          0          0   libshutdown2.o
         8          4          0          0         96         68   libspace.o
       138          0          0          0          0         80   lludiv10.o
        40          6          0          0          0         84   noretval__2sprintf.o
         8          4          0          0          0         68   rt_locale_intlibspace.o
         2          0          0          0          0          0   rtexit.o
        10          0          0          0          0          0   rtexit2.o
       128          0          0          0          0         68   strcmpv7m.o
        12          4          0          0          0         68   sys_exit.o
        74          0          0          0          0         80   sys_stackheap_outer.o
         2          0          0          0          0         68   use_no_semi.o
        12          0          0          0          0         68   dretinf.o
        86          4          0          0          0         84   f2d.o
       388         76          0          0          0         96   fdiv.o
        48          0          0          0          0         68   fflt_clz.o
       140          4          0          0          0         84   fnaninf.o
        10          0          0          0          0         68   fretinf.o
         4          0          0          0          0         68   printf1.o
         0          0          0          0          0          0   usenofp.o
        40          0          0          0          0         68   fpclassify.o

    ----------------------------------------------------------------------
      4908        274        176          0        100       2880   Library Totals
        16          0          0          0          4          0   (incl. Padding)

    ----------------------------------------------------------------------

      Code (inc. data)   RO Data    RW Data    ZI Data      Debug   Library Name

      4164        190        176          0         96       2276   c_w.l
       688         84          0          0          0        536   fz_ws.l
        40          0          0          0          0         68   m_ws.l

    ----------------------------------------------------------------------
      4908        274        176          0        100       2880   Library Totals

    ----------------------------------------------------------------------

==============================================================================


      Code (inc. data)   RO Data    RW Data    ZI Data      Debug   

      6888        510        436          4       1660      16152   Grand Totals
      6888        510        436          4       1660      16152   ELF Image Totals
      6888        510        436          4          0          0   ROM Totals

==============================================================================

    Total RO  Size (Code + RO Data)                 7324 (   7.15kB)
    Total RW  Size (RW Data + ZI Data)              1664 (   1.63kB)
    Total ROM Size (Code + RO Data + RW Data)       7328 (   7.16kB)

==============================================================================

